line 3: False
line 15: Not
line 33: Decidable
line 49: Eq
Eq is predeclared
line 67: DecidableEq
line 74: Nat
Nat is predeclared
line 91: List
line 105: And
And is predeclared
line 113: LE
line 113: LE.(field).le
line 124: LE.le
line 144: Nat.le
Nat_le is predeclared
line 151: instLENat
line 151: LE_inst1.(field).le0
line 159: LT
line 159: LT.(field).lt
line 167: LT.lt
line 173: Nat.lt
line 181: instLTNat
line 181: LT_inst1.(field).lt0
line 185: outParam
line 208: Membership
line 208: Membership.(field).mem
line 221: Membership.mem
line 255: List.Mem
line 271: List.instMembership
line 275: PUnit
line 293: PProd
line 293: PProd.(field).snd
line 293: PProd.(field).fst
line 325: List.below
line 404: List.brecOn.go
line 419: List.brecOn
line 422: Unit
line 457: List.casesOn
line 461: Unit.unit
line 544: List.flatten.match_1
line 614: List.append.match_1
line 675: List.append._f
line 694: List.append
line 741: List.flatten._f
line 752: List.flatten
line 800: instDecidableEqList.match_1
line 871: List.map._f
line 890: List.map
line 916: HAdd
line 916: HAdd.(field).hAdd
line 932: HAdd.hAdd
line 942: Add
line 942: Add.(field).add
line 952: Add.add
line 984: instHAdd
line 1006: Nat.below
line 1056: Nat.brecOn.go
line 1068: Nat.brecOn
line 1091: Nat.casesOn
line 1146: Nat.add.match_1
line 1180: Nat.add._f
line 1191: Nat.add
Nat_add is predeclared
line 1199: instAddNat
line 1199: Add_inst1.(field).add0
line 1215: OfNat
line 1215: OfNat.(field).ofNat
line 1226: OfNat.ofNat
line 1237: instOfNatNat
line 1237: OfNat_inst1.(field).ofNat0
line 1308: List.range.loop.match_1
line 1344: List.range.loop._f
line 1353: List.range.loop
line 1361: List.range
line 1373: HSub
line 1373: HSub.(field).hSub
line 1387: HSub.hSub
line 1395: Sub
line 1395: Sub.(field).sub
line 1403: Sub.sub
line 1431: instHSub
line 1462: Nat.mul.match_1
line 1493: Nat.pow.match_1
line 1515: Nat.pred
line 1542: Nat.sub._f
line 1548: Nat.sub
line 1556: instSubNat
line 1556: Sub_inst1.(field).sub0
line 1606: Prosa.Util.Notation.bigCat
line 1606: HAdd_inst7.(field).hAdd0
line 1606: HSub_inst7.(field).hSub0
line 1667: Prosa.Util.Bigcat.mem_bigcat_nat
line 1680: Exists
line 1680: Exists.(field).h
line 1680: Exists.(field).w
line 1716: Prosa.Util.Bigcat.mem_bigcat_nat_exists
line 1727: Fin
Fin is predeclared
line 1735: Fin.val
line 1844: Fin.foldr.loop.match_1
line 1896: Nat.le.below
line 1954: Nat.le.brecOn
line 2048: Nat.le.below.casesOn
line 2061: HEq
line 2105: Eq.ndrec
line 2117: rfl
line 2159: Eq.symm
line 2188: cast
line 2283: eq_of_heq
line 2916: _private.Init.Prelude0.Nat.le_trans.match_1_10
Eq_inst1 is predeclared
line 3004: Nat.le_trans
line 3013: Nat.le_succ
line 3031: Nat.le_of_succ_le
line 3043: Nat.le_of_lt
line 3118: Fin.foldr.loop._f
line 3145: Fin.foldr.loop
line 3150: Nat.le_refl
line 3168: Fin.foldr
line 3209: List.ofFn
line 3224: Prosa.Util.Bigcat.bigCatFin
line 3259: Prosa.Util.Bigcat.mem_bigcat_ord
line 3296: List.Pairwise
line 3303: Ne
line 3326: List.Nodup
line 3365: Prosa.Util.Bigcat.bigcat_nat_uniq
line 3370: Bool
line 3373: List.getLast__q.match_1
line 3396: Bool.casesOn
line 3422: List.filter.match_1
line 3486: List.filter._f
line 3500: List.filter
line 3529: Prosa.Util.Bigcat.bigcat_nat_filter_eq_filter_bigcat_nat
line 3591: List.foldr._f
line 3612: List.foldr
line 3669: List.length._f
line 3681: List.length
line 3688: optParam
line 3762: List.range'.match_1
line 3805: List.range'._f
line 3823: List.range'
line 3863: Prosa.Util.Bigcat.size_big_nat
line 3885: List.flatMap
line 3901: Prosa.Util.Bigcat.bigCatSeqAll
line 3950: Prosa.Util.Bigcat.mem_bigcat
line 3969: Prosa.Util.Bigcat.bigCatSeq
line 4014: Prosa.Util.Bigcat.mem_bigcat_exists
line 4047: Prosa.Util.Bigcat.bigcat_filter_eq_filter_bigcat
line 4107: Prosa.Util.Bigcat.bigcat_uniq
line 4144: Decidable.casesOn
line 4166: Decidable.decide
line 4216: Prosa.Util.Bigcat.seq_different_elements_nil
line 4259: Prosa.Util.Bigcat.bigcat_seq_uniqK
line 4268: BEq
line 4268: BEq.(field).beq
line 4277: BEq.beq
line 4303: ReflBEq
line 4303: BEq_inst1.(field).beq0
line 4303: ReflBEq.(field).rfl0
line 4337: LawfulBEq
line 4337: LawfulBEq.(field).eq_of_beq
line 4337: LawfulBEq.(field).toReflBEq
line 4350: Iff
line 4350: Iff.(field).mpr
line 4350: Iff.(field).mp
line 4377: dite
line 4388: Iff.mp
line 4407: absurd
line 4416: Iff.mpr
line 4442: decidable_of_decidable_of_iff._proof_1
line 4480: decidable_of_decidable_of_iff
line 4555: List.elem._f
line 4573: List.elem
line 4639: Bool.decEq.match_1
line 4658: Bool.noConfusionType
line 4695: Bool.noConfusion
line 4743: Bool.decEq
line 4748: instDecidableEqBool
line 4779: _private.Init.Data.List.Basic0.List.mem_of_elem_eq_true.match_1_1
line 4783: True
line 4786: trivial
line 4821: of_eq_true
line 4861: Eq.trans
line 4934: implies_congr
line 4941: propext
line 4956: False.elim
line 4983: eq_false
line 4992: eq_false'
line 5068: Nat.beq.match_1
line 5108: Nat.beq._f
line 5118: Nat.beq
line 5144: _private.Init.Prelude0.noConfusion_of_Nat.aux.match_1_1
line 5183: _private.Init.Prelude0.noConfusion_of_Nat.aux._f
line 5183: PProd_inst1.(field).snd0
line 5183: PProd_inst1.(field).fst0
line 5191: _private.Init.Prelude0.noConfusion_of_Nat.aux
line 5231: congrArg
line 5278: noConfusion_of_Nat
line 5292: Bool.ctorIdx
line 5311: eq_true
line 5321: false_implies
line 5327: id
line 5332: _private.Init.Data.List.Basic0.List.filter.match_1.splitter
line 5334: Eq.mp
line 5345: LawfulBEq.eq_of_beq
line 5379: Eq.casesOn
line 5524: _private.Init.Core0.beq_of_eq.match_1_1
line 5542: ReflBEq.rfl
line 5558: BEq.rfl
line 5611: beq_of_eq
line 5622: LawfulBEq.toReflBEq
line 5670: beq_iff_eq
line 5693: beq_iff_eq._simp_1
line 6069: List.mem_of_elem_eq_true._f
line 6099: List.mem_of_elem_eq_true
line 6144: congrFun'
line 6157: eq_self
line 6357: List.elem_eq_true_of_mem
line 6408: List.instDecidableMemOfLawfulBEq._proof_1
line 6434: List.instDecidableMemOfLawfulBEq
line 6456: instBEqOfDecidableEq
line 6512: _private.Init.Prelude0.of_decide_eq_self_eq_true.match_1_1
line 6562: of_decide_eq_self_eq_true
line 6601: _private.Init.Prelude0.of_decide_eq_true.match_1_1
line 6652: _private.Init.Prelude0.ne_true_of_eq_false.match_1_1
line 6677: ne_true_of_eq_false
line 6740: _private.Init.Prelude0.decide_eq_false.match_1_1
line 6785: decide_eq_false
line 6821: of_decide_eq_true
line 6864: instLawfulBEq
line 6884: Bool.and.match_1
line 6896: Bool.and
line 6970: Prosa.Util.Bigcat.bigcat_partitions
line 6977: Zero
line 6977: Zero.(field).zero
line 6985: Zero.zero
line 7008: Zero.toOfNat0
line 7024: AddZero
line 7024: AddZero.(field).toAdd
line 7024: AddZero.(field).toZero
line 7033: AddZero.toZero
line 7040: AddZero.toAdd
line 7102: AddZeroClass
line 7102: AddZeroClass.(field).add_zero
line 7102: AddZeroClass.(field).zero_add
line 7102: AddZeroClass.(field).toAddZero
line 7111: AddZeroClass.toAddZero
line 7140: AddSemigroup
line 7140: AddSemigroup.(field).add_assoc
line 7140: AddSemigroup.(field).toAdd0
line 7148: AddSemigroup.toAdd
line 7157: NSMul
line 7157: NSMul.(field).nsmul
line 7165: Array
line 7165: Array.(field).toList
line 7177: HPow
line 7177: HPow.(field).hPow
line 7191: HPow.hPow
line 7203: Pow
line 7203: Pow.(field).pow
line 7216: Pow.pow
line 7248: instHPow
line 7257: NatPow
line 7257: NatPow.(field).pow0
line 7267: NatPow.pow
line 7293: instPowNat
line 7293: Pow_inst2.(field).pow1
line 7311: Nat.mul._f
line 7317: Nat.mul
Nat_mul is predeclared
line 7345: Nat.pow._f
line 7353: Nat.pow
Nat_pow is predeclared
line 7361: instNatPowNat
line 7361: NatPow_inst1.(field).pow2
line 7389: BitVec
BitVec is predeclared
line 7400: UInt8
line 7400: UInt8.(field).toBitVec
line 7408: ByteArray
line 7408: Array_inst1.(field).toList0
line 7408: ByteArray.(field).data
line 7418: UInt32
UInt32 is predeclared
line 7431: Or
Or is predeclared
line 7454: Nat.isValidChar
Nat_isValidChar is predeclared
line 7464: BitVec.toFin
line 7464: HPow_inst7.(field).hPow0
line 7464: Pow_inst3.(field).pow3
line 7475: BitVec.toNat
line 7480: UInt32.toBitVec
line 7489: UInt32.toNat
line 7497: UInt32.isValidChar
line 7506: Char
Char is predeclared
line 7568: List.toByteArray.match_1
line 7588: ByteArray.casesOn
line 7637: ByteArray.push.match_1
line 7674: List.concat.match_1
line 7724: List.concat._f
line 7739: List.concat
line 7747: Array.toList
line 7766: Array.push
line 7788: ByteArray.push
line 7829: List.toByteArray.loop._f
line 7840: List.toByteArray.loop
line 7848: Array.emptyWithCapacity
line 7858: Array.empty
line 7865: ByteArray.emptyWithCapacity
line 7869: ByteArray.empty
line 7876: List.toByteArray
line 7881: Char.val
line 7902: ite
line 7963: Nat.ble.match_1
line 7979: Nat.ble._f
line 7985: Nat.ble
line 8145: _private.Init.Prelude0.Nat.le_of_ble_eq_true.match_1_1
line 8148: _private.Init.Prelude0.Nat.zero_le.match_1_1
line 8189: Nat.zero_le._f
line 8196: Nat.zero_le
line 8636: _private.Init.Prelude0.Nat.succ_le_succ.match_1_7
line 8698: Nat.succ_le_succ
line 8755: Nat.le_of_ble_eq_true._f
line 8767: Nat.le_of_ble_eq_true
line 9141: _private.Init.Prelude0.Nat.ble_eq_true_of_le.match_1_7
line 9157: _private.Init.Prelude0.Nat.ble_self_eq_true.match_1_1
line 9191: Nat.ble_self_eq_true._f
line 9198: Nat.ble_self_eq_true
line 9201: _private.Init.Prelude0.Nat.ble_succ_eq_true.match_1_1
line 9285: Nat.ble_succ_eq_true._f
line 9296: Nat.ble_succ_eq_true
line 9364: Nat.ble_eq_true_of_le
line 9386: Nat.not_le_of_not_ble_eq_true
line 9414: Nat.decLe
line 9426: HMod
line 9426: HMod.(field).hMod
line 9440: HMod.hMod
line 9448: Mod
line 9448: Mod.(field).mod
line 9456: Mod.mod
line 9484: instHMod
line 9494: namedPattern
line 9555: Nat.mod.match_1
line 9569: Nat.decLt
line 9602: Nat.le.casesOn
line 9611: Nat.ctorIdx
line 9741: Nat.div.go.match_1
line 9756: Nat.lt_of_lt_of_le
line 9791: And.casesOn
line 9861: _private.Init.Prelude0.Nat.div_rec_lemma.match_1_1
line 9990: _private.Init.Prelude0.Nat.sub_lt.match_1_1
line 9993: _private.Init.Prelude0.Nat.not_succ_le_self.match_1_1
line 10022: Nat.noConfusionType
line 10061: Nat.noConfusion
line 10121: Nat.not_succ_le_zero
line 10355: _private.Init.Prelude0.Nat.pred_le_pred.match_1_1
line 10399: Nat.pred_le_pred
line 10410: Nat.le_of_succ_le_succ
line 10467: Nat.not_succ_le_self._f
line 10474: Nat.not_succ_le_self
line 10482: Nat.lt_irrefl
line 10492: Nat.lt_succ_of_le
line 10495: _private.Init.Prelude0.Nat.pred_le.match_1_1
line 10528: Nat.pred_le
line 10567: Nat.sub_le
line 10606: Nat.succ_sub_succ_eq_sub
line 10696: Nat.sub_lt
line 10730: Nat.div_rec_lemma
line 10740: Nat.le_of_lt_succ
line 10775: Nat.div_rec_fuel_lemma
line 10842: Nat.modCore.go._f
line 10859: Nat.modCore.go
line 10865: Nat.lt_add_one
line 10872: Nat.lt_succ_self
line 10895: Nat.modCore
line 10923: Nat.mod
line 10931: Nat.instMod
line 10931: Mod_inst1.(field).mod0
line 11073: _private.Init.Prelude0.Nat.mod_lt.match_1_3
line 11081: Nat.zero_lt_succ
line 11127: _private.Init.Prelude0.Nat.mod_lt.match_1_1
line 11178: _private.Init.Prelude0.Nat.modCore_lt.match_1_1
line 11185: Nat.not_lt_zero
line 11233: _private.Init.Prelude0.Nat.modCoreGo_lt.match_1_1
line 11273: Or.casesOn
line 11297: _private.Init.Prelude0.Or.elim.match_1_1
line 11320: Or.elim
line 11348: Or.resolve_right
line 11364: GE.ge
line 11367: _private.Init.Prelude0.Nat.lt_or_ge.match_1_5
line 11431: _private.Init.Prelude0.Nat.lt_or_ge.match_1_3
line 11443: Nat.le_succ_of_le
line 11494: _private.Init.Prelude0.Nat.lt_or_ge.match_1_1
line 11608: _private.Init.Prelude0.Nat.eq_or_lt_of_le.match_1_3
line 11657: _private.Init.Prelude0.Nat.eq_or_lt_of_le.match_1_1
line 11788: Nat.eq_or_lt_of_le._f
line 11799: Nat.eq_or_lt_of_le
line 11910: Nat.lt_or_ge._f
line 11920: Nat.lt_or_ge
line 11938: Nat.lt_of_not_le
line 12065: Nat.modCoreGo_lt
line 12137: Nat.modCore_lt
line 12222: Nat.mod_lt
line 12222: HMod_inst7.(field).hMod0
line 12241: Fin.Internal.ofNat
line 12287: _private.Init.Prelude0.Nat.pow_pos.match_1_1
line 12299: HMul
line 12299: HMul.(field).hMul
line 12313: HMul.hMul
line 12321: Mul
line 12321: Mul.(field).mul
line 12329: Mul.mul
line 12357: instHMul
line 12364: instMulNat
line 12364: Mul_inst1.(field).mul0
line 12457: _private.Init.Prelude0.Nat.mul_pos.match_1_1
line 12525: _private.Init.Prelude0.Nat.add_pos_right.match_1_1
line 12561: Nat.add_pos_right
line 12617: Nat.mul_pos
line 12617: HMul_inst7.(field).hMul0
line 12682: Nat.pow_pos._f
line 12703: Nat.pow_pos
line 12714: BitVec.ofNat._proof_1
line 12728: BitVec.ofNat
line 12737: UInt8.ofNat
line 12749: HDiv
line 12749: HDiv.(field).hDiv
line 12763: HDiv.hDiv
line 12771: Div
line 12771: Div.(field).div
line 12779: Div.div
line 12807: instHDiv
line 12831: Nat.div.go._f
line 12843: Nat.div.go
line 12857: Nat.div
line 12865: Nat.instDiv
line 12865: Div_inst1.(field).div0
line 12995: String.utf8EncodeChar
line 12995: HDiv_inst7.(field).hDiv0
line 13008: List.utf8Encode
line 13022: ByteArray.IsValidUTF8
line 13022: ByteArray_IsValidUTF8.(field).hm
line 13022: ByteArray_IsValidUTF8.(field).m
line 13030: String
line 13030: String.(field).isValidUTF8
line 13030: String.(field).toByteArray
line 13037: String.Pos.Raw
line 13037: String_Pos_Raw.(field).byteIdx
line 13048: Substring.Raw
line 13048: Substring_Raw.(field).stopPos
line 13048: Substring_Raw.(field).startPos
line 13048: Substring_Raw.(field).str
line 13069: Lean.SourceInfo
line 13080: Lean.Name
line 13082: Lean.SyntaxNodeKind
line 13094: Lean.Syntax.Preresolved
line 13117: Lean.Syntax
line 13124: autoParam
line 13136: HSMul
line 13136: HSMul.(field).hSMul
line 13150: HSMul.hSMul
line 13160: SMul
line 13160: SMul.(field).smul
line 13172: SMul.smul
line 13200: instHSMul
line 13209: NSMul.nsmul
line 13239: NSMul.toSMul
line 13239: SMul_inst1.(field).smul0
line 13262: Lean.Name.mkStr4
line 13266: Lean.Name.mkStr1
line 13273: Lean.mkAtom
line 13328: AddMonoid.nsmul_zero._autoParam
line 13331: AddMonoid.nsmul_succ._autoParam
line 13429: AddMonoid
line 13429: HSMul_inst1.(field).hSMul0
line 13429: AddMonoid.(field).nsmul_succ
line 13429: AddMonoid.(field).nsmul_zero
line 13429: AddMonoid.(field).toNSMul
line 13429: AddMonoid.(field).add_zero0
line 13429: AddMonoid.(field).zero_add0
line 13429: AddMonoid.(field).toZero0
line 13429: AddMonoid.(field).toAddSemigroup
line 13437: AddMonoid.toZero
line 13445: AddMonoid.toAddSemigroup
line 13469: AddMonoid.zero_add
line 13481: AddMonoid.add_zero
line 13509: AddMonoid.toAddZeroClass
line 13532: AddCommMonoid
line 13532: AddCommMonoid.(field).add_comm
line 13532: AddCommMonoid.(field).toAddMonoid
line 13541: AddCommMonoid.toAddMonoid
line 13543: inferInstance
line 13561: Function.Injective
line 13597: IsAddLeftRegular
line 13618: IsLeftCancelAdd
line 13618: IsLeftCancelAdd.(field).add_left_cancel
line 13635: AddCancelCommMonoid
line 13635: AddCancelCommMonoid.(field).toIsLeftCancelAdd
line 13635: AddCancelCommMonoid.(field).toAddCommMonoid
line 13644: AddCancelCommMonoid.toAddCommMonoid
line 13721: _private.Init.Data.Nat.Basic0.Nat.add_assoc.match_1_1
line 13797: Nat.add_assoc._f
line 13814: Nat.add_assoc
line 13817: _private.Init.Data.Nat.Basic0.Nat.zero_add.match_1_1
line 13869: Nat.zero_add._f
line 13876: Nat.zero_add
line 13884: Nat.add_zero
line 13887: _private.Init.Data.Nat.Basic0.Nat.zero_mul.match_1_1
line 13901: Nat.mul_succ
line 13992: Nat.zero_mul._f
line 13999: Nat.zero_mul
line 14016: Nat.recAux
line 14046: Eq.mpr
line 14057: Nat.add_succ
line 14090: _private.Init.Data.Nat.Basic0.Nat.add_comm.match_1_1
line 14093: _private.Init.Data.Nat.Basic0.Nat.succ_add.match_1_1
line 14173: Nat.succ_add._f
line 14186: Nat.succ_add
line 14272: Nat.add_comm._f
line 14284: Nat.add_comm
line 14358: Nat.add_right_comm
line 14538: Nat.succ_mul
line 14606: congr
line 14627: iff_of_true
line 14639: iff_true_intro
line 14649: imp_self
line 14660: imp_self._simp_1
line 14677: Eq.propIntro
line 14692: Nat.succ.inj
line 14711: Nat.succ.injEq
line 14817: Nat.add_left_cancel
line 14843: Nat.instAddCancelCommMonoid._proof_1
line 14843: IsLeftCancelAdd_inst1.(field).add_left_cancel0
line 14879: Nat.instAddCancelCommMonoid
line 14879: AddSemigroup_inst1.(field).add_assoc0
line 14879: AddSemigroup_inst1.(field).toAdd1
line 14879: Zero_inst1.(field).zero0
line 14879: NSMul_inst1.(field).nsmul0
line 14879: HSMul_inst7.(field).hSMul1
line 14879: SMul_inst3.(field).smul1
line 14879: AddMonoid_inst1.(field).nsmul_succ0
line 14879: AddMonoid_inst1.(field).nsmul_zero0
line 14879: AddMonoid_inst1.(field).toNSMul0
line 14879: AddMonoid_inst1.(field).add_zero1
line 14879: AddMonoid_inst1.(field).zero_add1
line 14879: AddMonoid_inst1.(field).toZero1
line 14879: AddMonoid_inst1.(field).toAddSemigroup0
line 14879: AddCommMonoid_inst1.(field).add_comm0
line 14879: AddCommMonoid_inst1.(field).toAddMonoid0
line 14879: AddCancelCommMonoid_inst1.(field).toIsLeftCancelAdd0
line 14879: AddCancelCommMonoid_inst1.(field).toAddCommMonoid0
line 14890: Nat.instAddCommMonoid
line 14894: Preorder.lt_iff_le_not_ge._autoParam
line 14955: Preorder
line 14955: Preorder.(field).lt_iff_le_not_ge
line 14955: Preorder.(field).le_trans
line 14955: Preorder.(field).le_refl
line 14955: Preorder.(field).toLT
line 14955: Preorder.(field).toLE
line 14964: Preorder.toLE
line 14994: PartialOrder
line 14994: PartialOrder.(field).le_antisymm
line 14994: PartialOrder.(field).toPreorder
line 15038: ExistsAddOfLE
line 15038: ExistsAddOfLE.(field).exists_add_of_le
line 15099: CanonicallyOrderedAdd
line 15099: CanonicallyOrderedAdd.(field).le_self_add
line 15099: CanonicallyOrderedAdd.(field).le_add_self
line 15099: CanonicallyOrderedAdd.(field).toExistsAddOfLE
line 15117: AddCommMagma
line 15117: AddCommMagma.(field).add_comm1
line 15117: AddCommMagma.(field).toAdd2
line 15125: AddCommMagma.toAdd
line 15141: AddCommSemigroup
line 15141: AddCommSemigroup.(field).add_comm2
line 15141: AddCommSemigroup.(field).toAddSemigroup1
line 15149: AddCommSemigroup.toAddSemigroup
line 15170: AddCommSemigroup.add_comm
line 15187: AddCommSemigroup.toAddCommMagma
line 15208: AddCommMonoid.add_comm
line 15222: AddCommMonoid.toAddCommSemigroup
line 15231: PartialOrder.toPreorder
line 15287: OrderedSub
line 15287: OrderedSub.(field).tsub_le_iff_right
line 15306: IsBot
line 15339: IsBotZeroClass
line 15339: IsBotZeroClass.(field).isBot_zero
line 15355: flip
line 15379: PartialOrder.le_antisymm
line 15422: le_antisymm
line 15452: ge_antisymm
line 15455: LE.le.antisymm'
line 15469: Preorder.le_refl
line 15490: le_refl
line 15538: le_of_eq
line 15541: Eq.le
line 15582: LE.le.ge_iff_eq'
line 15604: IsBotZeroClass.isBot_zero
line 15620: isBot_zero
line 15652: zero_le
line 15699: nonpos_iff_eq_zero
line 15749: le_of_le_of_eq
line 15752: LE.le.trans_eq
line 15771: CanonicallyOrderedAdd.le_self_add
line 15813: le_self_add
line 15834: AddZeroClass.zero_add
line 15844: zero_add
line 15914: instIsBotZeroClass
line 15955: OrderedSub.tsub_le_iff_right
line 16021: tsub_le_iff_right
line 16041: AddCommMagma.add_comm
line 16068: add_comm
line 16078: Iff.refl
line 16083: Iff.rfl
line 16212: tsub_le_iff_left
line 16224: AddZeroClass.add_zero
line 16234: add_zero
line 16422: tsub_eq_zero_iff_le
line 16476: tsub_eq_zero_of_le
line 16488: le_rfl
line 16551: tsub_self
line 16559: Min
line 16559: Min.(field).min
line 16567: Max
line 16567: Max.(field).max
line 16573: Ordering
line 16583: Ord
line 16583: Ord.(field).compare
line 16595: DecidableRel
line 16613: DecidableLE
line 16627: DecidableLT
line 16634: Preorder.toLT
line 16642: Min.min
line 16646: LinearOrder.min_def._autoParam
line 16654: Max.max
line 16657: LinearOrder.max_def._autoParam
line 16667: Ord.compare
line 16716: compareOfLessAndEq
line 16732: LinearOrder.compare_eq_compareOfLessAndEq._autoParam
line 16872: LinearOrder
line 16872: LinearOrder.(field).compare_eq_compareOfLessAndEq
line 16872: LinearOrder.(field).max_def
line 16872: LinearOrder.(field).min_def
line 16872: LinearOrder.(field).toDecidableLT
line 16872: LinearOrder.(field).toDecidableEq
line 16872: LinearOrder.(field).toDecidableLE
line 16872: LinearOrder.(field).le_total
line 16872: LinearOrder.(field).toOrd
line 16872: LinearOrder.(field).toMax
line 16872: LinearOrder.(field).toMin
line 16872: LinearOrder.(field).toPartialOrder
line 16881: LinearOrder.toPartialOrder
line 16896: GT.gt
line 16899: _private.Init.Data.Nat.Basic0.Nat.not_le_of_gt.match_1_1
line 16917: Nat.lt_trans
line 17108: _private.Init.Prelude0.Nat.le_antisymm.match_1_1
line 17127: Nat.lt_of_le_of_lt
line 17170: Nat.le_antisymm
line 17191: Eq.subst
line 17258: Nat.not_le_of_gt
line 17323: _private.Init.Data.Nat.Basic0.Nat.lt_iff_le_and_not_ge.match_1_1
line 17330: Nat.gt_of_not_le
line 17356: Nat.lt_of_not_ge
line 17397: Nat.lt_iff_le_and_not_ge
line 17431: minOfLe
line 17439: instMinNat
line 17439: Min_inst1.(field).min0
line 17461: maxOfLe
line 17469: Nat.instMax
line 17469: Max_inst1.(field).max0
line 17500: Nat.decEq.match_1
line 17633: _private.Init.Prelude0.Nat.eq_of_beq_eq_true.match_1_1
line 17703: Nat.eq_of_beq_eq_true._f
line 17714: Nat.eq_of_beq_eq_true
line 17902: _private.Init.Prelude0.Nat.ne_of_beq_eq_false.match_1_1
line 17990: Nat.ne_of_beq_eq_false._f
line 18006: Nat.ne_of_beq_eq_false
line 18038: Nat.decEq
line 18042: instDecidableEqNat
line 18061: instOrdNat
line 18061: Ord_inst1.(field).compare0
line 18064: _private.Init.Data.Nat.Basic0.Nat.le_total.match_1_1
line 18095: Nat.le_total
line 18138: Nat.instLinearOrder._proof_1
line 18157: Nat.instLinearOrder._proof_2
line 18187: Nat.instLinearOrder._proof_3
line 18219: Nat.instLinearOrder
line 18219: Preorder_inst1.(field).lt_iff_le_not_ge0
line 18219: Preorder_inst1.(field).le_trans0
line 18219: Preorder_inst1.(field).le_refl1
line 18219: Preorder_inst1.(field).toLT0
line 18219: Preorder_inst1.(field).toLE0
line 18219: PartialOrder_inst1.(field).le_antisymm1
line 18219: PartialOrder_inst1.(field).toPreorder0
line 18219: LinearOrder_inst1.(field).compare_eq_compareOfLessAndEq0
line 18219: LinearOrder_inst1.(field).max_def0
line 18219: LinearOrder_inst1.(field).min_def0
line 18219: LinearOrder_inst1.(field).toDecidableLT0
line 18219: LinearOrder_inst1.(field).toDecidableEq0
line 18219: LinearOrder_inst1.(field).toDecidableLE0
line 18219: LinearOrder_inst1.(field).le_total0
line 18219: LinearOrder_inst1.(field).toOrd0
line 18219: LinearOrder_inst1.(field).toMax0
line 18219: LinearOrder_inst1.(field).toMin0
line 18219: LinearOrder_inst1.(field).toPartialOrder0
line 18229: Nat.instPartialOrder
line 18344: _private.Init.Data.Nat.Basic0.Nat.sub_ne_zero_of_lt.match_1_1
line 18351: not_false_eq_true
line 18381: Nat.succ_ne_zero
line 18392: _private.Init.Data.Nat.Basic0.Nat.sub_ne_zero_of_lt._simp_1_3
line 18398: Nat.succ_sub_succ
line 18407: Nat.lt_of_succ_lt_succ
line 18521: Nat.sub_ne_zero_of_lt._f
line 18532: Nat.sub_ne_zero_of_lt
line 18543: Nat.sub_succ
line 18589: Nat.succ_pred
line 18768: Nat.add_sub_of_le
line 18791: Nat.exists_eq_add_of_le
line 18794: _private.Init.Data.Nat.Basic0.Nat.le_add_right.match_1_1
line 18855: Nat.le_add_right._f
line 18866: Nat.le_add_right
line 18892: Nat.le_add_left
line 18932: Nat.instCanonicallyOrderedAdd
line 18932: ExistsAddOfLE_inst1.(field).exists_add_of_le0
line 18932: CanonicallyOrderedAdd_inst1.(field).le_self_add1
line 18932: CanonicallyOrderedAdd_inst1.(field).le_add_self0
line 18932: CanonicallyOrderedAdd_inst1.(field).toExistsAddOfLE0
line 18942: Nat.instAddMonoid
line 18951: iff_self
line 18992: _private.Init.Data.Nat.Basic0.Nat.pred_le_iff.match_1_1
line 19010: Iff.symm
line 19022: Nat.succ_le_succ_iff
line 19074: Nat.pred_le_iff
line 19096: _private.Mathlib.Algebra.Order.Group.Nat0.Nat.instOrderedSub._simp_1
line 19222: Nat.instOrderedSub
line 19222: OrderedSub_inst1.(field).tsub_le_iff_right1
line 19222: AddZero_inst1.(field).toAdd3
line 19222: AddZero_inst1.(field).toZero2
line 19222: AddZeroClass_inst1.(field).add_zero3
line 19222: AddZeroClass_inst1.(field).zero_add3
line 19222: AddZeroClass_inst1.(field).toAddZero0
line 19243: List.map_nil
line 19348: Prosa.Validation.BigcatInterface.production_bigCat_same
line 19348: AddCommMagma_inst1.(field).add_comm4
line 19348: AddCommMagma_inst1.(field).toAdd4
line 19348: AddCommSemigroup_inst1.(field).add_comm5
line 19348: AddCommSemigroup_inst1.(field).toAddSemigroup2
line 19348: IsBotZeroClass_inst1.(field).isBot_zero1
line 19382: Exists.casesOn
line 19447: _private.Init.Data.Nat.Basic0.Nat.sub_eq_zero_of_le.match_1_1
line 19451: _private.Init.Data.Nat.Basic0.Nat.le.dest.match_1_3
line 19453: _private.Init.Data.Nat.Basic0.Nat.le.dest.match_1_1
line 19671: Nat.le.dest._f
line 19682: Nat.le.dest
line 19695: _private.Init.Data.Nat.Basic0.Nat.add_sub_add_right._simp_1_1
line 19785: Nat.add_sub_add_right
line 19861: Nat.add_sub_add_left
line 19913: Nat.zero_sub
line 19959: Nat.sub_self_add
line 20023: Nat.sub_eq_zero_of_le
line 20101: Prosa.Validation.BigcatInterface.production_bigCat_of_le
line 20113: HAppend
line 20113: HAppend.(field).hAppend
line 20127: HAppend.hAppend
line 20135: Append
line 20135: Append.(field).append
line 20143: Append.append
line 20171: instHAppendOfAppend
line 20181: List.instAppend
line 20189: Nat.sub_zero
line 20233: Nat.add_sub_cancel_left
line 20239: _private.Init.Data.List.Range0.List.range_loop_range'.match_1_1
line 20388: List.range_loop_range'._f
line 20397: List.range_loop_range'
line 20439: List.range_eq_range'
line 20529: _private.Init.Data.List.Range0.List.range'_append.match_1_1
line 20540: List.range'_zero
line 20591: List.noConfusionType
line 20698: List.noConfusion
line 20730: heq_of_eq
line 20785: List.cons.noConfusion
line 20864: List.cons.inj
line 20895: _private.Init.Core0.Lean.injEq_helper.match_1_1
line 20918: Lean.injEq_helper
line 20980: List.cons.injEq
line 20989: And.right
line 21019: true_and
line 21378: List.range'_append._f
line 21378: HAppend_inst7.(field).hAppend0
line 21378: Append_inst1.(field).append0
line 21406: List.range'_append
line 21437: List.range'_concat
line 21443: Nat.mul_one
line 21446: _private.Init.Data.Nat.Basic0.Nat.mul_comm.match_1_1
line 21454: Nat.mul_zero
line 21617: Nat.mul_comm._f
line 21629: Nat.mul_comm
line 21660: Nat.one_mul
line 21723: List.range'_1_concat
line 21799: List.range_succ
line 21827: List.map_cons
line 22122: List.map_append
line 22251: List.append_assoc
line 22424: List.flatten_append
line 22505: List.append_nil
line 22548: List.flatten_singleton
line 22720: Prosa.Validation.BigcatInterface.production_bigCat_add_succ
line 22736: List.ofFn.eq_1
line 22759: Fin.foldr.loop.eq_1
line 22809: _private.Init.Data.Fin.Fold0.Fin.foldr_loop_zero
line 22831: Fin.foldr_zero
line 22896: List.ofFn_zero
line 22946: Prosa.Validation.BigcatInterface.production_bigCatFin_zero
line 22971: NeZero
line 22971: NeZero.(field).out
line 22989: Zero.ofOfNat0
line 23012: Or.resolve_left
line 23015: _private.Init.Data.Nat.Basic0.Nat.eq_zero_or_pos.match_1_1
line 23019: Nat.succ_pos
line 23064: Nat.eq_zero_or_pos
line 23075: Nat.pos_of_ne_zero
line 23094: NeZero.out
line 23109: NeZero.ne
line 23136: Nat.pos_of_neZero
line 23136: NeZero_inst1.(field).out0
line 23157: Fin.ofNat._proof_1
line 23168: Fin.ofNat
line 23189: Fin.instOfNat
line 23233: NeZero.casesOn
line 23337: _private.Init.Data.NeZero0.instNeZeroNatHAdd.match_5
line 23412: _private.Init.Data.NeZero0.instNeZeroNatHAdd_1.match_1
line 23480: _private.Init.Data.NeZero0.instNeZeroNatHAdd_1.match_3
line 23541: instNeZeroNatHAdd_1
line 23547: Nat.instNeZeroSucc
line 23573: Fin.casesOn
line 23602: Fin.succ.match_1
line 23612: Nat.succ_lt_succ
line 23636: Fin.succ
line 23911: List.get.match_1
line 23991: List.get._f
line 24011: List.get
line 24038: GetElem
line 24038: GetElem.(field).getElem
line 24058: GetElem.getElem
line 24089: List.instGetElemNatLtLength
line 24089: GetElem_inst2.(field).getElem0
line 24099: Option
line 24106: Inhabited
line 24106: Inhabited.(field).default
line 24137: GetElem__q
line 24137: GetElem__q.(field).getElem__B
line 24137: GetElem__q.(field).getElem__q
line 24137: GetElem__q.(field).toGetElem
line 24154: GetElem__q.getElem__q
line 24167: PSigma
line 24167: PSigma.(field).snd1
line 24167: PSigma.(field).fst1
line 24183: InvImage
line 24206: WellFounded.Nat.fix.go._proof_1
line 24212: Nat.le_of_lt_add_one
line 24261: WellFounded.Nat.fix._proof_1
line 24334: WellFounded.Nat.fix.go
line 24345: WellFounded.Nat.eager
line 24437: ite_self
line 24450: WellFounded.Nat.eager_eq
line 24487: WellFounded.Nat.fix._proof_2
line 24513: WellFounded.Nat.fix
line 24545: PSigma.casesOn
line 24570: instDecidableAnd.match_1
line 24584: instDecidableAnd._proof_1
line 24593: And.left
line 24607: instDecidableAnd._proof_2
line 24659: instDecidableAnd
line 24662: _private.Init.Core0.dif_neg.match_1_1
line 24726: dif_neg
line 24729: Decidable.byCases.match_1
line 24756: Decidable.byCases
line 24777: Decidable.em
line 24780: _private.Init.Core0.if_pos.match_1_1
line 24833: if_pos
line 24836: _private.Init.Core0.if_neg.match_1_1
line 24872: if_neg
line 25119: ite_congr
line 25122: not_false
line 25128: instDecidableFalse
line 25195: ite_cond_eq_false
line 25213: false_and
line 25216: _private.Init.Core0.dif_pos.match_1_1
line 25252: dif_pos
line 25296: Nat.div.go.eq_1
line 25314: and_false
line 25319: instDecidableTrue
line 25369: ite_cond_eq_true
line 25396: and_self
line 25514: _private.Init.Data.Nat.Div.Basic0.Nat.div.go.fuel_congr.match_1_1
line 25926: _private.Init.Data.Nat.Div.Basic0.Nat.div.go.fuel_congr._f
line 25976: _private.Init.Data.Nat.Div.Basic0.Nat.div.go.fuel_congr
line 26511: Nat.div_eq
line 26514: _private.Init.Data.Nat.Div.Basic0.Nat.div_lt_self.match_1_1
line 26532: Acc
line 26546: WellFounded
line 26546: WellFounded.(field).h
line 26596: WellFounded.fixF
line 26632: WellFounded.apply
line 26664: WellFounded.fix
line 26673: WellFoundedRelation
line 26673: WellFoundedRelation.(field).wf
line 26673: WellFoundedRelation.(field).rel
line 26681: WellFoundedRelation.rel
line 26687: _private.Init.WF0.Nat.lt_wfRel.match_1
line 26730: Acc.recOn
line 26781: Acc.inv
line 26887: Nat.lt_wfRel._proof_3
line 26895: Nat.lt_wfRel
line 26906: WellFoundedRelation.wf
line 26933: Nat.strongRecOn
line 26941: Nat.zero_le._simp_1
line 26992: _private.Init.Data.Nat.Div.Basic0.Nat.div_le_self.match_1_1
line 27000: Nat.succ_le_of_lt
line 27255: Nat.div_le_self
line 27311: _private.Init.Data.Nat.Basic0.Nat.add_le_of_le_sub.match_1_1
line 27341: Nat.le.intro
line 27388: Nat.sub_add_cancel
line 27440: Nat.eq_add_of_sub_eq
line 27497: Nat.add_left_comm
line 27629: Nat.add_le_of_le_sub
line 27637: Nat.lt_of_succ_le
line 27640: _private.Init.Data.Nat.Basic0.Nat.add_le_add_left.match_1_1
line 27705: Nat.add_le_add_left
line 27753: Nat.add_lt_add_left
line 27984: Nat.div_lt_self
line 28023: _private.Init.Data.Nat.Basic0.Nat.zero_lt_of_ne_zero.match_1_1
line 28041: Nat.zero_lt_of_ne_zero
line 28059: Nat.bitwise_rec_lemma
line 28121: _private.Init.Data.Nat.Bitwise.Basic0.Nat.bitwise._unary._proof_1
line 28248: Nat.bitwise._unary
line 28258: Nat.bitwise
line 28262: Nat.land
line 28265: Nat.shiftLeft.match_1
line 28289: Nat.shiftRight._f
line 28295: Nat.shiftRight
line 28309: Nat.hasNotBit
line 28325: List.ctorIdx
line 28393: List.get__qInternal._sparseCasesOn_1
line 28486: List.get__qInternal.match_1
line 28543: List.get__qInternal._f
line 28560: List.get__qInternal
line 28568: Inhabited.default
line 28584: panicCore
line 28599: panic
line 28629: Pi.instInhabited
line 28637: String.instInhabited
line 28657: String.Internal.append
line 28666: ToString
line 28666: ToString.(field).toString
line 28675: ToString.toString
line 28687: String.ofList._proof_1
line 28695: String.ofList
line 28756: _private.Init.Data.Repr0.Nat.toDigitsCore.match_1
line 28759: instDecidableOr.match_1
line 28789: instDecidableOr._proof_1
line 28834: instDecidableOr
line 28850: BitVec.ofNatLT
line 28856: UInt32.size
UInt32_size is predeclared
line 28945: _private.Init.Prelude0.isValidChar_UInt32.match_1_1
line 28995: _private.Init.Prelude0.isValidChar_UInt32
line 29002: Char.ofNatAux._private_1
line 29019: Char.ofNatAux
Char_ofNatAux is predeclared
line 29031: Char.ofNat._proof_1
line 29066: Char.ofNat._proof_2
line 29101: Char.ofNat
line 29284: Nat.digitChar
line 29343: Nat.toDigitsCore._f
line 29357: Nat.toDigitsCore
line 29369: Nat.toDigits
line 29378: Nat.repr
line 29388: instToStringNat
line 29388: ToString_inst1.(field).toString0
line 29433: mkPanicMessageWithDecl
line 29464: panicWithPosWithDecl
line 29567: List.get__BInternal._f
line 29585: List.get__BInternal
line 29625: List.instGetElem__qNatLtLength
line 29625: GetElem__q_inst2.(field).getElem__B0
line 29625: GetElem__q_inst2.(field).getElem__q0
line 29625: GetElem__q_inst2.(field).toGetElem0
line 30003: _private.Init.Data.List.Lemmas0.List.ext_getElem__q.match_1_1
line 30016: GetElem__q.toGetElem
line 30036: ByteArray.size.match_1
line 30045: Array.size
line 30059: ByteArray.size
line 30064: String.toByteArray
line 30072: String.utf8ByteSize
line 30080: String.rawEndPos
line 30091: String.toRawSubstring
line 30192: LawfulGetElem.getElem__q_def._autoParam
line 30208: GetElem__q.getElem__B
line 30238: Option.casesOn
line 30274: GetElem__q.match_1
line 30319: LawfulGetElem.getElem__B_def._autoParam
line 30440: LawfulGetElem
line 30440: GetElem_inst7.(field).getElem1
line 30440: GetElem__q_inst7.(field).getElem__B1
line 30440: GetElem__q_inst7.(field).getElem__q1
line 30440: GetElem__q_inst7.(field).toGetElem1
line 30440: LawfulGetElem.(field).getElem__B_def
line 30440: LawfulGetElem.(field).getElem__q_def
line 30492: LawfulGetElem.getElem__q_def
line 30661: getElem__q_pos
line 30667: _private.Init.GetElem0.List.getElem__q_eq_none_iff.match_1_1
line 30691: iff_true
line 30708: Nat.casesAuxOn
line 30730: List.get._proof_1
line 31023: List.getElem__q_eq_getElem
line 31031: Nat.zero_lt_succ._simp_1
line 31049: Option.ctorIdx
line 31095: Nat.le_zero_eq
line 31163: _private.Init.Data.Nat.Basic0.Nat.le_of_add_le_add_left.match_1_1
line 31215: Nat.le_of_add_le_add_left
line 31265: Nat.le_of_add_le_add_right
line 31310: Nat.add_le_add_right
line 31336: Nat.add_le_add_iff_right
line 31353: _private.Init.GetElem0.List.getElem__q_eq_none_iff._simp_1_3
line 31672: List.getElem__q_eq_none_iff._f
line 31715: List.getElem__q_eq_none_iff
line 31732: _private.Init.GetElem0.List.getElem__q_eq_none_iff._simp_1
line 31747: Nat.ge_of_not_lt
line 31768: Nat.not_lt
line 31782: Nat.not_lt._simp_1
line 32130: List.instLawfulGetElemNatLtLength
line 32130: LawfulGetElem_inst2.(field).getElem__B_def0
line 32130: LawfulGetElem_inst2.(field).getElem__q_def0
line 32183: getElem__q_neg
line 32192: Nat.lt_irrefl._simp_1
line 32347: List.nil_eq
line 32361: List.nil_eq._simp_1
line 32403: Option.noConfusionType
line 32490: Option.noConfusion
line 32535: Option.some.noConfusion
line 32580: Option.some.inj
line 32611: Option.some.injEq
line 33052: List.ext_getElem__q._f
line 33080: List.ext_getElem__q
line 33114: Eq.substr
line 33115: Quot
quot registered
line 33146: Quot.liftOn
line 33164: Quot.sound
line 33248: funext
line 33298: forall_congr
line 33410: forall_prop_domain_congr
line 33425: Nat.le_of_not_lt
line 33448: List.getElem__q_eq_none
line 33781: List.ext_getElem
line 33792: Fin.isLt
line 33806: implies_true
line 34069: List.ext_get
line 34215: Fin.foldr.loop.congr_simp
line 34248: Fin.foldr.loop.eq_2
line 34323: _private.Init.Data.Fin.Fold0.Fin.foldr_loop_succ
line 34693: _private.Init.Data.Fin.Fold0.Fin.foldr_loop
line 34736: Fin.foldr_succ
line 34841: _private.Init.Data.Nat.Lemmas0.Nat.add_left_cancel_iff.match_1_1
line 34873: Nat.add_left_cancel_iff
line 34890: Nat.add_left_cancel_iff._simp_1
line 35056: List.length_ofFn
line 35093: List.getElem_ofFn._proof_1
line 35102: Nat.not_lt_zero._simp_1
line 35182: _private.Init.Data.List.OfFn0.List.getElem_ofFn.match_1_2
line 35327: GetElem.getElem.congr_simp
line 35407: _private.Init.Data.Nat.Lemmas0.Nat.lt_of_add_lt_add_right.match_1_1
line 35470: Nat.lt_of_add_lt_add_right._f
line 35490: Nat.lt_of_add_lt_add_right
line 35536: Nat.add_lt_add_right
line 35562: Nat.add_lt_add_iff_right
line 35579: Nat.add_lt_add_iff_right._simp_1
line 36083: List.getElem_ofFn
line 36428: List.ofFn_succ
line 36481: Prosa.Validation.BigcatInterface.production_bigCatFin_succ
line 36501: Prosa.Validation.BigcatInterface.production_bigCatSeq_eq
line 36520: Prosa.Validation.BigcatInterface.production_bigCatSeqAll_eq
line 36532: Prosa.Validation.BigcatInterface.production_append_nil
line 36552: Prosa.Validation.BigcatInterface.production_append_cons
line 36568: Prosa.Validation.BigcatInterface.production_flatMap_nil
line 36598: Prosa.Validation.BigcatInterface.production_flatMap_cons
line 36610: Prosa.Validation.BigcatInterface.production_filter_nil
line 36613: Prosa.Validation.BigcatInterface.production_filter_cons.match_1
line 36649: Prosa.Validation.BigcatInterface.production_filter_cons
line 36659: Prosa.Validation.BigcatInterface.production_length_nil
line 36672: Prosa.Validation.BigcatInterface.production_length_cons


Done!
- 879 entries (1628 possible instances) (including quot).
- 35 universe expressions
- 5234 names
- 30526 expression nodes
Max universe instance length 3.
0 inductives have non syntactically arity types.
