line 23: List
line 32: Nat
Nat is predeclared
line 37: PUnit
line 59: PProd
line 59: PProd.(field).snd
line 59: PProd.(field).fst
line 95: List.below
line 175: List.brecOn.go
line 190: List.brecOn
line 225: List.casesOn
line 328: List.foldl.match_1
line 412: List.foldl._f
line 437: List.foldl
line 447: Max
line 447: Max.(field).max
line 458: Max.max
line 469: LE
line 469: LE.(field).le
line 471: False
line 477: Not
line 492: Decidable
line 506: DecidableRel
line 516: LE.le
line 555: Decidable.casesOn
line 586: ite
line 630: maxOfLe
line 650: Nat.le
Nat_le is predeclared
line 657: instLENat
line 657: LE_inst1.(field).le0
line 672: dite
line 682: Eq
Eq is predeclared
line 687: Bool
line 710: Nat.below
line 760: Nat.brecOn.go
line 772: Nat.brecOn
line 795: Nat.casesOn
line 869: Nat.ble.match_1
line 909: Nat.ble._f
line 920: Nat.ble
line 931: DecidableEq
line 934: Unit
line 955: Bool.casesOn
line 959: Unit.unit
line 1034: Bool.decEq.match_1
line 1046: rfl
line 1066: Bool.noConfusionType
line 1110: Eq.ndrec
line 1150: Bool.noConfusion
line 1198: Bool.decEq
line 1203: instDecidableEqBool
line 1219: OfNat
line 1219: OfNat.(field).ofNat
line 1230: OfNat.ofNat
line 1241: instOfNatNat
line 1241: OfNat_inst1.(field).ofNat0
line 1257: False.elim
line 1291: Eq.casesOn
line 1305: HEq
line 1309: True
line 1381: Nat.beq.match_1
line 1402: Nat.beq._f
line 1408: Nat.beq
line 1444: _private.Init.Prelude0.noConfusion_of_Nat.aux.match_1_1
line 1484: _private.Init.Prelude0.noConfusion_of_Nat.aux._f
line 1484: PProd_inst1.(field).snd0
line 1484: PProd_inst1.(field).fst0
line 1492: _private.Init.Prelude0.noConfusion_of_Nat.aux
line 1547: congrArg
line 1598: noConfusion_of_Nat
line 1614: Bool.ctorIdx
line 1804: _private.Init.Prelude0.Nat.le_of_ble_eq_true.match_1_1
line 1807: _private.Init.Prelude0.Nat.zero_le.match_1_1
line 1855: Nat.zero_le._f
line 1862: Nat.zero_le
line 1911: Nat.le.below
line 1970: Nat.le.brecOn
line 2060: Nat.le.below.casesOn
line 2095: Eq.symm
line 2125: cast
line 2220: eq_of_heq
line 2753: _private.Init.Prelude0.Nat.succ_le_succ.match_1_7
Eq_inst1 is predeclared
line 2757: outParam
line 2783: HAdd
line 2783: HAdd.(field).hAdd
line 2798: HAdd.hAdd
line 2806: Add
line 2806: Add.(field).add
line 2814: Add.add
line 2842: instHAdd
line 2888: Nat.add.match_1
line 2921: Nat.add._f
line 2931: Nat.add
Nat_add is predeclared
line 2939: instAddNat
line 2939: Add_inst1.(field).add0
line 3017: Nat.succ_le_succ
line 3017: HAdd_inst7.(field).hAdd0
line 3074: Nat.le_of_ble_eq_true._f
line 3086: Nat.le_of_ble_eq_true
line 3105: absurd
line 3479: _private.Init.Prelude0.Nat.ble_eq_true_of_le.match_1_7
line 3499: _private.Init.Prelude0.Nat.ble_self_eq_true.match_1_1
line 3533: Nat.ble_self_eq_true._f
line 3540: Nat.ble_self_eq_true
line 3543: _private.Init.Prelude0.Nat.ble_succ_eq_true.match_1_1
line 3627: Nat.ble_succ_eq_true._f
line 3638: Nat.ble_succ_eq_true
line 3706: Nat.ble_eq_true_of_le
line 3730: Nat.not_le_of_not_ble_eq_true
line 3760: Nat.decLe
line 3769: Nat.instMax
line 3769: Max_inst1.(field).max0
line 3780: Nat.max
line 3797: Prosa.Util.List.max0
line 3875: List.getLastD.match_1
line 3924: List.headD
line 3931: Prosa.Util.List.first0
line 3938: Ne
line 4108: List.getLast.match_1
line 4161: List.noConfusionType
line 4270: List.noConfusion
line 4292: Eq.subst
line 4324: heq_of_eq
line 4461: List.getLast._f
line 4484: List.getLast
line 4527: List.getLast._proof_2
line 4547: List.getLastD
line 4554: Prosa.Util.List.last0


Done!
- 113 entries (224 possible instances).
- 28 universe expressions
- 773 names
- 3642 expression nodes
Max universe instance length 3.
0 inductives have non syntactically arity types.
