line 9: Nat
Nat is predeclared
line 32: List
line 35: False
line 46: Not
line 61: Eq
Eq is predeclared
line 75: Ne
line 121: List.casesOn
line 230: List.getLastD.match_1
line 234: PUnit
line 255: PProd
line 255: PProd.(field).snd
line 255: PProd.(field).fst
line 282: List.below
line 356: List.brecOn.go
line 371: List.brecOn
line 553: List.getLast.match_1
line 577: absurd
line 589: rfl
line 603: HEq
line 660: List.noConfusionType
line 704: Eq.ndrec
line 734: cast
line 831: eq_of_heq
line 942: List.noConfusion
line 966: Eq.subst
line 1001: heq_of_eq
line 1139: List.getLast._f
line 1162: List.getLast
line 1205: List.getLast._proof_2
line 1238: List.getLastD
line 1254: OfNat
line 1254: OfNat.(field).ofNat
line 1266: OfNat.ofNat
line 1277: instOfNatNat
line 1277: OfNat_inst1.(field).ofNat0
line 1298: Prosa.Util.List.last0
line 1320: Prosa.Util.List.last0_cons
line 1324: outParam
line 1353: HAppend
line 1353: HAppend.(field).hAppend
line 1369: HAppend.hAppend
line 1378: Append
line 1378: Append.(field).append
line 1388: Append.append
line 1420: instHAppendOfAppend
line 1458: List.append.match_1
line 1515: List.append._f
line 1533: List.append
line 1543: List.instAppend
line 1565: Prosa.Util.List.last0_cat
line 1565: HAppend_inst7.(field).hAppend0
line 1565: Append_inst1.(field).append0
line 1576: Option
line 1579: Unit
line 1611: Option.casesOn
line 1615: Unit.unit
line 1669: Option.getD.match_1
line 1685: Option.getD
line 1715: GetElem
line 1715: GetElem.(field).getElem
line 1725: Inhabited
line 1725: Inhabited.(field).default
line 1761: GetElem__q
line 1761: GetElem__q.(field).getElem__B
line 1761: GetElem__q.(field).getElem__q
line 1761: GetElem__q.(field).toGetElem
line 1778: GetElem__q.getElem__q
line 1786: LT
line 1786: LT.(field).lt
line 1795: LT.lt
line 1814: Nat.le
Nat_le is predeclared
line 1820: Nat.lt
line 1828: instLTNat
line 1828: LT_inst1.(field).lt0
line 1877: instDecidableEqList.match_1
line 1889: HAdd
line 1889: HAdd.(field).hAdd
line 1903: HAdd.hAdd
line 1911: Add
line 1911: Add.(field).add
line 1919: Add.add
line 1947: instHAdd
line 1969: Nat.below
line 2019: Nat.brecOn.go
line 2031: Nat.brecOn
line 2054: Nat.casesOn
line 2108: Nat.add.match_1
line 2142: Nat.add._f
line 2153: Nat.add
Nat_add is predeclared
line 2161: instAddNat
line 2161: Add_inst1.(field).add0
line 2232: List.length._f
line 2232: HAdd_inst7.(field).hAdd0
line 2244: List.length
line 2260: Fin
Fin is predeclared
line 2275: False.elim
line 2306: Fin.casesOn
line 2359: Nat.le.casesOn
line 2364: Bool
line 2368: True
line 2449: Nat.beq.match_1
line 2491: Nat.beq._f
line 2501: Nat.beq
line 2537: _private.Init.Prelude0.noConfusion_of_Nat.aux.match_1_1
line 2578: _private.Init.Prelude0.noConfusion_of_Nat.aux._f
line 2578: PProd_inst1.(field).snd0
line 2578: PProd_inst1.(field).fst0
line 2586: _private.Init.Prelude0.noConfusion_of_Nat.aux
line 2638: congrArg
line 2685: noConfusion_of_Nat
line 2695: Nat.ctorIdx
line 2984: List.get.match_1
line 2992: LE
line 2992: LE.(field).le
line 3000: LE.le
line 3007: instLENat
line 3007: LE_inst1.(field).le0
line 3032: Nat.pow.match_1
line 3046: Nat.pred
line 3080: Eq.symm
line 3363: _private.Init.Prelude0.Nat.pred_le_pred.match_1_1
Eq_inst1 is predeclared
line 3404: Nat.le.below
line 3459: Nat.le.brecOn
line 3546: Nat.le.below.casesOn
line 4135: _private.Init.Prelude0.Nat.le_trans.match_1_10
line 4219: Nat.le_trans
line 4228: Nat.le_succ
line 4275: Nat.pred_le_pred
line 4287: Nat.le_of_succ_le_succ
line 4371: List.get._f
line 4392: List.get
line 4423: List.instGetElemNatLtLength
line 4423: GetElem_inst2.(field).getElem0
line 4436: PSigma
line 4436: PSigma.(field).snd1
line 4436: PSigma.(field).fst1
line 4453: InvImage
line 4483: Nat.noConfusionType
line 4525: Nat.noConfusion
line 4587: Nat.not_succ_le_zero
line 4612: WellFounded.Nat.fix.go._proof_1
line 4627: Nat.lt_of_lt_of_le
line 4639: Nat.le_of_lt_add_one
line 4698: WellFounded.Nat.fix._proof_1
line 4774: WellFounded.Nat.fix.go
line 4787: Decidable
line 4822: Decidable.casesOn
line 4853: ite
line 4859: DecidableEq
line 4879: Bool.casesOn
line 4944: Bool.decEq.match_1
line 4962: Bool.noConfusionType
line 4997: Bool.noConfusion
line 5044: Bool.decEq
line 5049: instDecidableEqBool
line 5063: WellFounded.Nat.eager
line 5068: Nat.le_refl
line 5075: Nat.lt_add_one
line 5177: ite_self
line 5190: WellFounded.Nat.eager_eq
line 5228: WellFounded.Nat.fix._proof_2
line 5254: WellFounded.Nat.fix
line 5288: PSigma.casesOn
line 5304: dite
line 5337: Nat.decEq.match_1
line 5494: _private.Init.Prelude0.Nat.eq_of_beq_eq_true.match_1_1
line 5594: Nat.eq_of_beq_eq_true._f
line 5605: Nat.eq_of_beq_eq_true
line 5796: _private.Init.Prelude0.Nat.ne_of_beq_eq_false.match_1_1
line 5886: Nat.ne_of_beq_eq_false._f
line 5902: Nat.ne_of_beq_eq_false
line 5934: Nat.decEq
line 5938: instDecidableEqNat
line 5950: HDiv
line 5950: HDiv.(field).hDiv
line 5964: HDiv.hDiv
line 5972: Div
line 5972: Div.(field).div
line 5980: Div.div
line 6008: instHDiv
line 6069: Nat.ble.match_1
line 6085: Nat.ble._f
line 6091: Nat.ble
line 6121: Eq.casesOn
line 6135: Bool.ctorIdx
line 6301: _private.Init.Prelude0.Nat.le_of_ble_eq_true.match_1_1
line 6304: _private.Init.Prelude0.Nat.zero_le.match_1_1
line 6345: Nat.zero_le._f
line 6352: Nat.zero_le
line 6781: _private.Init.Prelude0.Nat.succ_le_succ.match_1_7
line 6843: Nat.succ_le_succ
line 6900: Nat.le_of_ble_eq_true._f
line 6912: Nat.le_of_ble_eq_true
line 7286: _private.Init.Prelude0.Nat.ble_eq_true_of_le.match_1_7
line 7302: _private.Init.Prelude0.Nat.ble_self_eq_true.match_1_1
line 7336: Nat.ble_self_eq_true._f
line 7343: Nat.ble_self_eq_true
line 7346: _private.Init.Prelude0.Nat.ble_succ_eq_true.match_1_1
line 7430: Nat.ble_succ_eq_true._f
line 7441: Nat.ble_succ_eq_true
line 7509: Nat.ble_eq_true_of_le
line 7532: Nat.not_le_of_not_ble_eq_true
line 7561: Nat.decLe
line 7575: Nat.decLt
line 7694: Nat.div.go.match_1
line 7706: HSub
line 7706: HSub.(field).hSub
line 7720: HSub.hSub
line 7728: Sub
line 7728: Sub.(field).sub
line 7736: Sub.sub
line 7764: instHSub
line 7795: Nat.mul.match_1
line 7821: Nat.sub._f
line 7827: Nat.sub
line 7835: instSubNat
line 7835: Sub_inst1.(field).sub0
line 7848: And
And is predeclared
line 7883: And.casesOn
line 7953: _private.Init.Prelude0.Nat.div_rec_lemma.match_1_1
line 8076: _private.Init.Prelude0.Nat.sub_lt.match_1_1
line 8079: _private.Init.Prelude0.Nat.not_succ_le_self.match_1_1
line 8134: Nat.not_succ_le_self._f
line 8141: Nat.not_succ_le_self
line 8149: Nat.lt_irrefl
line 8159: Nat.lt_succ_of_le
line 8162: _private.Init.Prelude0.Nat.pred_le.match_1_1
line 8195: Nat.pred_le
line 8244: Nat.sub_le
line 8244: HSub_inst7.(field).hSub0
line 8284: Nat.succ_sub_succ_eq_sub
line 8374: Nat.sub_lt
line 8407: Nat.div_rec_lemma
line 8413: Nat.le_of_lt_succ
line 8447: Nat.div_rec_fuel_lemma
line 8511: Nat.div.go._f
line 8528: Nat.div.go
line 8534: Nat.lt_succ_self
line 8556: Nat.div
line 8564: Nat.instDiv
line 8564: Div_inst1.(field).div0
line 8576: HMod
line 8576: HMod.(field).hMod
line 8590: HMod.hMod
line 8598: Mod
line 8598: Mod.(field).mod
line 8606: Mod.mod
line 8634: instHMod
line 8644: namedPattern
line 8710: Nat.mod.match_1
line 8734: Nat.modCore.go._f
line 8746: Nat.modCore.go
line 8761: Nat.modCore
line 8788: Nat.mod
line 8796: Nat.instMod
line 8796: Mod_inst1.(field).mod0
line 8802: id
line 8835: Eq.mpr
line 8876: instDecidableAnd.match_1
line 8885: And.right
line 8900: instDecidableAnd._proof_1
line 8909: And.left
line 8925: instDecidableAnd._proof_2
line 8979: instDecidableAnd
line 9050: congr
line 9072: _private.Init.Core0.dif_neg.match_1_1
line 9135: dif_neg
line 9148: Or
Or is predeclared
line 9188: Or.casesOn
line 9191: Decidable.byCases.match_1
line 9218: Decidable.byCases
line 9240: Decidable.em
line 9243: _private.Init.Core0.if_pos.match_1_1
line 9296: if_pos
line 9299: _private.Init.Core0.if_neg.match_1_1
line 9335: if_neg
line 9590: ite_congr
line 9632: congrFun'
line 9634: trivial
line 9665: of_eq_true
line 9698: Eq.trans
line 9702: not_false
line 9708: instDecidableFalse
line 9720: Iff
line 9720: Iff.(field).mpr
line 9720: Iff.(field).mp
line 9729: propext
line 9753: eq_true
line 9767: eq_self
line 9838: ite_cond_eq_false
line 9858: eq_false
line 9877: false_and
line 9880: _private.Init.Core0.dif_pos.match_1_1
line 9916: dif_pos
line 9961: Nat.div.go.eq_1
line 9979: and_false
line 9984: instDecidableTrue
line 10034: ite_cond_eq_true
line 10061: and_self
line 10187: _private.Init.Data.Nat.Div.Basic0.Nat.div.go.fuel_congr.match_1_1
line 10616: _private.Init.Data.Nat.Div.Basic0.Nat.div.go.fuel_congr._f
line 10666: _private.Init.Data.Nat.Div.Basic0.Nat.div.go.fuel_congr
line 11234: Nat.div_eq
line 11234: HDiv_inst7.(field).hDiv0
line 11236: inferInstance
line 11239: _private.Init.Data.Nat.Div.Basic0.Nat.div_lt_self.match_1_1
line 11258: Acc
line 11272: WellFounded
line 11272: WellFounded.(field).h
line 11323: WellFounded.fixF
line 11359: WellFounded.apply
line 11391: WellFounded.fix
line 11400: WellFoundedRelation
line 11400: WellFoundedRelation.(field).wf
line 11400: WellFoundedRelation.(field).rel
line 11408: WellFoundedRelation.rel
line 11425: Nat.recAux
line 11432: Nat.not_lt_zero
line 11534: _private.Init.Prelude0.Nat.eq_or_lt_of_le.match_1_3
line 11582: _private.Init.Prelude0.Nat.eq_or_lt_of_le.match_1_1
line 11691: Nat.eq_or_lt_of_le._f
line 11702: Nat.eq_or_lt_of_le
line 11764: _private.Init.WF0.Nat.lt_wfRel.match_1
line 11807: Acc.recOn
line 11859: Acc.inv
line 11966: Nat.lt_wfRel._proof_3
line 11974: Nat.lt_wfRel
line 11985: WellFoundedRelation.wf
line 12012: Nat.strongRecOn
line 12021: Nat.zero_le._simp_1
line 12077: _private.Init.Data.Nat.Div.Basic0.Nat.div_le_self.match_1_1
line 12085: Nat.succ_le_of_lt
line 12105: Nat.lt_of_le_of_lt
line 12367: Nat.div_le_self
line 12379: Exists
line 12379: Exists.(field).h0
line 12379: Exists.(field).w
line 12411: Exists.casesOn
line 12495: _private.Init.Data.Nat.Basic0.Nat.add_le_of_le_sub.match_1_1
line 12499: _private.Init.Data.Nat.Basic0.Nat.le.dest.match_1_3
line 12532: _private.Init.Data.Nat.Basic0.Nat.add_comm.match_1_1
line 12535: _private.Init.Data.Nat.Basic0.Nat.zero_add.match_1_1
line 12587: Nat.zero_add._f
line 12594: Nat.zero_add
line 12597: _private.Init.Data.Nat.Basic0.Nat.succ_add.match_1_1
line 12679: Nat.succ_add._f
line 12694: Nat.succ_add
line 12778: Nat.add_comm._f
line 12790: Nat.add_comm
line 12844: _private.Init.Data.Nat.Basic0.Nat.le.dest.match_1_1
line 13051: Nat.le.dest._f
line 13062: Nat.le.dest
line 13065: _private.Init.Data.Nat.Basic0.Nat.le_add_right.match_1_1
line 13077: Nat.le_succ_of_le
line 13141: Nat.le_add_right._f
line 13152: Nat.le_add_right
line 13184: Nat.le.intro
line 13298: _private.Init.Data.Nat.Basic0.Nat.sub_ne_zero_of_lt.match_1_1
line 13306: eq_false'
line 13313: not_false_eq_true
line 13343: Nat.succ_ne_zero
line 13355: _private.Init.Data.Nat.Basic0.Nat.sub_ne_zero_of_lt._simp_1_3
line 13361: Nat.succ_sub_succ
line 13370: Nat.lt_of_succ_lt_succ
line 13483: Nat.sub_ne_zero_of_lt._f
line 13494: Nat.sub_ne_zero_of_lt
line 13509: Nat.le_of_succ_le
line 13520: Nat.sub_succ
line 13530: Nat.add_succ
line 13573: Nat.succ_pred
line 13748: Nat.add_sub_of_le
line 13796: Nat.sub_add_cancel
line 13851: Nat.eq_add_of_sub_eq
line 13921: _private.Init.Data.Nat.Basic0.Nat.add_assoc.match_1_1
line 13991: Nat.add_assoc._f
line 14008: Nat.add_assoc
line 14080: Nat.add_left_comm
line 14215: Nat.add_le_of_le_sub
line 14223: Nat.lt_of_succ_le
line 14226: _private.Init.Data.Nat.Basic0.Nat.add_le_add_left.match_1_1
line 14293: Nat.add_le_add_left
line 14341: Nat.add_lt_add_left
line 14572: Nat.div_lt_self
line 14616: _private.Init.Data.Nat.Basic0.Nat.zero_lt_of_ne_zero.match_1_1
line 14623: Nat.zero_lt_succ
line 14645: Nat.zero_lt_of_ne_zero
line 14668: Nat.bitwise_rec_lemma
line 14730: _private.Init.Data.Nat.Bitwise.Basic0.Nat.bitwise._unary._proof_1
line 14751: Decidable.decide
line 14893: Nat.bitwise._unary
line 14893: HMod_inst7.(field).hMod0
line 14903: Nat.bitwise
line 14927: Bool.and.match_1
line 14937: Bool.and
line 14942: Nat.land
line 14945: Nat.shiftLeft.match_1
line 14969: Nat.shiftRight._f
line 14975: Nat.shiftRight
line 14990: Nat.hasNotBit
line 15006: List.ctorIdx
line 15076: List.get__qInternal._sparseCasesOn_1
line 15167: List.get__qInternal.match_1
line 15221: List.get__qInternal._f
line 15236: List.get__qInternal
line 15244: Array
line 15244: Array.(field).toList
line 15256: HPow
line 15256: HPow.(field).hPow
line 15270: HPow.hPow
line 15284: Pow
line 15284: Pow.(field).pow
line 15297: Pow.pow
line 15331: instHPow
line 15340: NatPow
line 15340: NatPow.(field).pow0
line 15350: NatPow.pow
line 15376: instPowNat
line 15376: Pow_inst2.(field).pow1
line 15394: Nat.mul._f
line 15400: Nat.mul
Nat_mul is predeclared
line 15428: Nat.pow._f
line 15436: Nat.pow
Nat_pow is predeclared
line 15444: instNatPowNat
line 15444: NatPow_inst1.(field).pow2
line 15468: BitVec
BitVec is predeclared
line 15479: UInt8
line 15479: UInt8.(field).toBitVec
line 15487: ByteArray
line 15487: Array_inst1.(field).toList0
line 15487: ByteArray.(field).data
line 15497: UInt32
UInt32 is predeclared
line 15520: Nat.isValidChar
Nat_isValidChar is predeclared
line 15527: Fin.val
line 15537: BitVec.toFin
line 15537: HPow_inst7.(field).hPow0
line 15537: Pow_inst3.(field).pow3
line 15549: BitVec.toNat
line 15554: UInt32.toBitVec
line 15563: UInt32.toNat
line 15571: UInt32.isValidChar
line 15579: Char
Char is predeclared
line 15640: List.toByteArray.match_1
line 15659: ByteArray.casesOn
line 15708: ByteArray.push.match_1
line 15711: List.concat.match_1
line 15774: List.concat._f
line 15789: List.concat
line 15797: Array.toList
line 15816: Array.push
line 15838: ByteArray.push
line 15879: List.toByteArray.loop._f
line 15890: List.toByteArray.loop
line 15898: Array.emptyWithCapacity
line 15907: Array.empty
line 15914: ByteArray.emptyWithCapacity
line 15918: ByteArray.empty
line 15925: List.toByteArray
line 15979: List.flatten.match_1
line 16026: List.flatten._f
line 16037: List.flatten
line 16102: List.map._f
line 16121: List.map
line 16143: List.flatMap
line 16148: Char.val
line 16290: _private.Init.Prelude0.Nat.mod_lt.match_1_3
line 16336: _private.Init.Prelude0.Nat.mod_lt.match_1_1
line 16387: _private.Init.Prelude0.Nat.modCore_lt.match_1_1
line 16435: _private.Init.Prelude0.Nat.modCoreGo_lt.match_1_1
line 16458: _private.Init.Prelude0.Or.elim.match_1_1
line 16481: Or.elim
line 16509: Or.resolve_right
line 16525: GE.ge
line 16528: _private.Init.Prelude0.Nat.lt_or_ge.match_1_5
line 16588: _private.Init.Prelude0.Nat.lt_or_ge.match_1_3
line 16590: _private.Init.Prelude0.Nat.lt_or_ge.match_1_1
line 16698: Nat.lt_or_ge._f
line 16708: Nat.lt_or_ge
line 16726: Nat.lt_of_not_le
line 16847: Nat.modCoreGo_lt
line 16911: Nat.modCore_lt
line 16984: Nat.mod_lt
line 17003: Fin.Internal.ofNat
line 17051: _private.Init.Prelude0.Nat.pow_pos.match_1_1
line 17063: HMul
line 17063: HMul.(field).hMul
line 17077: HMul.hMul
line 17085: Mul
line 17085: Mul.(field).mul
line 17093: Mul.mul
line 17121: instHMul
line 17128: instMulNat
line 17128: Mul_inst1.(field).mul0
line 17219: _private.Init.Prelude0.Nat.mul_pos.match_1_1
line 17287: _private.Init.Prelude0.Nat.add_pos_right.match_1_1
line 17322: Nat.add_pos_right
line 17378: Nat.mul_pos
line 17378: HMul_inst7.(field).hMul0
line 17443: Nat.pow_pos._f
line 17464: Nat.pow_pos
line 17475: BitVec.ofNat._proof_1
line 17489: BitVec.ofNat
line 17498: UInt8.ofNat
line 17618: String.utf8EncodeChar
line 17631: List.utf8Encode
line 17645: ByteArray.IsValidUTF8
line 17645: ByteArray_IsValidUTF8.(field).hm
line 17645: ByteArray_IsValidUTF8.(field).m
line 17653: String
line 17653: String.(field).isValidUTF8
line 17653: String.(field).toByteArray
line 17661: Inhabited.default
line 17677: panicCore
line 17692: panic
line 17722: Pi.instInhabited
line 17730: String.instInhabited
line 17750: String.Internal.append
line 17759: ToString
line 17759: ToString.(field).toString
line 17768: ToString.toString
line 17780: String.ofList._proof_1
line 17788: String.ofList
line 17849: _private.Init.Data.Repr0.Nat.toDigitsCore.match_1
line 17852: instDecidableOr.match_1
line 17882: instDecidableOr._proof_1
line 17927: instDecidableOr
line 17943: BitVec.ofNatLT
line 17949: UInt32.size
UInt32_size is predeclared
line 18038: _private.Init.Prelude0.isValidChar_UInt32.match_1_1
line 18055: Nat.lt_trans
line 18058: _private.Init.Prelude0.of_decide_eq_true.match_1_1
line 18106: _private.Init.Prelude0.ne_true_of_eq_false.match_1_1
line 18131: ne_true_of_eq_false
line 18192: _private.Init.Prelude0.decide_eq_false.match_1_1
line 18235: decide_eq_false
line 18273: of_decide_eq_true
line 18326: _private.Init.Prelude0.isValidChar_UInt32
line 18333: Char.ofNatAux._private_1
line 18350: Char.ofNatAux
Char_ofNatAux is predeclared
line 18362: Char.ofNat._proof_1
line 18397: Char.ofNat._proof_2
line 18432: Char.ofNat
line 18615: Nat.digitChar
line 18674: Nat.toDigitsCore._f
line 18688: Nat.toDigitsCore
line 18700: Nat.toDigits
line 18709: Nat.repr
line 18719: instToStringNat
line 18719: ToString_inst1.(field).toString0
line 18764: mkPanicMessageWithDecl
line 18795: panicWithPosWithDecl
line 18898: List.get__BInternal._f
line 18916: List.get__BInternal
line 18956: List.instGetElem__qNatLtLength
line 18956: GetElem__q_inst2.(field).getElem__B0
line 18956: GetElem__q_inst2.(field).getElem__q0
line 18956: GetElem__q_inst2.(field).toGetElem0
line 18983: List.getD
line 18999: Prosa.Util.List.last0_nth
line 18999: GetElem_inst7.(field).getElem1
line 18999: GetElem__q_inst7.(field).getElem__B1
line 18999: GetElem__q_inst7.(field).getElem__q1
line 18999: GetElem__q_inst7.(field).toGetElem1
line 19018: Prosa.Util.List.last0_ex_cat
line 19021: List.getLast__q.match_1
line 19040: List.filter.match_1
line 19096: List.filter._f
line 19108: List.filter
line 19131: Prosa.Util.List.last0_filter
line 19193: List.foldl.match_1
line 19260: List.foldl._f
line 19285: List.foldl
line 19293: Max
line 19293: Max.(field).max
line 19301: Max.max
line 19313: DecidableRel
line 19352: maxOfLe
line 19360: Nat.instMax
line 19360: Max_inst1.(field).max0
line 19370: Nat.max
line 19380: Prosa.Util.List.max0
line 19393: Prosa.Util.List.max0_cons
line 19409: GT.gt
line 19423: Membership
line 19423: Membership.(field).mem
line 19436: Membership.mem
line 19466: List.Mem
line 19481: List.instMembership
line 19506: Prosa.Util.List.max0_of_uniform_set
line 19506: Membership_inst3.(field).mem0
line 19514: Prosa.Util.List.in_max0_le
line 19520: Prosa.Util.List.max0_in_seq
line 19528: Prosa.Util.List.max0_2cons_eq
line 19540: Prosa.Util.List.max0_2cons_le
line 19551: Prosa.Util.List.max0_rem0
line 19556: Prosa.Util.List.last_of_seq_le_max_of_seq
line 19572: Prosa.Util.List.max_of_dominating_seq
line 19589: Prosa.Util.List.nth0_cons
line 19599: BEq
line 19599: BEq.(field).beq
line 19609: BEq.beq
line 19705: List.erase._f
line 19723: List.erase
line 19746: instBEqOfDecidableEq
line 19784: Prosa.Util.List.rem_in
line 19815: Prosa.Util.List.in_neq_impl_rem_in
line 19846: Prosa.Util.List.filter_size_rem
line 19849: List.reverseAux.match_1
line 19917: List.reverseAux._f
line 19931: List.reverseAux
line 19941: List.reverse
line 19985: List.any.match_1
line 19988: cond.match_1
line 19998: Bool.or
line 20049: List.any._f
line 20064: List.any
line 20138: List.eraseDupsBy.loop._f
line 20155: List.eraseDupsBy.loop
line 20166: List.eraseDupsBy
line 20201: List.eraseDups
line 20223: ReflBEq
line 20223: BEq_inst1.(field).beq0
line 20223: ReflBEq.(field).rfl0
line 20257: LawfulBEq
line 20257: LawfulBEq.(field).eq_of_beq
line 20257: LawfulBEq.(field).toReflBEq
line 20266: Iff.mp
line 20275: Iff.mpr
line 20296: decidable_of_decidable_of_iff._proof_1
line 20330: decidable_of_decidable_of_iff
line 20397: List.elem._f
line 20415: List.elem
line 20445: _private.Init.Data.List.Basic0.List.mem_of_elem_eq_true.match_1_1
line 20517: implies_congr
line 20526: false_implies
line 20531: _private.Init.Data.List.Basic0.List.filter.match_1.splitter
line 20533: Eq.mp
line 20544: LawfulBEq.eq_of_beq
line 20680: _private.Init.Core0.beq_of_eq.match_1_1
line 20698: ReflBEq.rfl
line 20714: BEq.rfl
line 20767: beq_of_eq
line 20778: LawfulBEq.toReflBEq
line 20822: beq_iff_eq
line 20845: beq_iff_eq._simp_1
line 21225: List.mem_of_elem_eq_true._f
line 21259: List.mem_of_elem_eq_true
line 21459: List.elem_eq_true_of_mem
line 21503: List.instDecidableMemOfLawfulBEq._proof_1
line 21528: List.instDecidableMemOfLawfulBEq
line 21583: _private.Init.Prelude0.of_decide_eq_self_eq_true.match_1_1
line 21633: of_decide_eq_self_eq_true
line 21674: instLawfulBEq
line 21714: Prosa.Util.List.in_seq_equiv_undup
line 21726: List.hasDecEq._proof_1
line 21757: List.hasDecEq._proof_3
line 21759: List.hasDecEq._proof_2
line 21814: List.hasDecEq.match_3
line 21827: decEq
line 21884: List.hasDecEq.match_1
line 21973: List.hasDecEq.match_5
line 22265: List.hasDecEq._f
line 22291: List.hasDecEq
line 22346: List.hasDecEq._proof_4
line 22405: List.hasDecEq._proof_5
line 22432: List.hasDecEq._proof_6
line 22588: instDecidableEqList
line 22623: Option.instDecidableEq.match_1
line 22633: Option.instDecidableEq._proof_1
line 22679: Option.noConfusionType
line 22766: Option.noConfusion
line 22802: Option.instDecidableEq._proof_2
line 22823: Option.instDecidableEq._proof_3
line 22825: Option.instDecidableEq.match_3
line 22870: Option.instDecidableEq._proof_4
line 22910: Option.instDecidableEq._proof_5
line 23013: Option.instDecidableEq
line 23047: Prosa.Util.List.seq1_some
line 23082: Prosa.Util.List.seq_elim_last
line 23115: Prosa.Util.List.in_cat
line 23137: Prosa.Util.List.filter_in_pred0
line 23140: Prosa.Util.List.rem_all.match_1
line 23206: Prosa.Util.List.rem_all._f
line 23221: Prosa.Util.List.rem_all
line 23239: Prosa.Util.List.nin_rem_all
line 23257: Prosa.Util.List.in_rem_all
line 23271: Prosa.Util.List.rem_lt_id
line 23302: List.Pairwise
line 23322: List.Nodup
line 23350: Prosa.Util.List.subseq_leq_size
line 23360: Prod
line 23360: Prod.(field).snd2
line 23360: Prod.(field).fst2
line 23455: List.zipWith.match_1
line 23526: List.zipWith._f
line 23554: List.zipWith
line 23576: List.zip
line 23659: Prosa.Util.List.in_zip
line 23699: List.findIdx.go.match_1
line 23720: cond
line 23770: List.findIdx.go._f
line 23786: List.findIdx.go
line 23798: List.findIdx
line 23823: List.idxOf
line 23852: Prosa.Util.List.eq_ind_in_seq
line 23872: Prosa.Util.List.default_or_in
line 23900: Prosa.Util.List.exists_two
line 23925: List.all._f
line 23933: List.all
line 23969: List.isEmpty
line 23999: Prosa.Util.List.has_all_nilp
line 24036: List.IsChain
line 24049: Prosa.Util.List.boolSorted
line 24102: Prosa.Util.List.sorted_split
line 24142: Prosa.Util.List.sorted_cat
line 24166: Prosa.Util.List.nonnil_last
line 24190: Prosa.Util.List.filter_last_mem
line 24196: optParam
line 24270: List.range'.match_1
line 24312: List.range'._f
line 24330: List.range'
line 24350: Prosa.Util.List.iotaD_impl
line 24359: Prosa.Util.List.index_iota
line 24372: Prosa.Util.List.index_iota_lt_step
line 24388: Prosa.Util.List.index_iota_cat
line 24389: Quot
quot registered
line 24420: Quot.liftOn
line 24438: Quot.sound
line 24522: funext
line 24572: forall_congr
line 24583: Subsingleton
line 24583: Subsingleton.(field).allEq
line 24593: Subsingleton.allEq
line 24600: Subsingleton.elim
line 24603: _private.Init.Core0.instSubsingletonDecidable.match_1
line 24694: instSubsingletonDecidable
line 24743: Decidable.decide.congr_simp
line 24777: _private.Init.Core0.decide_true.match_1_1
line 24801: decide_true
line 24815: implies_true
line 24924: Nat.instLawfulBEq
line 24924: ReflBEq_inst1.(field).rfl1
line 24924: LawfulBEq_inst1.(field).eq_of_beq0
line 24924: LawfulBEq_inst1.(field).toReflBEq0
line 24930: Prosa.Util.List.range
line 24964: Prosa.Util.List.range_filter_2cons
line 24981: Prosa.Util.List.index_iota_filter_eqx
line 24997: Prosa.Util.List.index_iota_filter_singl
line 25024: Prosa.Util.List.index_iota_filter_inxs
line 25068: Prosa.Util.List.index_iota_filter_step
line 25103: Prosa.Util.List.range_iota_filter_step
line 25126: Prosa.Util.List.iota_filter_gt
line 25148: List.countP.go._f
line 25158: List.countP.go
line 25167: List.countP
line 25196: Prosa.Util.List.sub_count_seq
line 25225: Prosa.Util.List.count_predUI'
line 25258: Prosa.Util.List.prefix_of
line 25272: Prosa.Util.List.strict_prefix_of
line 25283: Prosa.Util.List.shift_points_pos
line 25296: Prosa.Util.List.shift_points_neg
line 25301: Prosa.Validation.ListLastInterface.nat_zero
line 25305: Prosa.Validation.ListLastInterface.nat_one
line 25315: Prosa.Validation.ListLastInterface.append_nil
line 25331: Prosa.Validation.ListLastInterface.append_cons
line 25340: Prosa.Validation.ListLastInterface.filter_nil
line 25343: Prosa.Validation.ListLastInterface.filter_cons.match_1
line 25372: Prosa.Validation.ListLastInterface.filter_cons
line 25378: Prosa.Validation.ListLastInterface.length_nil
line 25390: Prosa.Validation.ListLastInterface.length_cons
line 25396: Prosa.Validation.ListLastInterface.length_cons_succ
line 25406: Prosa.Validation.ListLastInterface.getD_nil
line 25418: Prosa.Validation.ListLastInterface.getD_zero
line 25432: Prosa.Validation.ListLastInterface.getD_succ
line 25445: Prosa.Validation.ListLastInterface.getD_succ_direct
line 25453: Prosa.Validation.ListLastInterface.sub_zero
line 25463: Prosa.Validation.ListLastInterface.sub_succ
line 25471: Prosa.Validation.ListLastInterface.sub_one
line 25501: Prosa.Validation.ListLastInterface.generic_erase_nil
line 25547: Prosa.Validation.ListLastInterface.generic_erase_cons
line 25562: Prosa.Validation.ListLastInterface.generic_filter_nil
line 25597: Prosa.Validation.ListLastInterface.generic_filter_cons
line 25607: Prosa.Validation.ListLastInterface.generic_length_nil
line 25620: Prosa.Validation.ListLastInterface.generic_length_cons
line 25661: _private.Init.Data.List.Lemmas0.List.mem_reverseAux.match_1_3
line 25715: List.Mem.casesOn
line 25915: _private.Init.Data.List.Lemmas0.List.mem_reverseAux.match_1_1
line 25934: List.reverseAux.eq_2
line 25986: List.cons.noConfusion
line 25999: true_or
line 26012: or_true
line 26219: _private.Init.Data.List.Lemmas0.List.mem_cons.match_1_1
line 26656: List.mem_cons
line 26673: Function.comp
line 26710: Or.imp
line 26731: Or.imp_right
line 26749: Or.imp_left
line 26824: or_assoc
line 26846: Or.symm
line 26864: Or.comm
line 26871: or_comm
line 26881: Iff.refl
line 26886: Iff.rfl
line 26978: or_left_comm
line 27325: List.mem_reverseAux._f
line 27367: List.mem_reverseAux
line 27388: _private.Init.Data.List.Lemmas0.List.mem_reverse._simp_1_1
line 27517: _private.Init.Data.List.Lemmas0.List.not_mem_nil.match_1_1
line 27533: List.not_mem_nil
line 27546: List.not_mem_nil._simp_1
line 27555: False.casesOn
line 27609: _private.Init.SimpLemmas0.or_false.match_1_1
line 27634: or_false
line 27643: iff_self
line 27708: List.mem_reverse
line 27725: List.mem_reverse._simp_1
line 27773: _private.Init.SimpLemmas0.false_or.match_1_1
line 27796: false_or
line 27856: List.brecOn.eq
line 27861: _private.Init.Data.List.Lemmas0.List.reverseAux.match_1.splitter
line 28486: List.eraseDupsBy.loop.eq_def
line 28490: _private.Init.Data.List.Lemmas0.List.filter.match_1.splitter
line 28509: List.mem_cons._simp_1
line 28573: _private.Init.Data.List.Lemmas0.List.mem_eraseDupsBy_loop.match_1_4
line 28943: _private.Init.Data.List.Lemmas0.List.mem_eraseDupsBy_loop.match_1_8
line 29078: _private.Init.Data.List.Lemmas0.List.mem_eraseDupsBy_loop.match_1_6
line 29086: DecidablePred
line 29265: List.decidableBEx.match_1
line 29330: List.decidableBEx.match_7
line 29402: List.decidableBEx.match_3
line 29996: List.decidableBEx.match_5
line 30261: List.decidableBEx._f
line 30283: List.decidableBEx
line 30346: _private.Init.PropLemmas0.exists_false.match_1_1
line 30362: exists_false
line 30372: exists_false._simp_1
line 30406: _private.Init.Core0.decide_false.match_1_1
line 30429: decide_false
line 30457: _private.Init.Core0.And.symm.match_1_1
line 30482: And.symm
line 30500: And.comm
line 30507: and_comm
line 30561: _private.Init.PropLemmas0.and_or_left.match_1_1
line 30589: And.imp
line 30608: And.imp_right
line 30671: and_or_left
line 30781: or_and_right
line 30798: _private.Init.PropLemmas0.exists_eq_or_imp._simp_1_1
line 30899: _private.Init.PropLemmas0.exists_or.match_1_1
line 31006: _private.Init.PropLemmas0.exists_or.match_1_3
line 31092: exists_or
line 31109: _private.Init.PropLemmas0.exists_eq_or_imp._simp_1_2
line 31219: _private.Init.PropLemmas0.exists_eq_left.match_1_1
line 31269: exists_eq_left
line 31286: exists_eq_left._simp_1
line 31381: exists_eq_or_imp
line 31401: exists_eq_or_imp._simp_1
line 31449: Bool.false_or
line 31491: Bool.true_or
line 31728: Bool.decide_or
line 31850: Bool.decide_eq_true
line 32164: List.any_eq
line 32206: _private.Init.Prelude0.decide_eq_true.match_1_1
line 32237: decide_eq_true
line 32261: decide_eq_true_eq
line 32312: List.any_eq_true
line 32506: _private.Init.Data.List.Lemmas0.List.mem_eraseDupsBy_loop.match_1_10
line 32575: _private.Init.Data.List.Lemmas0.List.mem_eraseDupsBy_loop.match_1_12
line 33327: _private.Init.Data.List.Lemmas0.List.mem_eraseDupsBy_loop
line 33354: _private.Init.Data.List.Lemmas0.List.mem_eraseDups._simp_1_3
line 33436: List.mem_eraseDups
line 33475: Prosa.Validation.ListLastInterface.generic_mem_eraseDups
line 33495: Prosa.Validation.ListLastInterface.generic_rem_all_nil
line 33524: Prosa.Validation.ListLastInterface.generic_rem_all_cons
line 33542: Prosa.Validation.ListLastInterface.generic_getD_nil
line 33563: Prosa.Validation.ListLastInterface.generic_getD_zero
line 33588: Prosa.Validation.ListLastInterface.generic_getD_succ
line 33612: Prosa.Validation.ListLastInterface.generic_zip_nil_left
line 33739: Prosa.Validation.ListLastInterface.generic_zip_nil_right
line 33769: Prosa.Validation.ListLastInterface.generic_zip_cons
line 33789: Prosa.Validation.ListLastInterface.generic_idxOf_nil
line 33798: _private.Init.Data.List.Find0.List.findIdx.go.match_1.splitter
line 34244: List.findIdx.go.eq_def
line 34250: Nat.succ_eq_add_one
line 34562: _private.Init.Data.List.Find0.List.findIdx_cons.findIdx_go_succ._f
line 34598: _private.Init.Data.List.Find0.List.findIdx_cons.findIdx_go_succ
line 34619: iff_of_true
line 34631: iff_true_intro
line 34641: imp_self
line 34652: imp_self._simp_1
line 34668: Eq.propIntro
line 34683: Nat.succ.inj
line 34702: Nat.succ.injEq
line 34802: Nat.add_left_cancel
line 34908: _private.Init.Data.Nat.Lemmas0.Nat.add_left_cancel_iff.match_1_1
line 34941: Nat.add_left_cancel_iff
line 34958: Nat.add_left_cancel_iff._simp_1
line 35146: List.findIdx_cons
line 35216: List.idxOf_cons
line 35253: Prosa.Validation.ListLastInterface.generic_idxOf_cons
line 35266: Prosa.Validation.ListLastInterface.generic_all_nil
line 35286: Prosa.Validation.ListLastInterface.generic_all_cons
line 35299: Prosa.Validation.ListLastInterface.generic_any_nil
line 35319: Prosa.Validation.ListLastInterface.generic_any_cons
line 35329: Prosa.Validation.ListLastInterface.generic_isEmpty_nil
line 35342: Prosa.Validation.ListLastInterface.generic_isEmpty_cons
line 35357: Prosa.Validation.ListLastInterface.generic_getLastD_nil
line 35372: Prosa.Validation.ListLastInterface.generic_getLastD_singleton
line 35394: Prosa.Validation.ListLastInterface.generic_getLastD_cons_cons
line 35411: Prosa.Validation.ListLastInterface.generic_boolSorted_nil
line 35428: Prosa.Validation.ListLastInterface.generic_boolSorted_singleton
line 35513: List.IsChain.casesOn
line 36058: _private.Batteries.Data.List.Basic0.List.isChain_cons_cons.match_1_1
line 36125: _private.Batteries.Data.List.Basic0.List.isChain_cons_cons.match_1_3
line 36186: List.isChain_cons_cons
line 36219: Prosa.Validation.ListLastInterface.generic_boolSorted_cons_cons
line 36229: Prosa.Validation.ListLastInterface.generic_range_prime_zero
line 36244: Prosa.Validation.ListLastInterface.generic_range_prime_succ
line 36254: Prosa.Validation.ListLastInterface.production_index_iota_eq
line 36265: Prosa.Validation.ListLastInterface.production_range_eq
line 36281: Prosa.Validation.ListLastInterface.generic_map_nil
line 36303: Prosa.Validation.ListLastInterface.generic_map_cons
line 36312: Prosa.Validation.ListLastInterface.nat_map_nil
line 36328: Prosa.Validation.ListLastInterface.nat_map_cons
line 36340: Prosa.Validation.ListLastInterface.generic_countP_nil
line 36348: _private.Init.Data.List.Count0.List.findIdx.go.match_1.splitter
line 36587: List.countP.go.eq_def
line 36634: _private.Init.Core0.Bool.of_not_eq_true.match_1_1
line 36656: Bool.of_not_eq_true
line 36955: List.countP_go_eq_add
line 37097: List.countP_cons_of_pos
line 37149: List.countP_cons_of_neg
line 37172: Bool.false_eq_true
line 37313: List.countP_cons
line 37336: Prosa.Validation.ListLastInterface.generic_countP_cons
line 37345: Prosa.Validation.ListLastInterface.nat_countP_nil
line 37362: Prosa.Validation.ListLastInterface.nat_countP_cons
line 37384: Prosa.Validation.ListLastInterface.production_prefix_of_eq
line 37406: Prosa.Validation.ListLastInterface.production_strict_prefix_of_eq
line 37418: Prosa.Validation.ListLastInterface.production_shift_points_pos_eq
line 37430: Prosa.Validation.ListLastInterface.production_shift_points_neg_eq


Done!
- 852 entries (1559 possible instances) (including quot).
- 38 universe expressions
- 5476 names
- 31066 expression nodes
Max universe instance length 3.
0 inductives have non syntactically arity types.
