line 9: Nat
Nat is predeclared
line 14: Bool
line 36: Or
Or is predeclared
line 49: And
And is predeclared
line 69: LE
line 69: LE.(field).le
line 80: LE.le
line 100: Nat.le
Nat_le is predeclared
line 107: instLENat
line 107: LE_inst1.(field).le0
line 115: LT
line 115: LT.(field).lt
line 123: LT.lt
line 129: Nat.lt
line 137: instLTNat
line 137: LT_inst1.(field).lt0
line 150: Eq
Eq is predeclared
line 167: Exists
line 167: Exists.(field).h
line 167: Exists.(field).w
line 228: Prosa.Util.SearchArg.earliest_pred_element_exists_case
line 239: Option
line 243: PUnit
line 264: PProd
line 264: PProd.(field).snd
line 264: PProd.(field).fst
line 289: Nat.below
line 342: Nat.brecOn.go
line 354: Nat.brecOn
line 356: False
line 361: Not
line 374: Decidable
line 413: Decidable.casesOn
line 448: ite
line 464: dite
line 488: Nat.casesOn
line 568: Nat.ble.match_1
line 606: Nat.ble._f
line 617: Nat.ble
line 628: DecidableEq
line 631: Unit
line 652: Bool.casesOn
line 656: Unit.unit
line 731: Bool.decEq.match_1
line 743: rfl
line 766: Bool.noConfusionType
line 810: Eq.ndrec
line 848: Bool.noConfusion
line 896: Bool.decEq
line 901: instDecidableEqBool
line 917: OfNat
line 917: OfNat.(field).ofNat
line 928: OfNat.ofNat
line 939: instOfNatNat
line 939: OfNat_inst1.(field).ofNat0
line 955: False.elim
line 990: Eq.casesOn
line 1003: HEq
line 1007: True
line 1080: Nat.beq.match_1
line 1101: Nat.beq._f
line 1107: Nat.beq
line 1143: _private.Init.Prelude0.noConfusion_of_Nat.aux.match_1_1
line 1183: _private.Init.Prelude0.noConfusion_of_Nat.aux._f
line 1183: PProd_inst1.(field).snd0
line 1183: PProd_inst1.(field).fst0
line 1191: _private.Init.Prelude0.noConfusion_of_Nat.aux
line 1247: congrArg
line 1299: noConfusion_of_Nat
line 1315: Bool.ctorIdx
line 1506: _private.Init.Prelude0.Nat.le_of_ble_eq_true.match_1_1
line 1509: _private.Init.Prelude0.Nat.zero_le.match_1_1
line 1553: Nat.zero_le._f
line 1560: Nat.zero_le
line 1609: Nat.le.below
line 1668: Nat.le.brecOn
line 1759: Nat.le.below.casesOn
line 1794: Eq.symm
line 1824: cast
line 1919: eq_of_heq
line 2448: _private.Init.Prelude0.Nat.succ_le_succ.match_1_7
Eq_inst1 is predeclared
line 2452: outParam
line 2480: HAdd
line 2480: HAdd.(field).hAdd
line 2495: HAdd.hAdd
line 2505: Add
line 2505: Add.(field).add
line 2514: Add.add
line 2548: instHAdd
line 2596: Nat.add.match_1
line 2629: Nat.add._f
line 2639: Nat.add
Nat_add is predeclared
line 2647: instAddNat
line 2647: Add_inst1.(field).add0
line 2726: Nat.succ_le_succ
line 2726: HAdd_inst7.(field).hAdd0
line 2783: Nat.le_of_ble_eq_true._f
line 2795: Nat.le_of_ble_eq_true
line 2814: absurd
line 3188: _private.Init.Prelude0.Nat.ble_eq_true_of_le.match_1_7
line 3208: _private.Init.Prelude0.Nat.ble_self_eq_true.match_1_1
line 3242: Nat.ble_self_eq_true._f
line 3249: Nat.ble_self_eq_true
line 3252: _private.Init.Prelude0.Nat.ble_succ_eq_true.match_1_1
line 3336: Nat.ble_succ_eq_true._f
line 3347: Nat.ble_succ_eq_true
line 3415: Nat.ble_eq_true_of_le
line 3439: Nat.not_le_of_not_ble_eq_true
line 3469: Nat.decLe
line 3483: Nat.decLt
line 3502: Prosa.Util.SearchArg.search_arg.match_3
line 3532: Option.casesOn
line 3568: Prosa.Util.SearchArg.search_arg.match_1
line 3592: Bool.and.match_1
line 3606: Bool.and
line 3689: Prosa.Util.SearchArg.search_arg._f
line 3711: Prosa.Util.SearchArg.search_arg
line 3742: Prosa.Util.SearchArg.search_arg.eq_1
line 3802: Prosa.Util.SearchArg.search_arg.eq_2
line 3815: Iff
line 3815: Iff.(field).mpr
line 3815: Iff.(field).mp
line 3833: Prosa.Util.SearchArg.search_arg_none
line 3858: Prosa.Util.SearchArg.search_arg_not_none
line 3877: Prosa.Util.SearchArg.search_arg_pred
line 3891: Prosa.Util.SearchArg.search_arg_in_range
line 3959: Prosa.Util.SearchArg.search_arg_extremum
line 3968: DecidablePred
line 3979: Subtype
line 3979: Subtype.(field).property
line 3979: Subtype.(field).val
line 3990: Subtype.val
line 4009: Acc
line 4024: WellFounded
line 4024: WellFounded.(field).h
line 4078: WellFounded.fixF
line 4115: WellFounded.apply
line 4148: WellFounded.fix
line 4171: _private.Mathlib.Data.Nat.Find0.Nat.lbp
line 4206: Exists.casesOn
line 4259: _private.Mathlib.Data.Nat.Find0.Nat.wf_lbp.match_3
line 4273: Nat.recOn
line 4307: And.casesOn
line 4532: _private.Mathlib.Data.Nat.Find0.Nat.wf_lbp.match_1
line 4565: Eq.mpr
line 4571: id
line 4654: _private.Init.Data.Nat.Basic0.Nat.add_assoc.match_1_1
line 4735: Nat.add_assoc._f
line 4752: Nat.add_assoc
line 4790: _private.Init.Data.Nat.Basic0.Nat.add_comm.match_1_1
line 4793: _private.Init.Data.Nat.Basic0.Nat.zero_add.match_1_1
line 4845: Nat.zero_add._f
line 4852: Nat.zero_add
line 4855: _private.Init.Data.Nat.Basic0.Nat.succ_add.match_1_1
line 4936: Nat.succ_add._f
line 4950: Nat.succ_add
line 5040: Nat.add_comm._f
line 5052: Nat.add_comm
line 5128: Nat.add_right_comm
line 5131: _private.Init.Data.Nat.Basic0.Nat.le_add_right.match_1_1
line 5137: Nat.le_refl
line 5149: Nat.le_succ_of_le
line 5212: Nat.le_add_right._f
line 5223: Nat.le_add_right
line 5252: Nat.le_add_left
line 5409: _private.Mathlib.Data.Nat.Find0.Nat.wf_lbp
line 5434: Nat.findX._proof_2
line 5474: Or.casesOn
line 5498: _private.Init.Prelude0.Or.elim.match_1_1
line 5521: Or.elim
line 5540: Function.comp
line 5579: Or.imp
line 5600: Or.imp_right
line 5635: Nat.le.casesOn
line 5844: _private.Init.Prelude0.Nat.le_antisymm.match_1_1
line 6359: _private.Init.Prelude0.Nat.le_trans.match_1_10
line 6442: Nat.le_trans
line 6465: Nat.lt_of_le_of_lt
line 6468: _private.Init.Prelude0.Nat.not_succ_le_self.match_1_1
line 6497: Nat.noConfusionType
line 6534: Nat.noConfusion
line 6594: Nat.not_succ_le_zero
line 6597: Nat.pow.match_1
line 6619: Nat.pred
line 6845: _private.Init.Prelude0.Nat.pred_le_pred.match_1_1
line 6853: Nat.le_succ
line 6899: Nat.pred_le_pred
line 6910: Nat.le_of_succ_le_succ
line 6966: Nat.not_succ_le_self._f
line 6973: Nat.not_succ_le_self
line 6981: Nat.lt_irrefl
line 7028: Nat.le_antisymm
line 7044: GE.ge
line 7047: _private.Init.Prelude0.Nat.lt_or_ge.match_1_5
line 7113: _private.Init.Prelude0.Nat.lt_or_ge.match_1_3
line 7163: _private.Init.Prelude0.Nat.lt_or_ge.match_1_1
line 7286: _private.Init.Prelude0.Nat.eq_or_lt_of_le.match_1_3
line 7335: _private.Init.Prelude0.Nat.eq_or_lt_of_le.match_1_1
line 7467: Nat.eq_or_lt_of_le._f
line 7478: Nat.eq_or_lt_of_le
line 7591: Nat.lt_or_ge._f
line 7601: Nat.lt_or_ge
line 7623: Nat.lt_or_eq_of_le
line 7652: Nat.findX._proof_1
line 7687: Nat.findX._proof_3
line 7709: Nat.findX._proof_4
line 7726: Nat.findX._proof_5
line 7732: Nat.not_lt_zero
line 7751: Nat.findX._proof_6
line 7862: Nat.findX
line 7882: Nat.find
line 7915: Prosa.Util.SearchArg.prop_on_ex_minn


Done!
- 191 entries (297 possible instances).
- 18 universe expressions
- 1273 names
- 6435 expression nodes
Max universe instance length 3.
0 inductives have non syntactically arity types.
