line 3: False
line 15: Not
line 33: Decidable
line 49: Eq
Eq is predeclared
line 67: DecidableEq
line 83: Iff
line 83: Iff.(field).mpr
line 83: Iff.(field).mp
line 88: Bool
line 131: Decidable.casesOn
line 159: Decidable.decide
line 166: Ne
line 220: instDecidableAnd.match_1
line 245: absurd
line 279: instDecidableNot
line 325: Prosa.Util.Tactics.neqP
line 334: Prosa.Util.Tactics.modusponens


Done!
- 15 entries (22 possible instances).
- 7 universe expressions
- 104 names
- 210 expression nodes
Max universe instance length 1.
0 inductives have non syntactically arity types.
