line 9: Nat
Nat is predeclared
line 33: Eq
Eq is predeclared
line 40: outParam
line 77: HAdd
line 77: HAdd.(field).hAdd
line 94: HAdd.hAdd
line 105: Add
line 105: Add.(field).add
line 115: Add.add
line 150: instHAdd
line 154: PUnit
line 172: PProd
line 172: PProd.(field).snd
line 172: PProd.(field).fst
line 198: Nat.below
line 256: Nat.brecOn.go
line 268: Nat.brecOn
line 293: Nat.casesOn
line 358: Nat.add.match_1
line 393: Nat.add._f
line 404: Nat.add
Nat_add is predeclared
line 412: instAddNat
line 412: Add_inst1.(field).add0
line 420: LE
line 420: LE.(field).le
line 430: LE.le
line 448: Nat.le
Nat_le is predeclared
line 455: instLENat
line 455: LE_inst1.(field).le0
line 491: Prosa.Util.Subadditivity.subadditive_at
line 491: HAdd_inst7.(field).hAdd0
line 499: LT
line 499: LT.(field).lt
line 507: LT.lt
line 513: Nat.lt
line 521: instLTNat
line 521: LT_inst1.(field).lt0
line 536: Prosa.Util.Subadditivity.subadditive_until
line 543: Prosa.Util.Subadditivity.subadditive
line 554: Prosa.Util.Subadditivity.subadditive_standard
line 570: Iff
line 570: Iff.(field).mpr
line 570: Iff.(field).mp
line 579: Prosa.Util.Subadditivity.subadditive_standard_equivalence
line 595: OfNat
line 595: OfNat.(field).ofNat
line 606: OfNat.ofNat
line 617: instOfNatNat
line 617: OfNat_inst1.(field).ofNat0
line 629: HMul
line 629: HMul.(field).hMul
line 643: HMul.hMul
line 651: Mul
line 651: Mul.(field).mul
line 659: Mul.mul
line 687: instHMul
line 725: Nat.mul.match_1
line 748: Nat.mul._f
line 754: Nat.mul
Nat_mul is predeclared
line 762: instMulNat
line 762: Mul_inst1.(field).mul0
line 787: Prosa.Util.Subadditivity.subadditive_leq_mul
line 787: HMul_inst7.(field).hMul0


Done!
- 45 entries (97 possible instances).
- 16 universe expressions
- 171 names
- 557 expression nodes
Max universe instance length 3.
0 inductives have non syntactically arity types.
