File "./SearchArgStatementCertificate.v", line 1, characters 0-54:
Warning: Notation "_ + _" was already used in scope nat_scope.
[notation-overridden,parsing,default]
File "./SearchArgStatementCertificate.v", line 1, characters 0-54:
Warning: Notation "_ - _" was already used in scope nat_scope.
[notation-overridden,parsing,default]
File "./SearchArgStatementCertificate.v", line 1, characters 0-54:
Warning: Notation "_ <= _" was already used in scope nat_scope.
[notation-overridden,parsing,default]
File "./SearchArgStatementCertificate.v", line 1, characters 0-54:
Warning: Notation "_ < _" was already used in scope nat_scope.
[notation-overridden,parsing,default]
File "./SearchArgStatementCertificate.v", line 1, characters 0-54:
Warning: Notation "_ >= _" was already used in scope nat_scope.
[notation-overridden,parsing,default]
File "./SearchArgStatementCertificate.v", line 1, characters 0-54:
Warning: Notation "_ > _" was already used in scope nat_scope.
[notation-overridden,parsing,default]
File "./SearchArgStatementCertificate.v", line 1, characters 0-54:
Warning: Notation "_ <= _ <= _" was already used in scope nat_scope.
[notation-overridden,parsing,default]
File "./SearchArgStatementCertificate.v", line 1, characters 0-54:
Warning: Notation "_ < _ <= _" was already used in scope nat_scope.
[notation-overridden,parsing,default]
File "./SearchArgStatementCertificate.v", line 1, characters 0-54:
Warning: Notation "_ <= _ < _" was already used in scope nat_scope.
[notation-overridden,parsing,default]
File "./SearchArgStatementCertificate.v", line 1, characters 0-54:
Warning: Notation "_ < _ < _" was already used in scope nat_scope.
[notation-overridden,parsing,default]
File "./SearchArgStatementCertificate.v", line 1, characters 0-54:
Warning: Notation "_ * _" was already used in scope nat_scope.
[notation-overridden,parsing,default]
File "./SearchArgStatementCertificate.v", line 7, characters 0-40:
Warning: Trying to mask the absolute name "GeneratedSearchArgSource"!
[masking-absolute-name,deprecated-since-8.8,deprecated,default]
File "./SearchArgStatementCertificate.v", line 741, characters 2-28:
Error: The reference ImportedSearchArg.Nat_find was not found in the current
environment.

