File "./SubadditivityNatCorrespondence.v", line 1, characters 0-54:
Warning: Notation "_ + _" was already used in scope nat_scope.
[notation-overridden,parsing,default]
File "./SubadditivityNatCorrespondence.v", line 1, characters 0-54:
Warning: Notation "_ - _" was already used in scope nat_scope.
[notation-overridden,parsing,default]
File "./SubadditivityNatCorrespondence.v", line 1, characters 0-54:
Warning: Notation "_ <= _" was already used in scope nat_scope.
[notation-overridden,parsing,default]
File "./SubadditivityNatCorrespondence.v", line 1, characters 0-54:
Warning: Notation "_ < _" was already used in scope nat_scope.
[notation-overridden,parsing,default]
File "./SubadditivityNatCorrespondence.v", line 1, characters 0-54:
Warning: Notation "_ >= _" was already used in scope nat_scope.
[notation-overridden,parsing,default]
File "./SubadditivityNatCorrespondence.v", line 1, characters 0-54:
Warning: Notation "_ > _" was already used in scope nat_scope.
[notation-overridden,parsing,default]
File "./SubadditivityNatCorrespondence.v", line 1, characters 0-54:
Warning: Notation "_ <= _ <= _" was already used in scope nat_scope.
[notation-overridden,parsing,default]
File "./SubadditivityNatCorrespondence.v", line 1, characters 0-54:
Warning: Notation "_ < _ <= _" was already used in scope nat_scope.
[notation-overridden,parsing,default]
File "./SubadditivityNatCorrespondence.v", line 1, characters 0-54:
Warning: Notation "_ <= _ < _" was already used in scope nat_scope.
[notation-overridden,parsing,default]
File "./SubadditivityNatCorrespondence.v", line 1, characters 0-54:
Warning: Notation "_ < _ < _" was already used in scope nat_scope.
[notation-overridden,parsing,default]
File "./SubadditivityNatCorrespondence.v", line 1, characters 0-54:
Warning: Notation "_ * _" was already used in scope nat_scope.
[notation-overridden,parsing,default]
Axioms:
eq relies on definitional UIP.
Axioms:
eq relies on definitional UIP.
Axioms:
eq relies on definitional UIP.
Axioms:
eq relies on definitional UIP.
SubNatTrue relies on definitional UIP.
interpret_strict : forall P : Prop, StrictlyInhabited P -> P
Axioms:
eq relies on definitional UIP.
SubNatTrue relies on definitional UIP.
interpret_strict : forall P : Prop, StrictlyInhabited P -> P
Axioms:
eq relies on definitional UIP.
interpret_strict : forall P : Prop, StrictlyInhabited P -> P
