line 9: Nat
Nat is predeclared
line 14: Bool
line 33: Option
line 38: PUnit
line 61: PProd
line 61: PProd.(field).snd
line 61: PProd.(field).fst
line 87: Nat.below
line 145: Nat.brecOn.go
line 157: Nat.brecOn
line 160: False
line 171: Not
line 186: Decidable
line 226: Decidable.casesOn
line 262: ite
line 272: LT
line 272: LT.(field).lt
line 283: LT.lt
line 301: Nat.le
Nat_le is predeclared
line 307: Nat.lt
line 315: instLTNat
line 315: LT_inst1.(field).lt0
line 323: LE
line 323: LE.(field).le
line 331: LE.le
line 338: instLENat
line 338: LE_inst1.(field).le0
line 354: dite
line 367: Eq
Eq is predeclared
line 391: Nat.casesOn
line 471: Nat.ble.match_1
line 512: Nat.ble._f
line 523: Nat.ble
line 535: DecidableEq
line 538: Unit
line 559: Bool.casesOn
line 563: Unit.unit
line 638: Bool.decEq.match_1
line 650: rfl
line 675: Bool.noConfusionType
line 720: Eq.ndrec
line 760: Bool.noConfusion
line 808: Bool.decEq
line 813: instDecidableEqBool
line 829: OfNat
line 829: OfNat.(field).ofNat
line 840: OfNat.ofNat
line 851: instOfNatNat
line 851: OfNat_inst1.(field).ofNat0
line 867: False.elim
line 902: Eq.casesOn
line 916: HEq
line 920: True
line 993: Nat.beq.match_1
line 1014: Nat.beq._f
line 1020: Nat.beq
line 1056: _private.Init.Prelude0.noConfusion_of_Nat.aux.match_1_1
line 1096: _private.Init.Prelude0.noConfusion_of_Nat.aux._f
line 1096: PProd_inst1.(field).snd0
line 1096: PProd_inst1.(field).fst0
line 1104: _private.Init.Prelude0.noConfusion_of_Nat.aux
line 1160: congrArg
line 1212: noConfusion_of_Nat
line 1228: Bool.ctorIdx
line 1419: _private.Init.Prelude0.Nat.le_of_ble_eq_true.match_1_1
line 1422: _private.Init.Prelude0.Nat.zero_le.match_1_1
line 1470: Nat.zero_le._f
line 1477: Nat.zero_le
line 1526: Nat.le.below
line 1585: Nat.le.brecOn
line 1676: Nat.le.below.casesOn
line 1711: Eq.symm
line 1741: cast
line 1836: eq_of_heq
line 2369: _private.Init.Prelude0.Nat.succ_le_succ.match_1_7
Eq_inst1 is predeclared
line 2373: outParam
line 2402: HAdd
line 2402: HAdd.(field).hAdd
line 2417: HAdd.hAdd
line 2427: Add
line 2427: Add.(field).add
line 2436: Add.add
line 2470: instHAdd
line 2518: Nat.add.match_1
line 2551: Nat.add._f
line 2561: Nat.add
Nat_add is predeclared
line 2569: instAddNat
line 2569: Add_inst1.(field).add0
line 2648: Nat.succ_le_succ
line 2648: HAdd_inst7.(field).hAdd0
line 2705: Nat.le_of_ble_eq_true._f
line 2717: Nat.le_of_ble_eq_true
line 2736: absurd
line 3110: _private.Init.Prelude0.Nat.ble_eq_true_of_le.match_1_7
line 3130: _private.Init.Prelude0.Nat.ble_self_eq_true.match_1_1
line 3164: Nat.ble_self_eq_true._f
line 3171: Nat.ble_self_eq_true
line 3174: _private.Init.Prelude0.Nat.ble_succ_eq_true.match_1_1
line 3258: Nat.ble_succ_eq_true._f
line 3269: Nat.ble_succ_eq_true
line 3337: Nat.ble_eq_true_of_le
line 3361: Nat.not_le_of_not_ble_eq_true
line 3391: Nat.decLe
line 3407: Nat.decLt
line 3429: Prosa.Util.SearchArg.search_arg.match_3
line 3459: Option.casesOn
line 3495: Prosa.Util.SearchArg.search_arg.match_1
line 3519: Bool.and.match_1
line 3533: Bool.and
line 3618: Prosa.Util.SearchArg.search_arg._f
line 3640: Prosa.Util.SearchArg.search_arg
line 3672: Prosa.Util.SearchArg.search_arg.eq_1
line 3732: Prosa.Util.SearchArg.search_arg.eq_2


Done!
- 99 entries (171 possible instances).
- 18 universe expressions
- 613 names
- 3004 expression nodes
Max universe instance length 3.
0 inductives have non syntactically arity types.
