File "./SearchArgDefinitionCertificate.v", line 1, characters 0-54:
Warning: Notation "_ + _" was already used in scope nat_scope.
[notation-overridden,parsing,default]
File "./SearchArgDefinitionCertificate.v", line 1, characters 0-54:
Warning: Notation "_ - _" was already used in scope nat_scope.
[notation-overridden,parsing,default]
File "./SearchArgDefinitionCertificate.v", line 1, characters 0-54:
Warning: Notation "_ <= _" was already used in scope nat_scope.
[notation-overridden,parsing,default]
File "./SearchArgDefinitionCertificate.v", line 1, characters 0-54:
Warning: Notation "_ < _" was already used in scope nat_scope.
[notation-overridden,parsing,default]
File "./SearchArgDefinitionCertificate.v", line 1, characters 0-54:
Warning: Notation "_ >= _" was already used in scope nat_scope.
[notation-overridden,parsing,default]
File "./SearchArgDefinitionCertificate.v", line 1, characters 0-54:
Warning: Notation "_ > _" was already used in scope nat_scope.
[notation-overridden,parsing,default]
File "./SearchArgDefinitionCertificate.v", line 1, characters 0-54:
Warning: Notation "_ <= _ <= _" was already used in scope nat_scope.
[notation-overridden,parsing,default]
File "./SearchArgDefinitionCertificate.v", line 1, characters 0-54:
Warning: Notation "_ < _ <= _" was already used in scope nat_scope.
[notation-overridden,parsing,default]
File "./SearchArgDefinitionCertificate.v", line 1, characters 0-54:
Warning: Notation "_ <= _ < _" was already used in scope nat_scope.
[notation-overridden,parsing,default]
File "./SearchArgDefinitionCertificate.v", line 1, characters 0-54:
Warning: Notation "_ < _ < _" was already used in scope nat_scope.
[notation-overridden,parsing,default]
File "./SearchArgDefinitionCertificate.v", line 1, characters 0-54:
Warning: Notation "_ * _" was already used in scope nat_scope.
[notation-overridden,parsing,default]
File "./SearchArgDefinitionCertificate.v", line 6, characters 0-40:
Warning: Trying to mask the absolute name "GeneratedSearchArgSource"!
[masking-absolute-name,deprecated-since-8.8,deprecated,default]
File "./SearchArgDefinitionCertificate.v", line 8, characters 0-171:
Warning: Not a truly recursive fixpoint. [non-recursive,fixpoints,default]
Axioms:
eq_inst1 relies on definitional UIP.
eq relies on definitional UIP.
True relies on definitional UIP.
HEq_inst1 relies on definitional UIP.
Axioms:
eq relies on definitional UIP.
Axioms:
eq_inst1 relies on definitional UIP.
eq relies on definitional UIP.
True relies on definitional UIP.
SubNatTrue relies on definitional UIP.
HEq_inst1 relies on definitional UIP.
interpret_strict : forall P : Prop, StrictlyInhabited P -> P
Axioms:
eq_inst1 relies on definitional UIP.
eq relies on definitional UIP.
True relies on definitional UIP.
SubNatTrue relies on definitional UIP.
HEq_inst1 relies on definitional UIP.
interpret_strict : forall P : Prop, StrictlyInhabited P -> P
