File "./GeneratedSearchArgSource.v", line 1, characters 0-79:
Warning: Notation "_ + _" was already used in scope nat_scope.
[notation-overridden,parsing,default]
File "./GeneratedSearchArgSource.v", line 1, characters 0-79:
Warning: Notation "_ - _" was already used in scope nat_scope.
[notation-overridden,parsing,default]
File "./GeneratedSearchArgSource.v", line 1, characters 0-79:
Warning: Notation "_ <= _" was already used in scope nat_scope.
[notation-overridden,parsing,default]
File "./GeneratedSearchArgSource.v", line 1, characters 0-79:
Warning: Notation "_ < _" was already used in scope nat_scope.
[notation-overridden,parsing,default]
File "./GeneratedSearchArgSource.v", line 1, characters 0-79:
Warning: Notation "_ >= _" was already used in scope nat_scope.
[notation-overridden,parsing,default]
File "./GeneratedSearchArgSource.v", line 1, characters 0-79:
Warning: Notation "_ > _" was already used in scope nat_scope.
[notation-overridden,parsing,default]
File "./GeneratedSearchArgSource.v", line 1, characters 0-79:
Warning: Notation "_ <= _ <= _" was already used in scope nat_scope.
[notation-overridden,parsing,default]
File "./GeneratedSearchArgSource.v", line 1, characters 0-79:
Warning: Notation "_ < _ <= _" was already used in scope nat_scope.
[notation-overridden,parsing,default]
File "./GeneratedSearchArgSource.v", line 1, characters 0-79:
Warning: Notation "_ <= _ < _" was already used in scope nat_scope.
[notation-overridden,parsing,default]
File "./GeneratedSearchArgSource.v", line 1, characters 0-79:
Warning: Notation "_ < _ < _" was already used in scope nat_scope.
[notation-overridden,parsing,default]
File "./GeneratedSearchArgSource.v", line 1, characters 0-79:
Warning: Notation "_ * _" was already used in scope nat_scope.
[notation-overridden,parsing,default]
