line 9: Nat
Nat is predeclared
line 12: False
line 24: Not
line 40: Decidable
line 57: DecidablePred
line 72: Exists
line 72: Exists.(field).h
line 72: Exists.(field).w
line 84: Subtype
line 84: Subtype.(field).property
line 84: Subtype.(field).val
line 96: Subtype.val
line 110: And
And is predeclared
line 123: LT
line 123: LT.(field).lt
line 133: LT.lt
line 153: Nat.le
Nat_le is predeclared
line 159: Nat.lt
line 167: instLTNat
line 167: LT_inst1.(field).lt0
line 190: Acc


Done!
- 14 entries (20 possible instances).
- 5 universe expressions
- 49 names
- 123 expression nodes
Max universe instance length 1.
0 inductives have non syntactically arity types.
File "./ImportedSearchArg.v", line 3, characters 0-28:
Error:
Error at line 190 (for Acc): #IND 2 45 122 1 46 120 19
Anomaly "File "src/lean.ml", line 1548, characters 6-12: Assertion failed."
Please report at http://coq.inria.fr/bugs/.

