1 #NS 0 Nat
2 #NS 1 zero
0 #EC 1 
3 #NS 1 succ
4 #NS 0 n
1 #EP #BD 4 0 0
1 #US 0
2 #ES 1
#IND 0 1 2 2 2 0 3 1 
5 #NS 0 Bool
6 #NS 5 false
3 #EC 5 
7 #NS 5 true
#IND 0 5 2 2 6 3 7 3 
8 #NS 0 Option
9 #NS 8 none
10 #NS 0 α
11 #NS 0 u
2 #UP 11
3 #US 2
4 #ES 3
5 #EC 8 2
6 #EV 0
7 #EA 5 6
8 #EP #BI 10 4 7
12 #NS 8 some
13 #NS 0 val
9 #EV 1
10 #EA 5 9
11 #EP #BD 13 6 10
12 #EP #BI 10 4 11
13 #EP #BD 10 4 4
#IND 1 8 13 2 9 8 12 12 11
14 #NS 0 PUnit
15 #NS 14 unit
14 #EC 14 2
15 #ES 2
#IND 0 14 15 1 15 14 11
16 #NS 0 PProd
17 #NS 16 mk
18 #NS 0 β
19 #NS 0 v
4 #UP 19
16 #ES 4
20 #NS 0 fst
21 #NS 0 snd
17 #EC 16 2 4
18 #EV 3
19 #EA 17 18
20 #EV 2
21 #EA 19 20
22 #EP #BD 21 9 21
23 #EP #BD 20 9 22
24 #EP #BI 18 16 23
25 #EP #BI 10 15 24
5 #UM 1 2
6 #UM 5 4
26 #ES 6
27 #EP #BD 18 16 26
28 #EP #BD 10 15 27
#IND 2 16 28 1 17 25 11 19
22 #NS 1 below
23 #NS 0 motive
24 #NS 0 t
29 #EP #BD 24 0 15
30 #ES 5
31 #EP #BD 24 0 30
32 #EP #BI 23 29 31
25 #NS 1 rec
7 #US 5
33 #EC 25 7
34 #EL #BD 24 0 30
35 #EA 33 34
36 #EC 14 5
37 #EA 35 36
26 #NS 0 n_ih
38 #EC 16 2 5
39 #EA 18 9
40 #EA 38 39
41 #EA 40 6
42 #EL #BD 26 30 41
43 #EL #BD 4 0 42
44 #EA 37 43
45 #EA 44 6
46 #EL #BD 24 0 45
47 #EL #BI 23 29 46
#DEF 22 32 47 11
27 #NS 1 brecOn
28 #NS 27 go
29 #NS 0 F_1
30 #NS 0 f
48 #EC 22 2
49 #EA 48 20
50 #EA 49 6
51 #EP #BD 30 50 39
52 #EP #BD 24 0 51
53 #EA 20 9
54 #EA 38 53
55 #EA 49 9
56 #EA 54 55
57 #EP #BD 29 52 56
58 #EP #BD 24 0 57
59 #EP #BI 23 29 58
60 #EC 25 5
61 #EA 18 6
62 #EA 38 61
63 #EA 48 18
64 #EA 63 6
65 #EA 62 64
66 #EL #BD 24 0 65
67 #EA 60 66
68 #EC 17 2 5
69 #EC 2 
70 #EA 20 69
71 #EA 68 70
72 #EA 71 36
73 #EA 6 69
74 #EC 15 5
75 #EA 73 74
76 #EA 72 75
77 #EA 76 74
78 #EA 67 77
79 #EV 4
80 #EC 3 
81 #EA 80 9
82 #EA 79 81
83 #EA 68 82
84 #EA 79 9
85 #EA 38 84
86 #EA 48 79
87 #EA 86 9
88 #EA 85 87
89 #EA 83 88
90 #EA 20 81
91 #EA 90 6
92 #EA 89 91
93 #EA 92 6
94 #EL #BD 26 65 93
95 #EL #BD 4 0 94
96 #EA 78 95
97 #EA 96 9
98 #EL #BD 29 52 97
99 #EL #BD 24 0 98
100 #EL #BI 23 29 99
#DEF 28 59 100 11
101 #EP #BD 29 52 53
102 #EP #BD 24 0 101
103 #EP #BI 23 29 102
104 #EC 28 2
105 #EA 104 20
106 #EA 105 9
107 #EA 106 6
108 #EJ 16 0 107
109 #EL #BD 29 52 108
110 #EL #BD 24 0 109
111 #EL #BI 23 29 110
#DEF 27 103 111 11
31 #NS 0 False
112 #ES 0
#IND 0 31 112 0  
32 #NS 0 Not
33 #NS 0 a
113 #EP #BD 33 112 112
34 #NS 33 _@
35 #NS 34 _internal
36 #NS 35 _hyg
37 #NI 36 0
114 #EC 31 
115 #EP #BD 37 6 114
116 #EL #BD 33 112 115
#DEF 32 113 116 
38 #NS 0 Decidable
39 #NS 38 isFalse
40 #NS 0 p
41 #NS 0 h
117 #EC 32 
118 #EA 117 6
119 #EC 38 
120 #EA 119 9
121 #EP #BD 41 118 120
122 #EP #BI 40 112 121
42 #NS 38 isTrue
123 #EP #BD 41 6 120
124 #EP #BI 40 112 123
125 #EP #BD 40 112 2
#IND 1 38 125 2 39 122 42 124 
43 #NS 38 casesOn
126 #EA 119 6
127 #EP #BD 24 126 15
44 #NS 0 isFalse
128 #EA 117 20
129 #EC 39 
130 #EA 129 18
131 #EA 130 6
132 #EA 20 131
133 #EP #BD 41 128 132
45 #NS 0 isTrue
134 #EC 42 
135 #EA 134 79
136 #EA 135 6
137 #EA 18 136
138 #EP #BD 41 18 137
139 #EA 18 20
140 #EP #BD 45 138 139
141 #EP #BD 44 133 140
142 #EP #BD 24 120 141
143 #EP #BI 23 127 142
144 #EP #BI 40 112 143
46 #NS 38 rec
145 #EC 46 2
146 #EA 145 79
147 #EA 146 18
148 #EA 117 79
149 #EA 20 6
150 #EL #BD 41 148 149
151 #EA 147 150
152 #EA 9 6
153 #EL #BD 41 79 152
154 #EA 151 153
155 #EA 154 20
156 #EL #BD 45 138 155
157 #EL #BD 44 133 156
158 #EL #BD 24 120 157
159 #EL #BI 23 127 158
160 #EL #BI 40 112 159
#DEF 43 144 160 11
47 #NS 0 ite
48 #NS 0 c
49 #NS 0 e
161 #EP #BD 49 18 79
162 #EP #BD 24 20 161
163 #EP #BC 41 126 162
164 #EP #BD 48 112 163
165 #EP #BI 10 15 164
166 #EC 43 2
167 #EA 166 18
50 #NS 0 x
51 #NS 50 _@
52 #NS 51 Init
53 #NS 52 Prelude
54 #NI 53 1596968041
55 #NS 54 _hygCtx
56 #NS 55 _hyg
57 #NI 56 10
168 #EA 119 18
169 #EV 5
170 #EL #BD 57 168 169
171 #EA 167 170
172 #EA 171 20
58 #NI 56 15
173 #EA 117 18
174 #EL #BD 58 173 9
175 #EA 172 174
59 #NI 56 22
176 #EL #BD 59 18 20
177 #EA 175 176
178 #EL #BD 49 18 177
179 #EL #BD 24 20 178
180 #EL #BC 41 126 179
181 #EL #BD 48 112 180
182 #EL #BI 10 15 181
#DEF 47 165 182 11
60 #NS 0 LT
61 #NS 60 mk
62 #NS 0 lt
183 #EP #BD 37 9 112
184 #EP #BD 37 6 183
185 #EC 60 2
186 #EA 185 9
187 #EP #BD 62 184 186
188 #EP #BI 10 4 187
#IND 1 60 13 1 61 188 11
63 #NS 60 lt
64 #NS 0 self
189 #EA 185 6
190 #EP #BD 37 20 112
191 #EP #BD 37 9 190
192 #EP #BC 64 189 191
193 #EP #BI 10 4 192
194 #EJ 60 0 6
195 #EL #BC 64 189 194
196 #EL #BD 10 4 195
#DEF 63 193 196 11
65 #NS 1 le
66 #NS 65 refl
197 #EC 65 
198 #EA 197 6
199 #EA 198 6
200 #EP #BI 4 0 199
67 #NS 65 step
68 #NS 0 m
201 #EA 197 9
202 #EA 201 6
203 #EA 197 20
204 #EA 203 81
205 #EP #BD 37 202 204
206 #EP #BI 68 0 205
207 #EP #BI 4 0 206
208 #EP #BD 37 0 112
209 #EP #BD 4 0 208
#IND 1 65 209 2 66 200 67 207 
69 #NS 1 lt
210 #EA 197 81
211 #EA 210 6
212 #EL #BD 68 0 211
213 #EL #BD 4 0 212
#DEF 69 209 213 
70 #NS 0 instLTNat
214 #EC 60 0
215 #EA 214 0
216 #EC 61 0
217 #EA 216 0
218 #EC 69 
219 #EA 217 218
#DEF 70 215 219 
71 #NS 0 LE
72 #NS 71 mk
73 #NS 0 le
220 #EC 71 2
221 #EA 220 9
222 #EP #BD 73 184 221
223 #EP #BI 10 4 222
#IND 1 71 13 1 72 223 11
74 #NS 71 le
224 #EA 220 6
225 #EP #BC 64 224 191
226 #EP #BI 10 4 225
227 #EJ 71 0 6
228 #EL #BC 64 224 227
229 #EL #BD 10 4 228
#DEF 74 226 229 11
75 #NS 0 instLENat
230 #EC 71 0
231 #EA 230 0
232 #EC 72 0
233 #EA 232 0
234 #EA 233 197
#DEF 75 231 234 
76 #NS 0 dite
235 #EP #BD 37 9 18
236 #EP #BD 37 128 79
237 #EP #BD 49 236 79
238 #EP #BD 24 235 237
239 #EP #BC 41 126 238
240 #EP #BD 48 112 239
241 #EP #BI 10 15 240
242 #EA 172 6
243 #EA 242 9
244 #EL #BD 49 236 243
245 #EL #BD 24 235 244
246 #EL #BC 41 126 245
247 #EL #BD 48 112 246
248 #EL #BI 10 15 247
#DEF 76 241 248 11
77 #NS 0 Eq
78 #NS 77 refl
79 #NS 0 u_1
8 #UP 79
249 #ES 8
250 #EC 77 8
251 #EA 250 9
252 #EA 251 6
253 #EA 252 6
254 #EP #BD 33 6 253
255 #EP #BI 10 249 254
256 #EP #BI 10 249 184
#IND 2 77 256 1 78 255 79
80 #NS 1 casesOn
81 #NS 0 zero
257 #EA 9 69
82 #NS 0 succ
258 #EA 80 6
259 #EA 18 258
260 #EP #BD 4 0 259
261 #EP #BD 82 260 139
262 #EP #BD 81 257 261
263 #EP #BD 24 0 262
264 #EP #BI 23 29 263
265 #EC 25 2
266 #EA 265 18
267 #EA 266 9
268 #EA 79 6
269 #EL #BD 26 268 53
270 #EL #BD 4 0 269
271 #EA 267 270
272 #EA 271 20
273 #EL #BD 82 260 272
274 #EL #BD 81 257 273
275 #EL #BD 24 0 274
276 #EL #BI 23 29 275
#DEF 80 264 276 11
83 #NS 1 ble
84 #NS 83 match_1
85 #NI 53 1907163184
86 #NS 85 _hygCtx
87 #NI 86 9
88 #NS 87 Init
89 #NS 88 Prelude
90 #NI 89 1907163184
91 #NS 90 _hygCtx
92 #NS 91 _hyg
93 #NI 92 28
94 #NI 86 10
95 #NS 94 Init
96 #NS 95 Prelude
97 #NI 96 1907163184
98 #NS 97 _hygCtx
99 #NS 98 _hyg
100 #NI 99 31
277 #EP #BD 100 0 249
278 #EP #BD 93 0 277
101 #NS 0 h_1
102 #NS 86 _hyg
103 #NI 102 38
279 #EA 18 69
280 #EA 279 6
281 #EP #BD 103 0 280
104 #NS 0 h_2
105 #NS 4 _@
106 #NS 105 Init
107 #NS 106 Prelude
108 #NI 107 1907163184
109 #NS 108 _hygCtx
110 #NS 109 _hyg
111 #NI 110 50
282 #EA 79 258
283 #EA 282 69
284 #EP #BD 111 0 283
112 #NS 0 h_3
285 #EV 6
286 #EA 285 81
287 #EA 286 258
288 #EP #BD 68 0 287
289 #EP #BD 4 0 288
290 #EA 169 79
291 #EA 290 18
292 #EP #BD 112 289 291
293 #EP #BD 104 284 292
294 #EP #BD 101 281 293
295 #EP #BD 100 0 294
296 #EP #BD 93 0 295
297 #EP #BD 23 278 296
298 #EC 80 8
299 #EA 285 6
300 #EA 299 79
301 #EL #BD 50 0 300
302 #EA 298 301
303 #EA 302 79
304 #EA 20 18
305 #EA 303 304
113 #NI 110 73
306 #EV 7
307 #EA 306 81
308 #EA 307 6
309 #EL #BD 50 0 308
310 #EA 298 309
311 #EA 310 79
312 #EA 311 149
114 #NI 110 74
313 #EA 53 6
314 #EL #BD 114 0 313
315 #EA 312 314
316 #EL #BD 113 0 315
317 #EA 305 316
318 #EL #BD 112 289 317
319 #EL #BD 104 284 318
320 #EL #BD 101 281 319
321 #EL #BD 100 0 320
322 #EL #BD 93 0 321
323 #EL #BD 23 278 322
#DEF 84 297 323 79
115 #NS 83 _f
116 #NI 102 9
324 #EC 22 1
117 #NI 102 10
325 #EP #BD 117 0 3
326 #EL #BD 116 0 325
327 #EA 324 326
328 #EA 327 6
329 #EP #BD 30 328 325
330 #EP #BD 116 0 329
331 #EC 84 1
118 #NI 102 75
332 #EA 327 9
333 #EP #BD 118 332 3
334 #EL #BD 100 0 333
335 #EL #BD 93 0 334
336 #EA 331 335
337 #EA 336 20
338 #EA 337 6
339 #EA 327 69
340 #EC 7 
341 #EL #BD 118 339 340
342 #EL #BD 103 0 341
343 #EA 338 342
344 #EA 327 258
345 #EC 6 
346 #EL #BD 118 344 345
347 #EL #BD 111 0 346
348 #EA 343 347
349 #EA 327 81
350 #EJ 16 0 6
351 #EA 350 9
352 #EL #BD 118 349 351
353 #EL #BD 68 0 352
354 #EL #BD 4 0 353
355 #EA 348 354
356 #EA 355 9
357 #EL #BD 117 0 356
358 #EL #BD 30 328 357
359 #EL #BD 116 0 358
#DEF 115 330 359 
360 #EP #BD 37 0 3
361 #EP #BD 37 0 360
362 #EC 27 1
363 #EA 362 326
364 #EA 363 9
365 #EC 115 
366 #EA 364 365
367 #EA 366 6
368 #EL #BD 117 0 367
369 #EL #BD 116 0 368
#DEF 83 361 369 
119 #NS 0 DecidableEq
370 #EP #BD 10 15 30
120 #NS 0 b
371 #EC 77 2
372 #EA 371 20
373 #EA 372 9
374 #EA 373 6
375 #EA 119 374
376 #EP #BD 120 9 375
377 #EP #BD 33 6 376
378 #EL #BD 10 15 377
#DEF 119 370 378 11
121 #NS 0 Unit
379 #EC 14 1
#DEF 121 2 379 
122 #NS 5 casesOn
380 #EP #BD 24 3 15
123 #NS 0 false
381 #EA 9 345
124 #NS 0 true
382 #EA 20 340
383 #EP #BD 124 382 139
384 #EP #BD 123 381 383
385 #EP #BD 24 3 384
386 #EP #BI 23 380 385
125 #NS 5 rec
387 #EC 125 2
388 #EA 387 18
389 #EA 388 9
390 #EA 389 6
391 #EA 390 20
392 #EL #BD 124 382 391
393 #EL #BD 123 381 392
394 #EL #BD 24 3 393
395 #EL #BI 23 380 394
#DEF 122 386 395 11
126 #NS 121 unit
396 #EC 121 
397 #EC 15 1
#DEF 126 396 397 
127 #NS 5 decEq
128 #NS 127 match_1
129 #NS 34 Init
130 #NS 129 Prelude
131 #NI 130 18944135
132 #NS 131 _hygCtx
133 #NS 132 _hyg
134 #NI 133 14
135 #NS 120 _@
136 #NS 135 Init
137 #NS 136 Prelude
138 #NI 137 18944135
139 #NS 138 _hygCtx
140 #NS 139 _hyg
141 #NI 140 16
398 #EP #BD 141 3 249
399 #EP #BD 134 3 398
142 #NS 0 _
400 #EA 18 345
401 #EA 400 345
402 #EP #BD 142 396 401
403 #EA 79 345
404 #EA 403 340
405 #EP #BD 142 396 404
406 #EA 169 340
407 #EA 406 345
408 #EP #BD 142 396 407
143 #NS 0 h_4
409 #EA 285 340
410 #EA 409 340
411 #EP #BD 142 396 410
412 #EA 285 169
413 #EA 412 79
414 #EP #BD 143 411 413
415 #EP #BD 112 408 414
416 #EP #BD 104 405 415
417 #EP #BD 101 402 416
418 #EP #BD 141 3 417
419 #EP #BD 134 3 418
420 #EP #BD 23 399 419
421 #EC 122 8
422 #EA 306 6
423 #EA 422 169
424 #EL #BD 50 3 423
425 #EA 421 424
426 #EA 425 169
427 #EA 306 345
428 #EA 427 6
429 #EL #BD 50 3 428
430 #EA 421 429
431 #EA 430 79
432 #EC 126 
433 #EA 18 432
434 #EA 431 433
435 #EA 20 432
436 #EA 434 435
437 #EA 426 436
438 #EA 306 340
439 #EA 438 6
440 #EL #BD 50 3 439
441 #EA 421 440
442 #EA 441 79
443 #EA 9 432
444 #EA 442 443
445 #EA 6 432
446 #EA 444 445
447 #EA 437 446
448 #EL #BD 143 411 447
449 #EL #BD 112 408 448
450 #EL #BD 104 405 449
451 #EL #BD 101 402 450
452 #EL #BD 141 3 451
453 #EL #BD 134 3 452
454 #EL #BD 23 399 453
#DEF 128 420 454 79
144 #NS 0 rfl
455 #EA 371 9
456 #EA 455 6
457 #EA 456 6
458 #EP #BI 33 6 457
459 #EP #BI 10 15 458
460 #EC 78 2
461 #EA 460 9
462 #EA 461 6
463 #EL #BI 33 6 462
464 #EL #BI 10 15 463
#DEF 144 459 464 11
145 #NS 5 noConfusionType
146 #NS 0 P
465 #EP #BD 24 3 380
466 #EP #BD 146 15 465
147 #NS 0 t'
467 #EC 122 3
468 #EL #BD 24 3 15
469 #EA 467 468
470 #EA 469 9
471 #EA 469 6
148 #NI 53 3636866298
149 #NS 148 _hygCtx
150 #NS 149 _hyg
151 #NI 150 5
472 #EP #BD 151 20 18
473 #EA 471 472
474 #EA 473 20
475 #EA 470 474
476 #EA 471 20
477 #EA 476 472
478 #EA 475 477
479 #EL #BD 147 3 478
480 #EL #BD 24 3 479
481 #EL #BD 146 15 480
#DEF 145 466 481 11
152 #NS 77 ndrec
153 #NS 0 u2
9 #UP 153
482 #ES 9
154 #NS 0 u1
10 #UP 154
483 #ES 10
484 #EP #BD 37 9 483
485 #EA 6 9
486 #EC 77 9
487 #EA 486 79
488 #EA 487 18
489 #EA 488 6
490 #EP #BD 41 489 39
491 #EP #BI 120 18 490
492 #EP #BD 68 485 491
493 #EP #BI 23 484 492
494 #EP #BI 33 6 493
495 #EP #BI 10 482 494
155 #NS 77 rec
496 #EC 155 10 9
497 #EA 496 169
498 #EA 497 79
156 #NI 53 2055208596
157 #NS 156 _hygCtx
158 #NS 157 _hyg
159 #NI 158 17
160 #NI 158 16
499 #EA 486 285
500 #EA 499 169
501 #EA 500 6
502 #EA 169 9
503 #EL #BD 160 501 502
504 #EL #BD 159 169 503
505 #EA 498 504
506 #EA 505 20
507 #EA 506 9
508 #EA 507 6
509 #EL #BD 41 489 508
510 #EL #BI 120 18 509
511 #EL #BD 68 485 510
512 #EL #BI 23 484 511
513 #EL #BI 33 6 512
514 #EL #BI 10 482 513
#DEF 152 495 514 154 153
161 #NS 5 noConfusion
162 #NS 0 eq
515 #EC 77 1
516 #EA 515 3
517 #EA 516 9
518 #EA 517 6
519 #EC 145 2
520 #EA 519 18
521 #EA 520 20
522 #EA 521 9
523 #EP #BD 162 518 522
524 #EP #BI 147 3 523
525 #EP #BI 24 3 524
526 #EP #BI 146 15 525
527 #EC 152 2 1
528 #EA 527 3
529 #EA 528 20
530 #EA 519 79
531 #EA 530 18
532 #EA 531 6
533 #EL #BI 147 3 532
534 #EA 529 533
535 #EC 122 2
536 #EA 530 6
537 #EA 536 6
538 #EL #BI 24 3 537
539 #EA 535 538
540 #EA 539 20
163 #NS 0 k
541 #EL #BD 163 18 6
542 #EA 540 541
543 #EA 542 541
544 #EA 534 543
545 #EA 544 9
546 #EA 545 6
547 #EL #BD 162 518 546
548 #EL #BI 147 3 547
549 #EL #BI 24 3 548
550 #EL #BI 146 15 549
#DEF 161 526 550 11
551 #EA 119 518
552 #EP #BD 120 3 551
553 #EP #BD 33 3 552
554 #EC 128 1
555 #EL #BD 141 3 551
556 #EL #BD 134 3 555
557 #EA 554 556
558 #EA 557 9
559 #EA 558 6
560 #EA 516 345
561 #EA 560 345
562 #EA 134 561
563 #EC 144 1
564 #EA 563 3
565 #EA 564 345
566 #EA 562 565
567 #EL #BD 142 396 566
568 #EA 559 567
569 #EA 560 340
570 #EA 129 569
571 #EC 161 0
572 #EA 571 114
573 #EA 572 345
574 #EA 573 340
575 #EA 574 6
576 #EL #BD 41 569 575
577 #EA 570 576
578 #EL #BD 142 396 577
579 #EA 568 578
580 #EA 516 340
581 #EA 580 345
582 #EA 129 581
583 #EA 572 340
584 #EA 583 345
585 #EA 584 6
586 #EL #BD 41 581 585
587 #EA 582 586
588 #EL #BD 142 396 587
589 #EA 579 588
590 #EA 580 340
591 #EA 134 590
592 #EA 564 340
593 #EA 591 592
594 #EL #BD 142 396 593
595 #EA 589 594
596 #EL #BD 120 3 595
597 #EL #BD 33 3 596
#DEF 127 553 597 
164 #NS 0 instDecidableEqBool
598 #EC 119 1
599 #EA 598 3
600 #EC 127 
#DEF 164 599 600 
165 #NS 0 OfNat
166 #NS 165 mk
167 #NI 53 1822880135
168 #NS 167 _hygCtx
169 #NS 168 _hyg
170 #NI 169 3
171 #NS 0 ofNat
601 #EC 165 2
602 #EA 601 20
603 #EA 602 9
604 #EP #BD 171 9 603
605 #EP #BI 170 0 604
606 #EP #BI 10 4 605
607 #EP #BD 170 0 4
608 #EP #BD 10 4 607
#IND 2 165 608 1 166 606 11
172 #NS 165 ofNat
609 #EA 601 9
610 #EA 609 6
611 #EP #BC 64 610 20
612 #EP #BD 170 0 611
613 #EP #BI 10 4 612
614 #EJ 165 0 6
615 #EL #BC 64 610 614
616 #EL #BD 170 0 615
617 #EL #BD 10 4 616
#DEF 172 613 617 11
173 #NS 0 instOfNatNat
618 #EC 165 0
619 #EA 618 0
620 #EA 619 6
621 #EP #BD 4 0 620
622 #EC 166 0
623 #EA 622 0
624 #EA 623 6
625 #EA 624 6
626 #EL #BD 4 0 625
#DEF 173 621 626 
174 #NS 31 elim
175 #NS 0 C
627 #EP #BD 41 114 9
628 #EP #BI 175 15 627
176 #NS 31 rec
629 #EC 176 2
177 #NI 53 2135250726
178 #NS 177 _hygCtx
179 #NS 178 _hyg
180 #NI 179 6
630 #EL #BD 180 114 20
631 #EA 629 630
632 #EA 631 6
633 #EL #BD 41 114 632
634 #EL #BI 175 15 633
#DEF 174 628 634 11
181 #NS 77 casesOn
635 #EA 250 20
636 #EA 635 9
637 #EA 636 6
638 #EP #BD 24 637 15
639 #EP #BD 37 9 638
640 #EA 250 18
641 #EA 640 20
642 #EA 641 6
182 #NS 0 refl
643 #EC 78 8
644 #EA 643 79
645 #EA 644 18
646 #EA 304 645
647 #EA 139 9
648 #EP #BD 182 646 647
649 #EP #BD 24 642 648
650 #EP #BI 37 20 649
651 #EP #BI 23 639 650
652 #EP #BI 37 6 651
653 #EP #BI 10 249 652
654 #EC 155 2 8
655 #EA 654 169
656 #EA 655 79
657 #EA 656 18
658 #EA 657 6
659 #EA 658 20
660 #EA 659 9
661 #EL #BD 182 646 660
662 #EL #BD 24 642 661
663 #EL #BI 37 20 662
664 #EL #BI 23 639 663
665 #EL #BI 37 6 664
666 #EL #BI 10 249 665
#DEF 181 653 666 11 79
183 #NS 0 HEq
184 #NS 183 refl
667 #EC 183 2
668 #EA 667 9
669 #EA 668 6
670 #EA 669 9
671 #EA 670 6
672 #EP #BD 33 6 671
673 #EP #BI 10 15 672
674 #EP #BD 37 6 112
675 #EP #BI 18 15 674
676 #EP #BD 37 6 675
677 #EP #BI 10 15 676
#IND 2 183 677 1 184 673 11
185 #NS 0 True
186 #NS 185 intro
678 #EC 185 
#IND 0 185 112 1 186 678 
187 #NS 1 beq
188 #NS 187 match_1
189 #NI 53 2408276647
190 #NS 189 _hygCtx
191 #NI 190 13
192 #NS 191 Init
193 #NS 192 Prelude
194 #NI 193 2408276647
195 #NS 194 _hygCtx
196 #NS 195 _hyg
197 #NI 196 32
198 #NI 190 14
199 #NS 198 Init
200 #NS 199 Prelude
201 #NI 200 2408276647
202 #NS 201 _hygCtx
203 #NS 202 _hyg
204 #NI 203 35
679 #EA 279 69
680 #EP #BD 142 396 679
205 #NI 107 2408276647
206 #NS 205 _hygCtx
207 #NS 206 _hyg
208 #NI 207 53
681 #EA 79 69
682 #EA 681 258
683 #EP #BD 208 0 682
209 #NI 207 65
684 #EA 169 258
685 #EA 684 69
686 #EP #BD 209 0 685
687 #EA 307 258
688 #EP #BD 68 0 687
689 #EP #BD 4 0 688
690 #EP #BD 143 689 413
691 #EP #BD 112 686 690
692 #EP #BD 104 683 691
693 #EP #BD 101 680 692
694 #EP #BD 204 0 693
695 #EP #BD 197 0 694
696 #EP #BD 23 278 695
697 #EL #BD 50 0 423
698 #EA 298 697
699 #EA 698 169
700 #EA 306 69
701 #EA 700 6
702 #EL #BD 50 0 701
703 #EA 298 702
704 #EA 703 79
705 #EA 704 433
210 #NI 207 91
706 #EL #BD 210 0 61
707 #EA 705 706
708 #EA 699 707
211 #NI 207 90
709 #EV 8
710 #EA 709 81
711 #EA 710 6
712 #EL #BD 50 0 711
713 #EA 298 712
714 #EA 713 169
715 #EA 714 149
716 #EA 715 314
717 #EL #BD 211 0 716
718 #EA 708 717
719 #EL #BD 143 689 718
720 #EL #BD 112 686 719
721 #EL #BD 104 683 720
722 #EL #BD 101 680 721
723 #EL #BD 204 0 722
724 #EL #BD 197 0 723
725 #EL #BD 23 278 724
#DEF 188 696 725 79
212 #NS 187 _f
213 #NS 190 _hyg
214 #NI 213 13
215 #NI 213 14
726 #EC 188 1
727 #EA 726 335
728 #EA 727 20
729 #EA 728 6
730 #EL #BD 142 396 341
731 #EA 729 730
216 #NI 213 93
732 #EL #BD 216 339 345
733 #EL #BD 208 0 732
734 #EA 731 733
735 #EA 734 347
736 #EA 735 354
737 #EA 736 9
738 #EL #BD 215 0 737
739 #EL #BD 30 328 738
740 #EL #BD 214 0 739
#DEF 212 330 740 
741 #EC 212 
742 #EA 364 741
743 #EA 742 6
744 #EL #BD 215 0 743
745 #EL #BD 214 0 744
#DEF 187 361 745 
217 #NS 0 _private
218 #NS 217 Init
219 #NS 218 Prelude
220 #NI 219 0
221 #NS 220 noConfusion_of_Nat
222 #NS 221 aux
223 #NS 222 match_1_1
224 #NI 53 3715277255
225 #NS 224 _hygCtx
226 #NI 225 13
227 #NS 226 Init
228 #NS 227 Prelude
229 #NI 228 3715277255
230 #NS 229 _hygCtx
231 #NS 230 _hyg
232 #NI 231 24
746 #EP #BD 142 396 70
747 #EP #BD 101 746 261
748 #EP #BD 232 0 747
749 #EP #BD 23 208 748
750 #EC 80 0
751 #EL #BD 50 0 268
752 #EA 750 751
753 #EA 752 20
754 #EA 753 443
233 #NI 107 3715277255
234 #NS 233 _hygCtx
235 #NS 234 _hyg
236 #NI 235 39
755 #EL #BD 236 0 152
756 #EA 754 755
757 #EL #BD 104 260 756
758 #EL #BD 101 746 757
759 #EL #BD 232 0 758
760 #EL #BD 23 208 759
#DEF 223 749 760 
237 #NS 222 _f
238 #NS 225 _hyg
239 #NI 238 13
761 #EC 22 0
762 #EC 125 1
240 #NI 238 10
763 #EL #BD 240 3 112
764 #EA 762 763
765 #EA 764 114
766 #EA 765 678
767 #EC 187 
768 #EA 767 6
769 #EA 768 6
770 #EA 766 769
771 #EL #BD 239 0 770
772 #EA 761 771
773 #EA 772 6
774 #EA 767 9
775 #EA 774 9
776 #EA 766 775
777 #EP #BD 30 773 776
778 #EP #BD 239 0 777
779 #EC 223 
780 #EL #BD 232 0 777
781 #EA 779 780
782 #EA 781 9
241 #NI 238 40
783 #EA 772 69
784 #EC 186 
785 #EL #BD 241 783 784
786 #EL #BD 142 396 785
787 #EA 782 786
788 #EA 772 258
789 #EL #BD 241 788 350
790 #EL #BD 4 0 789
791 #EA 787 790
792 #EA 791 6
793 #EL #BD 30 773 792
794 #EL #BD 239 0 793
#DEF 237 778 794 
795 #EP #BD 33 0 770
796 #EC 27 0
797 #EA 796 771
798 #EA 797 6
799 #EC 237 
800 #EA 798 799
801 #EL #BD 239 0 800
#DEF 222 795 801 
242 #NS 0 congrArg
243 #NS 0 a₁
244 #NS 0 a₂
802 #EP #BD 37 18 18
803 #EA 371 79
804 #EA 803 20
805 #EA 804 9
806 #EC 77 4
807 #EA 806 79
808 #EA 9 18
809 #EA 807 808
810 #EA 9 20
811 #EA 809 810
812 #EP #BD 41 805 811
813 #EP #BD 30 802 812
814 #EP #BI 244 20 813
815 #EP #BI 243 9 814
816 #EP #BI 18 16 815
817 #EP #BI 10 15 816
818 #EC 155 0 2
819 #EA 818 169
820 #EA 819 18
245 #NI 53 2375064143
246 #NS 245 _hygCtx
247 #NS 246 _hyg
248 #NI 247 24
249 #NS 41 _@
250 #NS 249 Init
251 #NS 250 Prelude
252 #NI 251 2375064143
253 #NS 252 _hygCtx
254 #NS 253 _hyg
255 #NI 254 25
821 #EA 371 285
822 #EA 821 79
823 #EA 822 6
824 #EA 806 285
825 #EA 18 169
826 #EA 824 825
827 #EA 826 39
828 #EL #BD 255 823 827
829 #EL #BD 248 169 828
830 #EA 820 829
831 #EC 144 4
832 #EA 831 79
833 #EA 832 808
834 #EA 830 833
835 #EA 834 20
836 #EA 835 6
837 #EL #BD 41 805 836
838 #EL #BD 30 802 837
839 #EL #BI 244 20 838
840 #EL #BI 243 9 839
841 #EL #BI 18 16 840
842 #EL #BI 10 15 841
#DEF 242 817 842 11 19
256 #NS 0 noConfusion_of_Nat
843 #EP #BD 37 6 0
844 #EA 371 18
845 #EA 844 9
846 #EA 845 6
847 #EA 767 139
848 #EA 847 39
849 #EA 766 848
850 #EP #BD 41 846 849
851 #EP #BI 120 20 850
852 #EP #BI 33 9 851
853 #EP #BD 30 843 852
854 #EP #BI 10 15 853
855 #EC 155 0 1
856 #EA 855 0
857 #EA 856 139
257 #NI 53 3843949109
258 #NS 257 _hygCtx
259 #NS 258 _hyg
260 #NI 259 35
261 #NI 251 3843949109
262 #NS 261 _hygCtx
263 #NS 262 _hyg
264 #NI 263 36
858 #EA 515 0
859 #EA 79 18
860 #EA 858 859
861 #EA 860 6
862 #EA 767 290
863 #EA 862 9
864 #EA 766 863
865 #EL #BD 264 861 864
866 #EL #BD 260 0 865
867 #EA 857 866
868 #EC 222 
869 #EA 868 139
870 #EA 867 869
871 #EA 870 39
872 #EC 242 2 1
873 #EA 872 79
874 #EA 873 0
875 #EA 874 20
876 #EA 875 9
877 #EA 876 18
878 #EA 877 6
879 #EA 871 878
880 #EL #BD 41 846 879
881 #EL #BI 120 20 880
882 #EL #BI 33 9 881
883 #EL #BD 30 843 882
884 #EL #BI 10 15 883
#DEF 256 854 884 11
265 #NS 5 ctorIdx
266 #NI 53 2068713569
267 #NS 266 _hygCtx
268 #NS 267 _hyg
269 #NI 268 3
885 #EP #BD 269 3 0
886 #EC 122 1
887 #EL #BD 50 3 0
888 #EA 886 887
889 #EA 888 6
890 #ELN 0
891 #EA 889 890
892 #ELN 1
893 #EA 891 892
894 #EL #BD 50 3 893
#DEF 265 885 894 
270 #NS 220 Nat
271 #NS 270 le_of_ble_eq_true
272 #NS 271 match_1_1
273 #NI 107 3694838799
274 #NS 273 _hygCtx
275 #NS 274 _hyg
276 #NI 275 27
277 #NS 68 _@
278 #NS 277 Init
279 #NS 278 Prelude
280 #NI 279 3694838799
281 #NS 280 _hygCtx
282 #NS 281 _hyg
283 #NI 282 29
895 #EC 83 
896 #EA 895 9
897 #EA 896 6
898 #EA 516 897
899 #EA 898 340
900 #EP #BD 41 899 112
901 #EP #BD 283 0 900
902 #EP #BD 276 0 901
284 #NI 53 3694838799
285 #NS 284 _hygCtx
286 #NS 285 _hyg
287 #NI 286 43
903 #EC 172 0
904 #EA 903 0
905 #EA 904 890
906 #EC 173 
907 #EA 906 890
908 #EA 905 907
909 #EA 895 908
910 #EA 909 6
911 #EA 516 910
912 #EA 911 340
913 #EA 169 908
914 #EA 913 9
915 #EA 914 6
916 #EP #BD 41 912 915
917 #EP #BD 287 0 916
288 #NI 275 59
289 #NI 275 58
918 #EA 895 81
919 #EA 918 258
920 #EA 516 919
921 #EA 920 340
922 #EA 80 20
923 #EA 306 922
924 #EA 923 81
925 #EA 924 6
926 #EP #BD 41 921 925
927 #EP #BD 289 0 926
928 #EP #BD 288 0 927
929 #EA 291 20
930 #EP #BD 104 928 929
931 #EP #BD 101 917 930
932 #EP #BD 41 899 931
933 #EP #BD 283 0 932
934 #EP #BD 276 0 933
935 #EP #BD 23 902 934
936 #EA 895 6
937 #EA 936 79
938 #EA 516 937
939 #EA 938 340
940 #EA 306 9
941 #EA 940 169
942 #EA 941 6
943 #EP #BD 41 939 942
944 #EL #BD 50 0 943
945 #EA 750 944
946 #EA 945 79
947 #EA 895 69
948 #EA 947 18
949 #EA 516 948
950 #EA 949 340
951 #EA 20 79
952 #EA 951 6
953 #EL #BD 41 950 952
954 #EA 946 953
290 #NI 275 71
955 #EA 895 258
956 #EA 955 79
957 #EA 516 956
958 #EA 957 340
959 #EA 895 922
960 #EA 959 6
961 #EA 516 960
962 #EA 961 340
963 #EV 9
964 #EA 80 18
965 #EA 963 964
966 #EA 965 9
967 #EA 966 6
968 #EP #BD 41 962 967
969 #EL #BD 50 0 968
970 #EA 750 969
971 #EA 970 169
972 #EA 918 69
973 #EA 516 972
974 #EA 973 340
975 #EC 174 0
976 #EA 709 922
977 #EA 976 69
978 #EA 977 6
979 #EA 975 978
980 #EC 181 0 1
981 #EA 980 3
982 #EA 959 69
983 #EA 981 982
984 #EA 895 964
985 #EA 984 69
986 #EA 516 985
987 #EA 986 6
988 #EA 580 9
989 #EC 183 0
990 #EA 80 169
991 #EA 895 990
992 #EA 991 69
993 #EA 516 992
994 #EA 993 340
995 #EA 989 994
996 #EA 995 18
997 #EA 993 20
998 #EA 996 997
999 #EA 998 9
1000 #EP #BD 41 999 114
1001 #EP #BD 41 988 1000
1002 #EL #BD 50 987 1001
1003 #EL #BD 37 3 1002
1004 #EA 983 1003
1005 #EA 1004 340
1006 #EA 1005 6
291 #NI 251 3694838799
292 #NS 291 _hygCtx
293 #NS 292 _hyg
294 #NI 293 73
1007 #EA 580 982
1008 #EA 986 340
1009 #EA 989 1008
1010 #EA 1009 9
1011 #EA 986 985
1012 #EA 1010 1011
1013 #EC 78 1
1014 #EA 1013 3
1015 #EA 1014 985
1016 #EA 1012 1015
1017 #EP #BD 41 1016 114
1018 #EA 975 1017
1019 #EC 256 1
1020 #EA 1019 3
1021 #EC 265 
1022 #EA 1020 1021
1023 #EA 1022 340
1024 #EA 1023 345
1025 #EA 1024 6
1026 #EA 1018 1025
1027 #EL #BD 294 1007 1026
1028 #EA 1006 1027
1029 #EA 1014 340
1030 #EA 1028 1029
1031 #EC 184 0
1032 #EA 516 982
1033 #EA 1032 340
1034 #EA 1031 1033
1035 #EA 1034 6
1036 #EA 1030 1035
1037 #EA 979 1036
1038 #EL #BD 41 974 1037
1039 #EA 971 1038
295 #NI 275 72
1040 #EA 959 258
1041 #EA 516 1040
1042 #EA 1041 340
1043 #EA 859 9
1044 #EA 1043 6
1045 #EL #BD 41 1042 1044
1046 #EL #BD 295 0 1045
1047 #EA 1039 1046
1048 #EA 1047 6
1049 #EL #BD 41 958 1048
1050 #EL #BD 290 0 1049
1051 #EA 954 1050
1052 #EA 1051 20
1053 #EL #BD 104 928 1052
1054 #EL #BD 101 917 1053
1055 #EL #BD 41 899 1054
1056 #EL #BD 283 0 1055
1057 #EL #BD 276 0 1056
1058 #EL #BD 23 902 1057
#DEF 272 935 1058 
296 #NS 270 zero_le
297 #NS 296 match_1_1
#DEF 297 749 760 
298 #NS 1 zero_le
299 #NS 298 _f
300 #NI 53 800929555
301 #NS 300 _hygCtx
302 #NS 301 _hyg
303 #NI 302 7
1059 #EC 74 0
1060 #EA 1059 0
1061 #EC 75 
1062 #EA 1060 1061
1063 #EA 1062 908
1064 #EA 1063 6
1065 #EL #BD 303 0 1064
1066 #EA 761 1065
1067 #EA 1066 6
1068 #EA 1063 9
1069 #EP #BD 30 1067 1068
1070 #EP #BD 303 0 1069
1071 #EC 297 
304 #NI 301 7
305 #NS 304 Init
306 #NS 305 Prelude
307 #NI 306 800929555
308 #NS 307 _hygCtx
309 #NS 308 _hyg
310 #NI 309 18
1072 #EL #BD 310 0 1069
1073 #EA 1071 1072
1074 #EA 1073 9
311 #NI 302 37
1075 #EA 1066 69
1076 #EC 66 
1077 #EA 1076 908
1078 #EL #BD 311 1075 1077
1079 #EL #BD 142 396 1078
1080 #EA 1074 1079
1081 #EA 1066 258
1082 #EC 67 
1083 #EA 1082 908
1084 #EA 1083 9
1085 #EA 1084 350
1086 #EL #BD 311 1081 1085
1087 #EL #BD 4 0 1086
1088 #EA 1080 1087
1089 #EA 1088 6
1090 #EL #BD 30 1067 1089
1091 #EL #BD 303 0 1090
#DEF 299 1070 1091 
1092 #EP #BD 4 0 1064
1093 #EA 796 1065
1094 #EA 1093 6
1095 #EC 299 
1096 #EA 1094 1095
1097 #EL #BD 303 0 1096
#DEF 298 1092 1097 
312 #NS 65 below
313 #NS 312 refl
1098 #EP #BD 24 202 112
1099 #EP #BD 37 0 1098
1100 #EC 312 
1101 #EA 1100 9
1102 #EA 1101 6
1103 #EA 1102 9
1104 #EA 1076 9
1105 #EA 1103 1104
1106 #EP #BI 23 1099 1105
1107 #EP #BI 4 0 1106
314 #NS 312 step
1108 #EA 203 6
315 #NS 0 ih
316 #NS 315 _@
317 #NS 316 Init
318 #NS 317 Prelude
319 #NI 318 3619057954
320 #NS 319 _hygCtx
321 #NS 320 _hyg
322 #NI 321 20
1109 #EA 1100 18
1110 #EA 1109 20
1111 #EA 1110 9
1112 #EA 1111 6
323 #NS 0 a_ih
324 #NS 323 _@
325 #NS 324 _internal
326 #NS 325 _hyg
327 #NI 326 0
1113 #EA 1100 169
1114 #EA 1113 79
1115 #EA 1114 964
1116 #EA 1082 169
1117 #EA 1116 18
1118 #EA 1117 20
1119 #EA 1115 1118
1120 #EP #BD 327 647 1119
1121 #EP #BD 322 1112 1120
1122 #EP #BD 37 1108 1121
1123 #EP #BI 68 0 1122
1124 #EP #BI 23 1099 1123
1125 #EP #BI 4 0 1124
1126 #EP #BD 24 1108 112
1127 #EP #BI 37 0 1126
1128 #EP #BI 23 1099 1127
1129 #EP #BI 4 0 1128
#IND 2 312 1129 2 313 1107 314 1125 
328 #NS 65 brecOn
1130 #EA 197 79
1131 #EA 1130 6
329 #NI 53 3619057954
330 #NS 329 _hygCtx
331 #NS 330 _hyg
332 #NI 331 21
1132 #EA 1114 9
1133 #EA 1132 6
1134 #EA 169 20
1135 #EA 1134 9
1136 #EP #BD 332 1133 1135
1137 #EP #BD 24 1131 1136
1138 #EP #BD 37 0 1137
1139 #EP #BD 29 1138 647
1140 #EP #BD 24 1108 1139
1141 #EP #BI 37 0 1140
1142 #EP #BI 23 1099 1141
1143 #EP #BI 4 0 1142
1144 #EA 6 20
1145 #EA 1144 9
333 #NS 65 rec
1146 #EC 333 
1147 #EA 1146 79
1148 #EA 1100 79
1149 #EA 1148 18
1150 #EA 1147 1149
1151 #EC 313 
1152 #EA 1151 79
1153 #EA 1152 18
1154 #EA 1150 1153
1155 #EA 197 169
1156 #EA 1155 6
334 #NI 321 22
1157 #EA 1100 285
1158 #EA 1157 169
1159 #EA 1158 9
1160 #EA 1159 6
1161 #EC 314 
1162 #EA 1161 306
1163 #EA 1162 285
1164 #EA 1163 20
1165 #EA 1164 9
1166 #EA 1165 6
1167 #EA 647 6
1168 #EA 1166 1167
1169 #EL #BD 334 1160 1168
1170 #EL #BD 37 1156 1169
1171 #EL #BI 68 0 1170
1172 #EA 1154 1171
1173 #EA 1172 20
1174 #EA 1173 9
1175 #EA 1145 1174
1176 #EL #BD 29 1138 1175
1177 #EL #BD 24 1108 1176
1178 #EL #BI 37 0 1177
1179 #EL #BI 23 1099 1178
1180 #EL #BI 4 0 1179
#DEF 328 1143 1180 
335 #NS 312 casesOn
1181 #EP #BD 24 1112 112
1182 #EP #BD 24 1108 1181
1183 #EP #BI 37 0 1182
1184 #EA 197 18
1185 #EA 1184 6
1186 #EA 1149 9
1187 #EA 1186 6
1188 #EA 1076 169
1189 #EA 825 1188
1190 #EA 1151 169
1191 #EA 1190 79
1192 #EA 1189 1191
336 #NS 0 step
1193 #EA 197 306
1194 #EA 1193 6
1195 #EA 1100 709
1196 #EA 1195 306
1197 #EA 1196 9
1198 #EA 1197 6
1199 #EA 709 20
1200 #EA 1199 9
1201 #EA 709 964
1202 #EV 10
1203 #EA 1082 1202
1204 #EA 1203 18
1205 #EA 1204 20
1206 #EA 1201 1205
1207 #EA 1161 1202
1208 #EA 1207 963
1209 #EA 1208 18
1210 #EA 1209 20
1211 #EA 1210 9
1212 #EA 1211 6
1213 #EA 1206 1212
1214 #EP #BD 327 1200 1213
1215 #EP #BD 322 1198 1214
1216 #EP #BD 37 1194 1215
1217 #EP #BI 68 0 1216
1218 #EP #BD 336 1217 929
1219 #EP #BD 182 1192 1218
1220 #EP #BD 24 1187 1219
1221 #EP #BI 24 1185 1220
1222 #EP #BI 37 0 1221
1223 #EP #BI 23 1183 1222
1224 #EP #BI 23 1099 1223
1225 #EP #BI 4 0 1224
337 #NS 312 rec
1226 #EC 337 
1227 #EA 1226 306
1228 #EA 1227 285
1229 #EA 1228 169
1230 #EA 1229 9
1231 #EA 197 709
1232 #EA 1231 6
1233 #EA 1100 963
1234 #EA 1233 709
1235 #EA 1234 9
1236 #EA 1235 6
1237 #EA 963 20
1238 #EA 1237 9
338 #NS 0 ih_ih
339 #NS 338 _@
340 #NS 339 Init
341 #NS 340 Prelude
342 #NI 341 3619057954
343 #NS 342 _hygCtx
344 #NS 343 _hyg
345 #NI 344 20
1239 #EA 963 18
1240 #EA 1239 20
1241 #EA 1240 9
1242 #EA 929 9
1243 #EL #BD 345 1241 1242
1244 #EL #BD 327 1238 1243
1245 #EL #BD 322 1236 1244
1246 #EL #BD 37 1232 1245
1247 #EL #BI 68 0 1246
1248 #EA 1230 1247
1249 #EA 1248 79
1250 #EA 1249 18
1251 #EA 1250 20
1252 #EL #BD 336 1217 1251
1253 #EL #BD 182 1192 1252
1254 #EL #BD 24 1187 1253
1255 #EL #BI 24 1185 1254
1256 #EL #BI 37 0 1255
1257 #EL #BI 23 1183 1256
1258 #EL #BI 23 1099 1257
1259 #EL #BI 4 0 1258
#DEF 335 1225 1259 
346 #NS 77 symm
1260 #EA 845 20
1261 #EP #BD 41 374 1260
1262 #EP #BI 120 9 1261
1263 #EP #BI 33 6 1262
1264 #EP #BI 10 15 1263
1265 #EA 818 18
1266 #EA 1265 20
347 #NI 53 2345006592
348 #NS 347 _hygCtx
349 #NS 348 _hyg
350 #NI 349 14
351 #NI 251 2345006592
352 #NS 351 _hygCtx
353 #NS 352 _hyg
354 #NI 353 15
1267 #EA 803 18
1268 #EA 1267 6
1269 #EA 371 169
1270 #EA 1269 9
1271 #EA 1270 79
1272 #EL #BD 354 1268 1271
1273 #EL #BD 350 18 1272
1274 #EA 1266 1273
1275 #EC 144 2
1276 #EA 1275 18
1277 #EA 1276 20
1278 #EA 1274 1277
1279 #EA 1278 9
1280 #EA 1279 6
1281 #EL #BD 41 374 1280
1282 #EL #BI 120 9 1281
1283 #EL #BI 33 6 1282
1284 #EL #BI 10 15 1283
#DEF 346 1264 1284 11
355 #NS 0 cast
1285 #EC 77 3
1286 #EA 1285 15
1287 #EA 1286 9
1288 #EA 1287 6
1289 #EP #BD 33 20 20
1290 #EP #BD 41 1288 1289
1291 #EP #BI 18 15 1290
1292 #EP #BI 10 15 1291
1293 #EC 155 2 3
1294 #EA 1293 15
1295 #EA 1294 18
356 #NI 53 135197979
357 #NS 356 _hygCtx
358 #NS 357 _hyg
359 #NI 358 11
360 #NI 358 10
1296 #EA 1286 79
1297 #EA 1296 6
1298 #EL #BD 360 1297 9
1299 #EL #BD 359 15 1298
1300 #EA 1295 1299
1301 #EA 1300 6
1302 #EA 1301 20
1303 #EA 1302 9
1304 #EL #BD 33 20 1303
1305 #EL #BD 41 1288 1304
1306 #EL #BI 18 15 1305
1307 #EL #BI 10 15 1306
#DEF 355 1292 1307 11
361 #NS 0 eq_of_heq
362 #NS 0 a'
1308 #EA 667 20
1309 #EA 1308 9
1310 #EA 1309 20
1311 #EA 1310 6
1312 #EA 844 20
1313 #EA 1312 9
1314 #EP #BD 41 1311 1313
1315 #EP #BI 362 9 1314
1316 #EP #BI 33 6 1315
1317 #EP #BI 10 15 1316
363 #NS 0 this
1318 #EA 667 18
1319 #EA 1318 9
1320 #EA 1319 20
1321 #EA 1320 6
1322 #EA 1296 18
1323 #EC 355 2
1324 #EA 1323 169
1325 #EA 1324 79
1326 #EA 1325 6
1327 #EA 1326 18
1328 #EA 803 1327
1329 #EA 1328 20
1330 #EP #BD 41 1322 1329
1331 #EP #BD 37 1321 1330
1332 #EP #BD 120 9 1331
1333 #EP #BD 33 9 1332
1334 #EP #BD 18 15 1333
1335 #EP #BD 10 15 1334
364 #NI 53 2174674562
365 #NS 364 _hygCtx
366 #NS 365 _hyg
367 #NI 366 36
368 #NI 366 38
369 #NI 366 40
370 #NI 366 42
371 #NS 0 h₁
372 #NS 183 rec
1336 #EC 372 0 2
1337 #EA 1336 79
1338 #EA 1337 20
373 #NI 366 48
374 #NI 366 47
375 #NI 366 46
1339 #EA 667 285
1340 #EA 1339 79
1341 #EA 1340 9
1342 #EA 1341 6
1343 #EA 1286 306
1344 #EA 1343 20
1345 #EA 1323 709
1346 #EA 1345 18
1347 #EA 1346 6
1348 #EA 1347 285
1349 #EA 844 1348
1350 #EA 1349 20
1351 #EP #BD 41 1344 1350
1352 #EL #BD 375 1342 1351
1353 #EL #BD 374 6 1352
1354 #EL #BD 373 15 1353
1355 #EA 1338 1354
376 #NI 366 60
1356 #EA 1296 79
1357 #EA 1275 169
1358 #EA 1324 169
1359 #EA 1358 6
1360 #EA 1359 18
1361 #EA 1357 1360
1362 #EL #BD 376 1356 1361
1363 #EA 1355 1362
1364 #EA 1363 18
1365 #EA 1364 9
1366 #EA 1365 6
1367 #EL #BD 371 1321 1366
1368 #EL #BD 370 9 1367
1369 #EL #BD 369 9 1368
1370 #EL #BD 368 15 1369
1371 #EL #BD 367 15 1370
1372 #EA 6 79
1373 #EA 1372 79
1374 #EA 1373 18
1375 #EA 1374 20
1376 #EA 1375 9
1377 #EC 144 3
1378 #EA 1377 15
1379 #EA 1378 79
1380 #EA 1376 1379
1381 #EZ 363 1335 1371 1380
1382 #EL #BD 41 1311 1381
1383 #EL #BI 362 9 1382
1384 #EL #BI 33 6 1383
1385 #EL #BI 10 15 1384
#DEF 361 1317 1385 11
377 #NS 270 succ_le_succ
378 #NS 377 match_1_7
379 #NS 0 funType_1
380 #NI 53 2965355525
381 #NS 380 _hygCtx
382 #NS 381 _hyg
383 #NI 382 22
1386 #EA 1062 9
1387 #EA 1386 6
1388 #EP #BD 383 1387 112
1389 #EP #BI 68 0 1388
384 #NI 279 2965355525
385 #NS 384 _hygCtx
386 #NS 385 _hyg
387 #NI 386 39
388 #NI 381 22
389 #NS 388 Init
390 #NS 389 Prelude
391 #NI 390 2965355525
392 #NS 391 _hygCtx
393 #NS 392 _hyg
394 #NI 393 33
1390 #EA 1062 20
1391 #EA 1390 6
395 #NS 0 below
1392 #EA 1062 79
1393 #EA 1392 6
1394 #EA 84 6
1395 #EL #BD 383 1393 1394
1396 #EL #BI 68 0 1395
1397 #EA 1109 1396
1398 #EA 1397 9
1399 #EA 1398 6
1400 #EP #BD 395 1399 112
1401 #EP #BD 394 1391 1400
1402 #EP #BD 387 0 1401
1403 #EA 1062 18
1404 #EA 1403 6
1405 #EA 1062 169
1406 #EA 1405 6
1407 #EA 502 6
1408 #EL #BD 383 1406 1407
1409 #EL #BI 68 0 1408
1410 #EA 1148 1409
1411 #EA 1410 9
1412 #EA 1411 6
1413 #EA 79 285
1414 #EA 1076 285
1415 #EA 1413 1414
1416 #EA 1151 285
1417 #EA 1062 306
1418 #EA 1417 6
1419 #EA 940 6
1420 #EL #BD 383 1418 1419
1421 #EL #BI 68 0 1420
1422 #EA 1416 1421
1423 #EA 1415 1422
1424 #EP #BD 142 396 1423
396 #NI 386 59
1425 #EA 1062 963
1426 #EA 1425 6
1427 #EA 963 9
1428 #EA 1427 6
1429 #EL #BD 383 1426 1428
1430 #EL #BI 68 0 1429
1431 #EA 1195 1430
1432 #EA 1431 9
1433 #EA 1432 6
1434 #EA 709 964
1435 #EA 1434 1205
1436 #EV 11
1437 #EA 1062 1436
1438 #EA 1437 6
1439 #EA 1436 9
1440 #EA 1439 6
1441 #EL #BD 383 1438 1440
1442 #EL #BI 68 0 1441
1443 #EA 1207 1442
1444 #EA 1443 18
1445 #EA 1444 20
1446 #EA 1445 9
1447 #EA 1446 6
1448 #EA 1435 1447
1449 #EP #BD 327 1200 1448
1450 #EP #BD 322 1433 1449
1451 #EP #BD 41 1194 1450
1452 #EP #BD 396 0 1451
1453 #EP #BD 104 1452 929
1454 #EP #BD 101 1424 1453
1455 #EP #BD 395 1412 1454
1456 #EP #BD 394 1404 1455
1457 #EP #BD 387 0 1456
1458 #EP #BD 23 1402 1457
1459 #EP #BD 379 1389 1458
1460 #EP #BI 4 0 1459
1461 #EC 335 
1462 #EA 1461 306
1463 #EA 1062 709
1464 #EA 1463 6
1465 #EA 709 9
1466 #EA 1465 6
1467 #EL #BD 383 1464 1466
1468 #EL #BI 68 0 1467
1469 #EA 1462 1468
1470 #EA 1062 1202
1471 #EA 1470 6
1472 #EA 1202 9
1473 #EA 1472 6
1474 #EL #BD 383 1471 1473
1475 #EL #BI 68 0 1474
1476 #EA 1233 1475
1477 #EA 1476 9
1478 #EA 1477 6
1479 #EA 858 306
1480 #EA 1479 20
1481 #EA 1437 709
1482 #EA 989 1481
1483 #EA 1482 306
1484 #EA 197 1436
1485 #EA 1484 18
1486 #EA 1483 1485
1487 #EA 1486 20
1488 #EV 12
1489 #EA 1100 1488
1490 #EV 13
1491 #EA 1062 1490
1492 #EA 1491 6
1493 #EA 1490 9
1494 #EA 1493 6
1495 #EL #BD 383 1492 1494
1496 #EL #BI 68 0 1495
1497 #EA 1489 1496
1498 #EA 1497 963
1499 #EA 1498 709
1500 #EA 989 1499
1501 #EA 1500 306
1502 #EA 1497 79
1503 #EA 1502 18
1504 #EA 1501 1503
1505 #EA 1504 20
1506 #EA 1436 1202
1507 #EA 1506 963
1508 #EA 1507 709
1509 #EP #BD 41 1505 1508
1510 #EP #BD 41 1487 1509
1511 #EP #BD 41 1480 1510
1512 #EL #BD 50 1478 1511
1513 #EL #BD 24 1232 1512
1514 #EL #BI 37 0 1513
1515 #EA 1469 1514
1516 #EA 1515 79
1517 #EA 1516 18
1518 #EA 1517 20
397 #NI 251 2965355525
398 #NS 397 _hygCtx
399 #NS 398 _hyg
400 #NI 399 88
1519 #EA 858 79
1520 #EA 1519 306
1521 #EC 152 0 1
1522 #EA 1521 0
1523 #EA 1522 709
1524 #EA 1100 1202
1525 #EA 1524 1442
1526 #EA 1525 9
1527 #EA 1526 6
1528 #EA 1437 20
1529 #EA 989 1528
1530 #EA 1529 9
1531 #EA 1484 1436
1532 #EA 1530 1531
1533 #EA 1076 1436
1534 #EA 1532 1533
1535 #EA 1497 18
1536 #EA 1535 20
1537 #EA 989 1536
1538 #EA 1537 9
1539 #EA 1497 1488
1540 #EA 1076 1488
1541 #EA 1539 1540
1542 #EA 1538 1541
1543 #EA 1151 1488
1544 #EA 1543 1496
1545 #EA 1542 1544
1546 #EA 1436 79
1547 #EA 1546 18
1548 #EA 1547 20
1549 #EP #BD 41 1545 1548
1550 #EP #BD 41 1534 1549
1551 #EP #BD 395 1527 1550
1552 #EP #BD 394 1426 1551
1553 #EL #BD 387 0 1552
1554 #EA 1523 1553
1555 #EA 1463 709
1556 #EA 1476 963
1557 #EA 1556 6
401 #NI 399 89
1558 #EA 1470 1202
1559 #EA 989 1558
1560 #EA 1559 9
1561 #EA 197 1202
1562 #EA 1561 1202
1563 #EA 1560 1562
1564 #EA 1076 1202
1565 #EA 1563 1564
1566 #EC 152 0 0
1567 #EA 1437 1436
1568 #EA 1566 1567
1569 #EA 1568 1533
1570 #EA 1539 6
1571 #EA 1100 1490
1572 #EV 14
1573 #EA 1062 1572
1574 #EA 1573 6
1575 #EA 1572 9
1576 #EA 1575 6
1577 #EL #BD 383 1574 1576
1578 #EL #BI 68 0 1577
1579 #EA 1571 1578
1580 #EA 1579 1490
1581 #EA 1580 9
1582 #EA 989 1581
1583 #EA 1582 6
1584 #EA 1076 1490
1585 #EA 1580 1584
1586 #EA 1583 1585
1587 #EA 1151 1490
1588 #EA 1587 1578
1589 #EA 1586 1588
1590 #EA 1488 1572
1591 #EA 1590 20
1592 #EA 1591 9
1593 #EP #BD 41 1589 1592
1594 #EP #BD 395 1570 1593
1595 #EL #BD 394 1567 1594
1596 #EA 1569 1595
1597 #EA 1100 1436
1598 #EA 1062 1488
1599 #EA 1598 6
1600 #EA 1488 9
1601 #EA 1600 6
1602 #EL #BD 383 1599 1601
1603 #EL #BI 68 0 1602
1604 #EA 1597 1603
1605 #EA 1604 1436
1606 #EA 1605 1533
402 #NI 399 91
1607 #EA 989 1541
1608 #EA 1607 6
1609 #EA 1608 1541
1610 #EA 1609 1544
1611 #EA 1566 1585
1612 #EA 1611 1588
1613 #EA 1076 1572
1614 #EA 1590 1613
1615 #EA 1614 6
1616 #EL #BD 395 1585 1615
1617 #EA 1612 1616
1618 #EA 306 432
1619 #EA 1617 1618
1620 #EA 1619 9
1621 #EC 346 0
1622 #EA 1621 1585
1623 #EA 1622 9
1624 #EA 1623 1588
1625 #EC 361 0
1626 #EA 1625 1585
1627 #EA 1626 9
1628 #EA 1627 1588
1629 #EA 1628 6
1630 #EA 1624 1629
1631 #EA 1620 1630
1632 #EL #BD 402 1610 1631
1633 #EL #BD 395 1606 1632
1634 #EA 1596 1633
1635 #EA 1634 20
1636 #EA 1621 1567
1637 #EA 1636 20
1638 #EA 1637 1533
1639 #EA 1625 1567
1640 #EA 1639 20
1641 #EA 1640 1533
1642 #EA 1641 6
1643 #EA 1638 1642
1644 #EA 1635 1643
1645 #EA 1644 9
1646 #EL #BD 401 1565 1645
1647 #EL #BD 395 1557 1646
1648 #EL #BD 394 1555 1647
1649 #EA 1554 1648
1650 #EA 1649 169
1651 #EC 346 1
1652 #EA 1651 0
1653 #EA 1652 169
1654 #EA 1653 709
1655 #EA 1654 6
1656 #EA 1650 1655
1657 #EA 1656 79
1658 #EA 1657 18
1659 #EL #BD 400 1520 1658
1660 #EA 1518 1659
403 #NI 386 84
404 #NI 35 0
405 #NS 404 Init
406 #NS 405 Prelude
407 #NI 406 2965355525
408 #NS 407 _hygCtx
409 #NS 408 _hyg
410 #NI 409 85
411 #NI 320 20
412 #NS 411 Init
413 #NS 412 Prelude
414 #NI 413 2965355525
415 #NS 414 _hygCtx
416 #NS 415 _hyg
417 #NI 416 86
418 #NI 325 0
419 #NS 418 Init
420 #NS 419 Prelude
421 #NI 420 2965355525
422 #NS 421 _hygCtx
423 #NS 422 _hyg
424 #NI 423 87
425 #NI 399 93
1661 #EA 858 709
1662 #EA 1661 964
1663 #EA 80 79
1664 #EA 1522 1663
1665 #EA 1100 1572
1666 #EV 15
1667 #EA 1062 1666
1668 #EA 1667 6
1669 #EA 1666 9
1670 #EA 1669 6
1671 #EL #BD 383 1668 1670
1672 #EL #BI 68 0 1671
1673 #EA 1665 1672
1674 #EA 1673 9
1675 #EA 1674 6
1676 #EA 1667 20
1677 #EA 989 1676
1678 #EA 1677 9
1679 #EA 197 1666
1680 #EA 80 306
1681 #EA 1679 1680
1682 #EA 1678 1681
1683 #EA 1082 1666
1684 #EA 1683 306
1685 #EA 1684 285
1686 #EA 1682 1685
1687 #EV 16
1688 #EA 1100 1687
1689 #EV 17
1690 #EA 1062 1689
1691 #EA 1690 6
1692 #EA 1689 9
1693 #EA 1692 6
1694 #EL #BD 383 1691 1693
1695 #EL #BI 68 0 1694
1696 #EA 1688 1695
1697 #EA 1696 18
1698 #EA 1697 20
1699 #EA 989 1698
1700 #EA 1699 9
1701 #EA 80 709
1702 #EA 1696 1701
1703 #EA 1082 1687
1704 #EA 1703 709
1705 #EA 1704 306
1706 #EA 1702 1705
1707 #EA 1700 1706
1708 #EA 1161 1687
1709 #EA 1708 1695
1710 #EA 1709 709
1711 #EA 1710 306
1712 #EA 1711 285
1713 #EA 1712 169
1714 #EA 1707 1713
1715 #EA 1666 79
1716 #EA 1715 18
1717 #EA 1716 20
1718 #EP #BD 41 1714 1717
1719 #EP #BD 41 1686 1718
1720 #EP #BD 395 1675 1719
1721 #EP #BD 394 1492 1720
1722 #EL #BD 387 0 1721
1723 #EA 1664 1722
1724 #EA 1598 1663
1725 #EA 1579 990
1726 #EA 1725 6
426 #NI 399 94
1727 #EA 80 285
1728 #EA 1573 1727
1729 #EA 989 1728
1730 #EA 1729 9
1731 #EA 197 1572
1732 #EA 1731 1727
1733 #EA 1730 1732
1734 #EA 1082 1572
1735 #EA 1734 285
1736 #EA 1735 169
1737 #EA 1733 1736
1738 #EA 1667 1680
1739 #EA 1566 1738
1740 #EA 1739 1685
1741 #EA 1702 6
1742 #EA 1100 1689
1743 #EV 18
1744 #EA 1062 1743
1745 #EA 1744 6
1746 #EA 1743 9
1747 #EA 1746 6
1748 #EL #BD 383 1745 1747
1749 #EL #BI 68 0 1748
1750 #EA 1742 1749
1751 #EA 80 963
1752 #EA 1750 1751
1753 #EA 1752 9
1754 #EA 989 1753
1755 #EA 1754 6
1756 #EA 1082 1689
1757 #EA 1756 963
1758 #EA 1757 709
1759 #EA 1752 1758
1760 #EA 1755 1759
1761 #EA 1161 1689
1762 #EA 1761 1749
1763 #EA 1762 963
1764 #EA 1763 709
1765 #EA 1764 306
1766 #EA 1765 285
1767 #EA 1760 1766
1768 #EA 80 1202
1769 #EA 1687 1768
1770 #EA 1769 20
1771 #EA 1770 9
1772 #EP #BD 41 1767 1771
1773 #EP #BD 395 1741 1772
1774 #EL #BD 394 1738 1773
1775 #EA 1740 1774
1776 #EA 1100 1666
1777 #EA 1062 1687
1778 #EA 1777 6
1779 #EA 1687 9
1780 #EA 1779 6
1781 #EL #BD 383 1778 1780
1782 #EL #BI 68 0 1781
1783 #EA 1776 1782
1784 #EA 1783 1680
1785 #EA 1784 1685
427 #NI 399 96
1786 #EA 989 1706
1787 #EA 1786 6
1788 #EA 1787 1706
1789 #EA 1788 1713
1790 #EA 1566 1759
1791 #EA 1790 1766
1792 #EA 1082 1743
1793 #EA 1792 1202
1794 #EA 1793 963
1795 #EA 1769 1794
1796 #EA 1795 6
1797 #EL #BD 395 1759 1796
1798 #EA 1791 1797
1799 #EA 1202 963
1800 #EA 1799 709
1801 #EA 1800 306
1802 #EA 1801 285
1803 #EA 1798 1802
1804 #EA 1803 9
1805 #EA 1621 1759
1806 #EA 1805 9
1807 #EA 1806 1766
1808 #EA 1625 1759
1809 #EA 1808 9
1810 #EA 1809 1766
1811 #EA 1810 6
1812 #EA 1807 1811
1813 #EA 1804 1812
1814 #EL #BD 427 1789 1813
1815 #EL #BD 395 1785 1814
1816 #EA 1775 1815
1817 #EA 1816 20
1818 #EA 1621 1738
1819 #EA 1818 20
1820 #EA 1819 1685
1821 #EA 1625 1738
1822 #EA 1821 20
1823 #EA 1822 1685
1824 #EA 1823 6
1825 #EA 1820 1824
1826 #EA 1817 1825
1827 #EA 1826 9
1828 #EL #BD 426 1737 1827
1829 #EL #BD 395 1726 1828
1830 #EL #BD 394 1724 1829
1831 #EA 1723 1830
1832 #EA 1831 963
1833 #EA 1652 963
1834 #EA 1833 1663
1835 #EA 1834 6
1836 #EA 1832 1835
1837 #EA 1836 709
1838 #EA 1837 306
1839 #EL #BD 425 1662 1838
1840 #EL #BD 424 1238 1839
1841 #EL #BD 417 1478 1840
1842 #EL #BD 410 1232 1841
1843 #EL #BI 403 0 1842
1844 #EA 1660 1843
1845 #EA 1013 0
1846 #EA 1845 79
1847 #EA 1844 1846
1848 #EA 1417 79
1849 #EA 1031 1848
1850 #EA 1849 18
1851 #EA 1847 1850
1852 #EA 1100 306
1853 #EA 1852 1468
1854 #EA 1853 79
1855 #EA 1854 18
1856 #EA 1031 1855
1857 #EA 1856 20
1858 #EA 1851 1857
1859 #EL #BD 104 1452 1858
1860 #EL #BD 101 1424 1859
1861 #EL #BD 395 1412 1860
1862 #EL #BD 394 1404 1861
1863 #EL #BD 387 0 1862
1864 #EL #BD 23 1402 1863
1865 #EL #BD 379 1389 1864
1866 #EL #BI 4 0 1865
#DEF 378 1460 1866 
428 #NS 0 outParam
1867 #EP #BD 10 15 15
1868 #EL #BD 10 15 6
#DEF 428 1867 1868 11
429 #NS 0 HAdd
430 #NS 429 mk
11 #US 4
1869 #ES 11
431 #NS 0 γ
432 #NS 0 w
12 #UP 432
13 #US 12
14 #US 13
1870 #EC 428 14
1871 #ES 13
1872 #EA 1870 1871
433 #NS 0 hAdd
1873 #EP #BD 37 20 1289
1874 #EC 429 2 4 12
1875 #EA 1874 18
1876 #EA 1875 20
1877 #EA 1876 9
1878 #EP #BD 433 1873 1877
1879 #EP #BI 431 1872 1878
1880 #EP #BI 18 1869 1879
1881 #EP #BI 10 4 1880
15 #UM 3 11
16 #UM 15 13
1882 #ES 16
1883 #EP #BD 431 1872 1882
1884 #EP #BD 18 1869 1883
1885 #EP #BD 10 4 1884
#IND 3 429 1885 1 430 1881 11 19 432
434 #NS 429 hAdd
1886 #EA 1874 20
1887 #EA 1886 9
1888 #EA 1887 6
1889 #EP #BD 37 18 802
1890 #EP #BC 64 1888 1889
1891 #EP #BI 431 1872 1890
1892 #EP #BI 18 1869 1891
1893 #EP #BI 10 4 1892
1894 #EJ 429 0 6
1895 #EL #BC 64 1888 1894
1896 #EL #BI 431 1872 1895
1897 #EL #BD 18 1869 1896
1898 #EL #BD 10 4 1897
#DEF 434 1893 1898 11 19 432
435 #NS 0 Add
436 #NS 435 mk
437 #NS 0 add
1899 #EP #BD 37 9 20
1900 #EP #BD 37 6 1899
1901 #EC 435 2
1902 #EA 1901 9
1903 #EP #BD 437 1900 1902
1904 #EP #BI 10 4 1903
#IND 1 435 13 1 436 1904 11
438 #NS 435 add
1905 #EA 1901 6
1906 #EP #BD 37 9 472
1907 #EP #BC 64 1905 1906
1908 #EP #BI 10 4 1907
1909 #EJ 435 0 6
1910 #EL #BC 64 1905 1909
1911 #EL #BD 10 4 1910
#DEF 438 1908 1911 11
439 #NS 0 instHAdd
17 #US 8
1912 #ES 17
440 #NS 0 inst
441 #NS 440 _@
442 #NS 441 Init
443 #NS 442 Prelude
444 #NI 443 1910291827
445 #NS 444 _hygCtx
446 #NS 445 _hyg
447 #NI 446 5
1913 #EC 435 8
1914 #EA 1913 6
1915 #EC 429 8 8 8
1916 #EA 1915 9
1917 #EA 1916 9
1918 #EA 1917 9
1919 #EP #BC 447 1914 1918
1920 #EP #BI 10 1912 1919
1921 #EC 430 8 8 8
1922 #EA 1921 9
1923 #EA 1922 9
1924 #EA 1923 9
1925 #EC 438 8
1926 #EA 1925 18
1927 #EA 1926 20
1928 #EA 1927 9
1929 #EA 1928 6
1930 #EL #BD 120 20 1929
1931 #EL #BD 33 9 1930
1932 #EA 1924 1931
1933 #EL #BC 447 1914 1932
1934 #EL #BI 10 1912 1933
#DEF 439 1920 1934 79
448 #NS 1 add
449 #NS 448 match_1
450 #NI 53 2314059840
451 #NS 450 _hygCtx
452 #NI 451 13
453 #NS 452 Init
454 #NS 453 Prelude
455 #NI 454 2314059840
456 #NS 455 _hygCtx
457 #NS 456 _hyg
458 #NI 457 32
459 #NI 451 14
460 #NS 459 Init
461 #NS 460 Prelude
462 #NI 461 2314059840
463 #NS 462 _hygCtx
464 #NS 463 _hyg
465 #NI 464 35
1935 #EA 61 69
1936 #EP #BD 33 0 1935
1937 #EA 502 258
1938 #EP #BD 120 0 1937
1939 #EP #BD 33 0 1938
1940 #EA 859 20
1941 #EP #BD 104 1939 1940
1942 #EP #BD 101 1936 1941
1943 #EP #BD 465 0 1942
1944 #EP #BD 458 0 1943
1945 #EP #BD 23 278 1944
1946 #EA 290 6
1947 #EL #BD 50 0 1946
1948 #EA 298 1947
1949 #EA 1948 20
1950 #EA 1949 808
466 #NI 107 2314059840
467 #NS 466 _hygCtx
468 #NS 467 _hyg
469 #NI 468 62
1951 #EA 9 79
1952 #EA 1951 6
1953 #EL #BD 469 0 1952
1954 #EA 1950 1953
1955 #EL #BD 104 1939 1954
1956 #EL #BD 101 1936 1955
1957 #EL #BD 465 0 1956
1958 #EL #BD 458 0 1957
1959 #EL #BD 23 278 1958
#DEF 449 1945 1959 79
470 #NS 448 _f
471 #NS 451 _hyg
472 #NI 471 14
1960 #EL #BD 472 0 1
1961 #EA 324 1960
1962 #EA 1961 6
1963 #EP #BD 30 1962 1
1964 #EP #BD 472 0 1963
473 #NI 471 13
1965 #EC 449 1
474 #NI 471 65
1966 #EP #BD 474 1962 0
1967 #EL #BD 465 0 1966
1968 #EL #BD 458 0 1967
1969 #EA 1965 1968
1970 #EA 1969 6
1971 #EA 1970 20
1972 #EA 1961 69
1973 #EL #BD 474 1972 9
1974 #EL #BD 33 0 1973
1975 #EA 1971 1974
1976 #EA 1961 258
1977 #EA 350 20
1978 #EA 80 1977
1979 #EL #BD 474 1976 1978
1980 #EL #BD 120 0 1979
1981 #EL #BD 33 0 1980
1982 #EA 1975 1981
1983 #EA 1982 9
1984 #EL #BD 473 0 1983
1985 #EL #BD 30 1962 1984
1986 #EL #BD 472 0 1985
#DEF 470 1964 1986 
1987 #EP #BD 37 0 0
1988 #EP #BD 37 0 1987
1989 #EA 362 1960
1990 #EA 1989 6
1991 #EC 470 
1992 #EA 1990 1991
1993 #EA 1992 9
1994 #EL #BD 472 0 1993
1995 #EL #BD 473 0 1994
#DEF 448 1988 1995 
475 #NS 0 instAddNat
1996 #EC 435 0
1997 #EA 1996 0
1998 #EC 436 0
1999 #EA 1998 0
2000 #EC 448 
2001 #EA 1999 2000
#DEF 475 1997 2001 
476 #NS 1 succ_le_succ
2002 #EA 1062 922
2003 #EA 2002 81
2004 #EP #BD 37 1387 2003
2005 #EP #BI 68 0 2004
2006 #EP #BI 4 0 2005
2007 #EP #BD 383 1404 112
2008 #EP #BI 68 0 2007
2009 #EA 1062 1663
2010 #EA 2009 81
2011 #EL #BD 383 1404 2010
2012 #EL #BI 68 0 2011
2013 #EC 328 
2014 #EA 2013 18
2015 #EL #BD 383 1393 313
2016 #EL #BI 68 0 2015
2017 #EA 2014 2016
2018 #EA 2017 20
2019 #EA 2018 9
2020 #EA 1062 285
2021 #EA 2020 6
2022 #EL #BD 383 2021 1394
2023 #EL #BI 68 0 2022
2024 #EA 1113 2023
2025 #EA 2024 9
2026 #EA 2025 6
2027 #EC 378 
2028 #EA 2027 285
2029 #EA 2028 18
2030 #EL #BD 383 1426 1419
2031 #EL #BI 68 0 2030
2032 #EA 1195 2031
2033 #EA 2032 9
2034 #EA 2033 6
2035 #EA 1062 1751
2036 #EA 2035 922
2037 #EL #BD 395 2034 2036
2038 #EL #BD 394 1418 2037
2039 #EL #BD 387 0 2038
2040 #EA 2029 2039
2041 #EA 2040 20
2042 #EA 2041 9
2043 #EA 2042 6
2044 #EA 1076 1680
2045 #EL #BD 142 396 2044
2046 #EA 2043 2045
2047 #EA 285 20
2048 #EA 2047 9
2049 #EA 1082 1768
2050 #EC 434 0 0 0
2051 #EA 2050 0
2052 #EA 2051 0
2053 #EA 2052 0
2054 #EC 439 0
2055 #EA 2054 0
2056 #EC 475 
2057 #EA 2055 2056
2058 #EA 2053 2057
2059 #EA 2058 18
2060 #EA 904 892
2061 #EA 906 892
2062 #EA 2060 2061
2063 #EA 2059 2062
2064 #EA 2049 2063
2065 #EA 2064 6
2066 #EL #BD 327 2048 2065
2067 #EL #BD 322 2034 2066
2068 #EL #BD 41 1194 2067
2069 #EL #BD 396 0 2068
2070 #EA 2046 2069
2071 #EL #BD 332 2026 2070
2072 #EL #BD 383 1393 2071
2073 #EL #BI 68 0 2072
2074 #EA 2019 2073
2075 #EZ 379 2008 2012 2074
2076 #EL #BD 383 1387 2075
2077 #EL #BI 68 0 2076
2078 #EL #BI 4 0 2077
#DEF 476 2006 2078 
477 #NS 1 le_of_ble_eq_true
478 #NS 477 _f
2079 #EA 1059 0
2080 #EA 2079 1061
2081 #EA 2080 20
2082 #EA 2081 9
2083 #EP #BD 41 899 2082
2084 #EP #BI 68 0 2083
2085 #EL #BI 4 0 2084
2086 #EA 761 2085
2087 #EA 2086 6
2088 #EA 895 20
2089 #EA 2088 6
2090 #EA 516 2089
2091 #EA 2090 340
2092 #EA 2080 18
2093 #EA 2092 9
2094 #EP #BD 41 2091 2093
2095 #EP #BI 68 0 2094
2096 #EP #BD 30 2087 2095
2097 #EP #BI 4 0 2096
2098 #EC 272 
479 #NI 286 75
2099 #EA 2086 20
2100 #EA 2092 20
2101 #EP #BD 479 2099 2100
2102 #EL #BD 41 899 2101
2103 #EL #BD 283 0 2102
2104 #EL #BD 276 0 2103
2105 #EA 2098 2104
2106 #EA 2105 18
2107 #EA 2106 9
2108 #EA 2107 6
2109 #EA 2086 908
2110 #EC 298 
2111 #EA 2110 20
2112 #EL #BD 479 2109 2111
2113 #EL #BD 41 912 2112
2114 #EL #BD 287 0 2113
2115 #EA 2108 2114
2116 #EA 2086 922
2117 #EC 476 
2118 #EA 2117 18
2119 #EA 2118 20
2120 #EA 1977 9
2121 #EA 2119 2120
2122 #EL #BD 479 2116 2121
2123 #EL #BD 41 921 2122
2124 #EL #BD 289 0 2123
2125 #EL #BD 288 0 2124
2126 #EA 2115 2125
2127 #EA 2126 20
2128 #EL #BD 41 2091 2127
2129 #EL #BI 68 0 2128
2130 #EL #BD 30 2087 2129
2131 #EL #BI 4 0 2130
#DEF 478 2097 2131 
2132 #EP #BI 68 0 2083
2133 #EP #BI 4 0 2132
2134 #EA 796 2085
2135 #EA 2134 20
2136 #EC 478 
2137 #EA 2135 2136
2138 #EA 2137 9
2139 #EA 2138 6
2140 #EL #BD 41 899 2139
2141 #EL #BI 68 0 2140
2142 #EL #BI 4 0 2141
#DEF 477 2133 2142 
480 #NS 0 absurd
481 #NS 0 h₂
2143 #EP #BD 481 128 20
2144 #EP #BD 371 9 2143
2145 #EP #BI 120 16 2144
2146 #EP #BI 33 112 2145
2147 #EC 176 4
482 #NI 53 3867523658
483 #NS 482 _hygCtx
484 #NS 483 _hyg
485 #NI 484 13
2148 #EL #BD 485 114 18
2149 #EA 2147 2148
2150 #EA 2149 485
2151 #EL #BD 481 128 2150
2152 #EL #BD 371 9 2151
2153 #EL #BI 120 16 2152
2154 #EL #BI 33 112 2153
#DEF 480 2146 2154 19
486 #NS 270 ble_eq_true_of_le
487 #NS 486 match_1_7
2155 #EA 2080 9
2156 #EA 2155 6
2157 #EP #BD 41 2156 112
2158 #EP #BI 68 0 2157
488 #NI 279 763333041
489 #NS 488 _hygCtx
490 #NS 489 _hyg
491 #NI 490 26
492 #NI 251 763333041
493 #NS 492 _hygCtx
494 #NS 493 _hyg
495 #NI 494 20
2159 #EA 2081 6
2160 #EA 2080 79
2161 #EA 2160 6
2162 #EL #BD 41 2161 1394
2163 #EL #BI 68 0 2162
2164 #EA 1109 2163
2165 #EA 2164 9
2166 #EA 2165 6
2167 #EP #BD 395 2166 112
2168 #EP #BD 495 2159 2167
2169 #EP #BD 491 0 2168
2170 #EA 2092 6
2171 #EA 2080 169
2172 #EA 2171 6
2173 #EL #BD 41 2172 1407
2174 #EL #BI 68 0 2173
2175 #EA 1148 2174
2176 #EA 2175 9
2177 #EA 2176 6
2178 #EA 2080 306
2179 #EA 2178 6
2180 #EL #BD 41 2179 1419
2181 #EL #BI 68 0 2180
2182 #EA 1416 2181
2183 #EA 1415 2182
2184 #EP #BD 142 396 2183
496 #NI 490 46
2185 #EA 2080 963
2186 #EA 2185 6
2187 #EL #BD 41 2186 1428
2188 #EL #BI 68 0 2187
2189 #EA 1195 2188
2190 #EA 2189 9
2191 #EA 2190 6
2192 #EA 2080 1436
2193 #EA 2192 6
2194 #EL #BD 41 2193 1440
2195 #EL #BI 68 0 2194
2196 #EA 1207 2195
2197 #EA 2196 18
2198 #EA 2197 20
2199 #EA 2198 9
2200 #EA 2199 6
2201 #EA 1435 2200
2202 #EP #BD 327 1200 2201
2203 #EP #BD 322 2191 2202
2204 #EP #BD 41 1194 2203
2205 #EP #BD 496 0 2204
2206 #EP #BD 104 2205 929
2207 #EP #BD 101 2184 2206
2208 #EP #BD 395 2177 2207
2209 #EP #BD 495 2170 2208
2210 #EP #BD 491 0 2209
2211 #EP #BD 23 2169 2210
2212 #EP #BD 379 2158 2211
2213 #EP #BI 4 0 2212
2214 #EA 2080 709
2215 #EA 2214 6
2216 #EL #BD 41 2215 1466
2217 #EL #BI 68 0 2216
2218 #EA 1462 2217
2219 #EA 2080 1202
2220 #EA 2219 6
2221 #EL #BD 41 2220 1473
2222 #EL #BI 68 0 2221
2223 #EA 1233 2222
2224 #EA 2223 9
2225 #EA 2224 6
2226 #EA 2192 709
2227 #EA 989 2226
2228 #EA 2227 306
2229 #EA 2228 1485
2230 #EA 2229 20
2231 #EA 2080 1490
2232 #EA 2231 6
2233 #EL #BD 41 2232 1494
2234 #EL #BI 68 0 2233
2235 #EA 1489 2234
2236 #EA 2235 963
2237 #EA 2236 709
2238 #EA 989 2237
2239 #EA 2238 306
2240 #EA 2235 79
2241 #EA 2240 18
2242 #EA 2239 2241
2243 #EA 2242 20
2244 #EP #BD 41 2243 1508
2245 #EP #BD 41 2230 2244
2246 #EP #BD 41 1480 2245
2247 #EL #BD 50 2225 2246
2248 #EL #BD 24 1232 2247
2249 #EL #BI 37 0 2248
2250 #EA 2218 2249
2251 #EA 2250 79
2252 #EA 2251 18
2253 #EA 2252 20
497 #NI 494 74
2254 #EA 1524 2195
2255 #EA 2254 9
2256 #EA 2255 6
2257 #EA 2192 20
2258 #EA 989 2257
2259 #EA 2258 9
2260 #EA 2259 1531
2261 #EA 2260 1533
2262 #EA 2235 18
2263 #EA 2262 20
2264 #EA 989 2263
2265 #EA 2264 9
2266 #EA 2235 1488
2267 #EA 2266 1540
2268 #EA 2265 2267
2269 #EA 1543 2234
2270 #EA 2268 2269
2271 #EP #BD 41 2270 1548
2272 #EP #BD 41 2261 2271
2273 #EP #BD 395 2256 2272
2274 #EP #BD 495 2186 2273
2275 #EL #BD 491 0 2274
2276 #EA 1523 2275
2277 #EA 2214 709
2278 #EA 2223 963
2279 #EA 2278 6
498 #NI 494 75
2280 #EA 2219 1202
2281 #EA 989 2280
2282 #EA 2281 9
2283 #EA 2282 1562
2284 #EA 2283 1564
2285 #EA 2192 1436
2286 #EA 1566 2285
2287 #EA 2286 1533
2288 #EA 2266 6
2289 #EA 2080 1572
2290 #EA 2289 6
2291 #EL #BD 41 2290 1576
2292 #EL #BI 68 0 2291
2293 #EA 1571 2292
2294 #EA 2293 1490
2295 #EA 2294 9
2296 #EA 989 2295
2297 #EA 2296 6
2298 #EA 2294 1584
2299 #EA 2297 2298
2300 #EA 1587 2292
2301 #EA 2299 2300
2302 #EP #BD 41 2301 1592
2303 #EP #BD 395 2288 2302
2304 #EL #BD 495 2285 2303
2305 #EA 2287 2304
2306 #EA 2080 1488
2307 #EA 2306 6
2308 #EL #BD 41 2307 1601
2309 #EL #BI 68 0 2308
2310 #EA 1597 2309
2311 #EA 2310 1436
2312 #EA 2311 1533
499 #NI 494 77
2313 #EA 989 2267
2314 #EA 2313 6
2315 #EA 2314 2267
2316 #EA 2315 2269
2317 #EA 1566 2298
2318 #EA 2317 2300
2319 #EL #BD 395 2298 1615
2320 #EA 2318 2319
2321 #EA 2320 1618
2322 #EA 2321 9
2323 #EA 1621 2298
2324 #EA 2323 9
2325 #EA 2324 2300
2326 #EA 1625 2298
2327 #EA 2326 9
2328 #EA 2327 2300
2329 #EA 2328 6
2330 #EA 2325 2329
2331 #EA 2322 2330
2332 #EL #BD 499 2316 2331
2333 #EL #BD 395 2312 2332
2334 #EA 2305 2333
2335 #EA 2334 20
2336 #EA 1621 2285
2337 #EA 2336 20
2338 #EA 2337 1533
2339 #EA 1625 2285
2340 #EA 2339 20
2341 #EA 2340 1533
2342 #EA 2341 6
2343 #EA 2338 2342
2344 #EA 2335 2343
2345 #EA 2344 9
2346 #EL #BD 498 2284 2345
2347 #EL #BD 395 2279 2346
2348 #EL #BD 495 2277 2347
2349 #EA 2276 2348
2350 #EA 2349 169
2351 #EA 2350 1655
2352 #EA 2351 79
2353 #EA 2352 18
2354 #EL #BD 497 1520 2353
2355 #EA 2253 2354
500 #NI 490 70
501 #NI 406 763333041
502 #NS 501 _hygCtx
503 #NS 502 _hyg
504 #NI 503 71
505 #NI 413 763333041
506 #NS 505 _hygCtx
507 #NS 506 _hyg
508 #NI 507 72
509 #NI 420 763333041
510 #NS 509 _hygCtx
511 #NS 510 _hyg
512 #NI 511 73
513 #NI 494 79
2356 #EA 2080 1666
2357 #EA 2356 6
2358 #EL #BD 41 2357 1670
2359 #EL #BI 68 0 2358
2360 #EA 1665 2359
2361 #EA 2360 9
2362 #EA 2361 6
2363 #EA 2356 20
2364 #EA 989 2363
2365 #EA 2364 9
2366 #EA 2365 1681
2367 #EA 2366 1685
2368 #EA 2080 1689
2369 #EA 2368 6
2370 #EL #BD 41 2369 1693
2371 #EL #BI 68 0 2370
2372 #EA 1688 2371
2373 #EA 2372 18
2374 #EA 2373 20
2375 #EA 989 2374
2376 #EA 2375 9
2377 #EA 2372 1701
2378 #EA 2377 1705
2379 #EA 2376 2378
2380 #EA 1708 2371
2381 #EA 2380 709
2382 #EA 2381 306
2383 #EA 2382 285
2384 #EA 2383 169
2385 #EA 2379 2384
2386 #EP #BD 41 2385 1717
2387 #EP #BD 41 2367 2386
2388 #EP #BD 395 2362 2387
2389 #EP #BD 495 2232 2388
2390 #EL #BD 491 0 2389
2391 #EA 1664 2390
2392 #EA 2306 1663
2393 #EA 2293 990
2394 #EA 2393 6
514 #NI 494 80
2395 #EA 2289 1727
2396 #EA 989 2395
2397 #EA 2396 9
2398 #EA 2397 1732
2399 #EA 2398 1736
2400 #EA 2356 1680
2401 #EA 1566 2400
2402 #EA 2401 1685
2403 #EA 2377 6
2404 #EA 2080 1743
2405 #EA 2404 6
2406 #EL #BD 41 2405 1747
2407 #EL #BI 68 0 2406
2408 #EA 1742 2407
2409 #EA 2408 1751
2410 #EA 2409 9
2411 #EA 989 2410
2412 #EA 2411 6
2413 #EA 2409 1758
2414 #EA 2412 2413
2415 #EA 1761 2407
2416 #EA 2415 963
2417 #EA 2416 709
2418 #EA 2417 306
2419 #EA 2418 285
2420 #EA 2414 2419
2421 #EP #BD 41 2420 1771
2422 #EP #BD 395 2403 2421
2423 #EL #BD 495 2400 2422
2424 #EA 2402 2423
2425 #EA 2080 1687
2426 #EA 2425 6
2427 #EL #BD 41 2426 1780
2428 #EL #BI 68 0 2427
2429 #EA 1776 2428
2430 #EA 2429 1680
2431 #EA 2430 1685
515 #NI 494 82
2432 #EA 989 2378
2433 #EA 2432 6
2434 #EA 2433 2378
2435 #EA 2434 2384
2436 #EA 1566 2413
2437 #EA 2436 2419
2438 #EL #BD 395 2413 1796
2439 #EA 2437 2438
2440 #EA 2439 1802
2441 #EA 2440 9
2442 #EA 1621 2413
2443 #EA 2442 9
2444 #EA 2443 2419
2445 #EA 1625 2413
2446 #EA 2445 9
2447 #EA 2446 2419
2448 #EA 2447 6
2449 #EA 2444 2448
2450 #EA 2441 2449
2451 #EL #BD 515 2435 2450
2452 #EL #BD 395 2431 2451
2453 #EA 2424 2452
2454 #EA 2453 20
2455 #EA 1621 2400
2456 #EA 2455 20
2457 #EA 2456 1685
2458 #EA 1625 2400
2459 #EA 2458 20
2460 #EA 2459 1685
2461 #EA 2460 6
2462 #EA 2457 2461
2463 #EA 2454 2462
2464 #EA 2463 9
2465 #EL #BD 514 2399 2464
2466 #EL #BD 395 2394 2465
2467 #EL #BD 495 2392 2466
2468 #EA 2391 2467
2469 #EA 2468 963
2470 #EA 2469 1835
2471 #EA 2470 709
2472 #EA 2471 306
2473 #EL #BD 513 1662 2472
2474 #EL #BD 512 1238 2473
2475 #EL #BD 508 2225 2474
2476 #EL #BD 504 1232 2475
2477 #EL #BI 500 0 2476
2478 #EA 2355 2477
2479 #EA 2478 1846
2480 #EA 2178 79
2481 #EA 1031 2480
2482 #EA 2481 18
2483 #EA 2479 2482
2484 #EA 1852 2217
2485 #EA 2484 79
2486 #EA 2485 18
2487 #EA 1031 2486
2488 #EA 2487 20
2489 #EA 2483 2488
2490 #EL #BD 104 2205 2489
2491 #EL #BD 101 2184 2490
2492 #EL #BD 395 2177 2491
2493 #EL #BD 495 2170 2492
2494 #EL #BD 491 0 2493
2495 #EL #BD 23 2169 2494
2496 #EL #BD 379 2158 2495
2497 #EL #BI 4 0 2496
#DEF 487 2213 2497 
516 #NS 270 ble_self_eq_true
517 #NS 516 match_1_1
518 #NI 53 3978381971
519 #NS 518 _hygCtx
520 #NI 519 11
521 #NS 520 Init
522 #NS 521 Prelude
523 #NI 522 3978381971
524 #NS 523 _hygCtx
525 #NS 524 _hyg
526 #NI 525 22
2498 #EA 20 908
2499 #EP #BD 142 396 2498
2500 #EP #BD 101 2499 261
2501 #EP #BD 526 0 2500
2502 #EP #BD 23 208 2501
2503 #EL #BD 101 2499 757
2504 #EL #BD 526 0 2503
2505 #EL #BD 23 208 2504
#DEF 517 2502 2505 
527 #NS 1 ble_self_eq_true
528 #NS 527 _f
529 #NS 519 _hyg
530 #NI 529 11
2506 #EA 936 6
2507 #EA 516 2506
2508 #EA 2507 340
2509 #EL #BD 530 0 2508
2510 #EA 761 2509
2511 #EA 2510 6
2512 #EA 896 9
2513 #EA 516 2512
2514 #EA 2513 340
2515 #EP #BD 30 2511 2514
2516 #EP #BD 530 0 2515
2517 #EC 517 
2518 #EL #BD 526 0 2515
2519 #EA 2517 2518
2520 #EA 2519 9
531 #NI 529 37
2521 #EA 2510 908
2522 #EA 909 908
2523 #EA 564 2522
2524 #EL #BD 531 2521 2523
2525 #EL #BD 142 396 2524
2526 #EA 2520 2525
2527 #EA 2510 258
2528 #EL #BD 531 2527 350
2529 #EL #BD 4 0 2528
2530 #EA 2526 2529
2531 #EA 2530 6
2532 #EL #BD 30 2511 2531
2533 #EL #BD 530 0 2532
#DEF 528 2516 2533 
2534 #EP #BD 4 0 2508
2535 #EA 796 2509
2536 #EA 2535 6
2537 #EC 528 
2538 #EA 2536 2537
2539 #EL #BD 530 0 2538
#DEF 527 2534 2539 
532 #NS 270 ble_succ_eq_true
533 #NS 532 match_1_1
#DEF 533 935 1058 
534 #NS 1 ble_succ_eq_true
535 #NS 534 _f
536 #NI 53 3170508661
537 #NS 536 _hygCtx
538 #NS 537 _hyg
539 #NI 538 23
540 #NI 538 24
541 #NI 538 25
2540 #EA 2088 81
2541 #EA 516 2540
2542 #EA 2541 340
2543 #EP #BD 541 899 2542
2544 #EP #BD 540 0 2543
2545 #EL #BD 539 0 2544
2546 #EA 761 2545
2547 #EA 2546 6
2548 #EA 895 18
2549 #EA 2548 81
2550 #EA 516 2549
2551 #EA 2550 340
2552 #EP #BD 541 2091 2551
2553 #EP #BD 540 0 2552
2554 #EP #BD 30 2547 2553
2555 #EP #BD 539 0 2554
2556 #EC 533 
542 #NI 537 23
543 #NS 542 Init
544 #NS 543 Prelude
545 #NI 544 3170508661
546 #NS 545 _hygCtx
547 #NS 546 _hyg
548 #NI 547 50
549 #NI 537 24
550 #NS 549 Init
551 #NS 550 Prelude
552 #NI 551 3170508661
553 #NS 552 _hygCtx
554 #NS 553 _hyg
555 #NI 554 53
556 #NI 537 25
557 #NS 556 Init
558 #NS 557 Prelude
559 #NI 558 3170508661
560 #NS 559 _hygCtx
561 #NS 560 _hyg
562 #NI 561 56
563 #NI 538 99
2557 #EA 2546 20
2558 #EA 2548 922
2559 #EA 516 2558
2560 #EA 2559 340
2561 #EP #BD 563 2557 2560
2562 #EL #BD 562 899 2561
2563 #EL #BD 555 0 2562
2564 #EL #BD 548 0 2563
2565 #EA 2556 2564
2566 #EA 2565 18
2567 #EA 2566 9
2568 #EA 2567 6
564 #NI 538 66
565 #NI 538 65
2569 #EA 2546 908
2570 #EA 909 922
2571 #EA 564 2570
2572 #EL #BD 563 2569 2571
2573 #EL #BD 565 912 2572
2574 #EL #BD 564 0 2573
2575 #EA 2568 2574
566 #NI 107 3170508661
567 #NS 566 _hygCtx
568 #NS 567 _hyg
569 #NI 568 82
2576 #EA 2546 922
2577 #EL #BD 563 2576 2120
2578 #EL #BD 41 921 2577
2579 #EL #BD 569 0 2578
2580 #EL #BD 4 0 2579
2581 #EA 2575 2580
2582 #EA 2581 20
2583 #EL #BD 541 2091 2582
2584 #EL #BD 540 0 2583
2585 #EL #BD 30 2547 2584
2586 #EL #BD 539 0 2585
#DEF 535 2555 2586 
2587 #EP #BI 4 0 2544
2588 #EA 796 2545
2589 #EA 2588 20
2590 #EC 535 
2591 #EA 2589 2590
2592 #EA 2591 9
2593 #EA 2592 6
2594 #EL #BD 541 899 2593
2595 #EL #BD 540 0 2594
2596 #EL #BD 539 0 2595
#DEF 534 2587 2596 
570 #NS 1 ble_eq_true_of_le
2597 #EA 2088 9
2598 #EA 516 2597
2599 #EA 2598 340
2600 #EP #BD 41 2156 2599
2601 #EP #BI 68 0 2600
2602 #EP #BI 4 0 2601
2603 #EP #BD 41 2170 112
2604 #EP #BI 68 0 2603
2605 #EA 895 79
2606 #EA 2605 9
2607 #EA 516 2606
2608 #EA 2607 340
2609 #EL #BD 41 2170 2608
2610 #EL #BI 68 0 2609
2611 #EL #BD 41 2161 313
2612 #EL #BI 68 0 2611
2613 #EA 2014 2612
2614 #EA 2613 20
2615 #EA 2614 9
2616 #EA 2080 285
2617 #EA 2616 6
2618 #EL #BD 41 2617 1394
2619 #EL #BI 68 0 2618
2620 #EA 1113 2619
2621 #EA 2620 9
2622 #EA 2621 6
2623 #EC 487 
2624 #EA 2623 285
2625 #EA 2624 18
2626 #EL #BD 41 2186 1419
2627 #EL #BI 68 0 2626
2628 #EA 1195 2627
2629 #EA 2628 9
2630 #EA 2629 6
2631 #EA 895 963
2632 #EA 2631 20
2633 #EA 516 2632
2634 #EA 2633 340
2635 #EL #BD 395 2630 2634
2636 #EL #BD 495 2179 2635
2637 #EL #BD 491 0 2636
2638 #EA 2625 2637
2639 #EA 2638 20
2640 #EA 2639 9
2641 #EA 2640 6
2642 #EC 527 
2643 #EA 2642 306
2644 #EL #BD 142 396 2643
2645 #EA 2641 2644
2646 #EC 534 
2647 #EA 2646 1202
2648 #EA 2647 18
2649 #EA 2648 6
2650 #EL #BD 327 2048 2649
2651 #EL #BD 322 2630 2650
2652 #EL #BD 41 1194 2651
2653 #EL #BD 496 0 2652
2654 #EA 2645 2653
2655 #EL #BD 332 2622 2654
2656 #EL #BD 41 2161 2655
2657 #EL #BI 68 0 2656
2658 #EA 2615 2657
2659 #EZ 379 2604 2610 2658
2660 #EL #BD 41 2156 2659
2661 #EL #BI 68 0 2660
2662 #EL #BI 4 0 2661
#DEF 570 2602 2662 
571 #NS 1 not_le_of_not_ble_eq_true
2663 #EA 117 899
2664 #EA 117 2082
2665 #EP #BD 41 2663 2664
2666 #EP #BI 68 0 2665
2667 #EP #BI 4 0 2666
572 #NS 0 h'
2668 #EC 480 0
2669 #EA 2548 20
2670 #EA 516 2669
2671 #EA 2670 340
2672 #EA 2668 2671
2673 #EA 2672 114
2674 #EC 570 
2675 #EA 2674 18
2676 #EA 2675 20
2677 #EA 2676 6
2678 #EA 2673 2677
2679 #EA 2678 9
2680 #EL #BD 572 2082 2679
2681 #EL #BD 41 2663 2680
2682 #EL #BI 68 0 2681
2683 #EL #BI 4 0 2682
#DEF 571 2667 2683 
573 #NS 1 decLe
2684 #EA 119 2156
2685 #EP #BD 68 0 2684
2686 #EP #BD 4 0 2685
2687 #EC 76 1
2688 #EA 2687 2684
2689 #EA 2688 899
2690 #EC 164 
2691 #EA 2690 897
2692 #EA 2691 340
2693 #EA 2689 2692
2694 #EA 134 2082
2695 #EC 477 
2696 #EA 2695 20
2697 #EA 2696 9
2698 #EA 2697 6
2699 #EA 2694 2698
2700 #EL #BD 41 899 2699
2701 #EA 2693 2700
2702 #EA 129 2082
2703 #EC 571 
2704 #EA 2703 20
2705 #EA 2704 9
2706 #EA 2705 6
2707 #EA 2702 2706
2708 #EL #BD 41 2663 2707
2709 #EA 2701 2708
2710 #EL #BD 68 0 2709
2711 #EL #BD 4 0 2710
#DEF 573 2686 2711 
574 #NS 1 decLt
2712 #EC 63 0
2713 #EA 2712 0
2714 #EC 70 
2715 #EA 2713 2714
2716 #EA 2715 9
2717 #EA 2716 6
2718 #EA 119 2717
2719 #EP #BD 68 0 2718
2720 #EP #BD 4 0 2719
2721 #EC 573 
2722 #EA 2721 81
2723 #EA 2722 6
2724 #EL #BD 68 0 2723
2725 #EL #BD 4 0 2724
#DEF 574 2720 2725 
575 #NS 0 Prosa
576 #NS 575 Util
577 #NS 576 SearchArg
578 #NS 577 search_arg
579 #NS 578 match_3
2726 #EP #BD 23 277 2501
580 #NS 135 Prosa
581 #NS 580 Util
582 #NS 581 SearchArg
583 #NI 582 1194379719
584 #NS 583 _hygCtx
585 #NS 584 _hyg
586 #NI 585 33
2727 #EA 298 751
2728 #EA 2727 20
2729 #EA 2728 443
2730 #EA 2729 755
2731 #EL #BD 104 260 2730
2732 #EL #BD 101 2499 2731
2733 #EL #BD 586 0 2732
2734 #EL #BD 23 277 2733
#DEF 579 2726 2734 79
587 #NS 8 casesOn
2735 #EP #BD 24 7 249
588 #NS 0 none
2736 #EC 9 2
2737 #EA 2736 20
2738 #EA 9 2737
589 #NS 0 some
2739 #EC 12 2
2740 #EA 2739 79
2741 #EA 2740 6
2742 #EA 18 2741
2743 #EP #BD 13 18 2742
2744 #EP #BD 589 2743 139
2745 #EP #BD 588 2738 2744
2746 #EP #BD 24 10 2745
2747 #EP #BI 23 2735 2746
2748 #EP #BI 10 4 2747
590 #NS 8 rec
2749 #EC 590 8 2
2750 #EA 2749 79
2751 #EA 2750 18
2752 #EA 2751 9
2753 #EA 2752 153
2754 #EA 2753 20
2755 #EL #BD 589 2743 2754
2756 #EL #BD 588 2738 2755
2757 #EL #BD 24 10 2756
2758 #EL #BI 23 2735 2757
2759 #EL #BI 10 4 2758
#DEF 587 2748 2759 79 11
591 #NS 578 match_1
592 #NS 51 Prosa
593 #NS 592 Util
594 #NS 593 SearchArg
595 #NI 594 1194379719
596 #NS 595 _hygCtx
597 #NS 596 _hyg
598 #NI 597 55
2760 #EC 8 0
2761 #EA 2760 0
2762 #EP #BD 598 2761 249
2763 #EC 9 0
2764 #EA 2763 0
2765 #EA 20 2764
2766 #EP #BD 142 396 2765
2767 #EC 12 0
2768 #EA 2767 0
2769 #EA 2768 6
2770 #EA 18 2769
2771 #EP #BD 50 0 2770
2772 #EP #BD 104 2771 139
2773 #EP #BD 101 2766 2772
2774 #EP #BD 598 2761 2773
2775 #EP #BD 23 2762 2774
2776 #EC 587 8 0
2777 #EA 2776 0
2778 #EL #BD 50 2761 268
2779 #EA 2777 2778
2780 #EA 2779 20
2781 #EA 2780 443
2782 #EA 2781 755
2783 #EL #BD 104 2771 2782
2784 #EL #BD 101 2766 2783
2785 #EL #BD 598 2761 2784
2786 #EL #BD 23 2762 2785
#DEF 591 2775 2786 79
599 #NS 5 and
600 #NS 599 match_1
601 #NI 53 2579035302
602 #NS 601 _hygCtx
603 #NS 602 _hyg
604 #NI 603 8
2787 #EA 20 345
2788 #EP #BD 142 396 2787
2789 #EA 18 340
2790 #EP #BD 142 396 2789
2791 #EP #BD 104 2790 139
2792 #EP #BD 101 2788 2791
2793 #EP #BD 604 3 2792
2794 #EP #BD 23 398 2793
2795 #EL #BD 50 3 268
2796 #EA 421 2795
2797 #EA 2796 20
2798 #EA 2797 443
2799 #EA 2798 445
2800 #EL #BD 104 2790 2799
2801 #EL #BD 101 2788 2800
2802 #EL #BD 604 3 2801
2803 #EL #BD 23 398 2802
#DEF 600 2794 2803 79
605 #NS 0 y
2804 #EP #BD 605 3 3
2805 #EP #BD 50 3 2804
2806 #EC 600 1
2807 #EL #BD 604 3 3
2808 #EA 2806 2807
2809 #EA 2808 9
2810 #EL #BD 142 396 345
2811 #EA 2809 2810
2812 #EL #BD 142 396 9
2813 #EA 2811 2812
2814 #EL #BD 605 3 2813
2815 #EL #BD 50 3 2814
#DEF 599 2805 2815 
606 #NS 578 _f
607 #NS 0 T
2816 #EP #BD 37 0 9
2817 #EP #BD 37 9 3
608 #NS 0 R
2818 #EP #BD 37 18 3
2819 #EP #BD 37 20 2818
2820 #EL #BD 120 0 2761
2821 #EA 324 2820
2822 #EA 2821 6
2823 #EP #BD 30 2822 2761
2824 #EP #BD 120 0 2823
2825 #EP #BD 33 0 2824
2826 #EP #BD 608 2819 2825
2827 #EP #BD 146 2817 2826
2828 #EP #BD 30 2816 2827
2829 #EP #BI 607 1912 2828
2830 #EC 47 1
2831 #EA 2830 2761
2832 #EA 2712 0
2833 #EA 2832 2714
2834 #EA 2833 20
2835 #EA 2834 9
2836 #EA 2831 2835
2837 #EC 574 
2838 #EA 2837 20
2839 #EA 2838 9
2840 #EA 2836 2839
2841 #EC 579 1
2842 #EL #BD 586 0 2823
2843 #EA 2841 2842
2844 #EA 2843 9
609 #NI 597 112
2845 #EA 2821 908
2846 #EL #BD 609 2845 2764
2847 #EL #BD 142 396 2846
2848 #EA 2844 2847
610 #NS 0 b'
2849 #EA 2821 258
2850 #EC 591 1
2851 #EL #BD 598 2761 2761
2852 #EA 2850 2851
2853 #EA 2852 350
2854 #EA 306 1199
2855 #EA 516 2854
2856 #EA 2855 340
2857 #EA 2831 2856
2858 #EA 2690 2854
2859 #EA 2858 340
2860 #EA 2857 2859
2861 #EA 2768 20
2862 #EA 2860 2861
2863 #EA 2862 2764
2864 #EL #BD 142 396 2863
2865 #EA 2853 2864
2866 #EC 599 
2867 #EA 2866 2854
2868 #EA 285 1199
2869 #EA 709 6
2870 #EA 2868 2869
2871 #EA 2867 2870
2872 #EA 516 2871
2873 #EA 2872 340
2874 #EA 2831 2873
2875 #EA 2690 2871
2876 #EA 2875 340
2877 #EA 2874 2876
2878 #EA 2877 2861
2879 #EA 2878 2769
2880 #EL #BD 50 0 2879
2881 #EA 2865 2880
2882 #EL #BD 609 2849 2881
2883 #EL #BD 610 0 2882
2884 #EA 2848 2883
2885 #EA 2884 6
2886 #EA 2840 2885
2887 #EA 2886 2764
2888 #EL #BD 30 2822 2887
2889 #EL #BD 120 0 2888
2890 #EL #BD 33 0 2889
2891 #EL #BD 608 2819 2890
2892 #EL #BD 146 2817 2891
2893 #EL #BD 30 2816 2892
2894 #EL #BI 607 1912 2893
#DEF 606 2829 2894 79
2895 #EP #BD 120 0 2761
2896 #EP #BD 33 0 2895
2897 #EP #BD 608 2819 2896
2898 #EP #BD 146 2817 2897
2899 #EP #BD 30 2816 2898
2900 #EP #BI 607 1912 2899
2901 #EA 362 2820
2902 #EA 2901 6
2903 #EC 606 8
2904 #EA 2903 169
2905 #EA 2904 79
2906 #EA 2905 18
2907 #EA 2906 20
2908 #EA 2907 9
2909 #EA 2902 2908
2910 #EL #BD 120 0 2909
2911 #EL #BD 33 0 2910
2912 #EL #BD 608 2819 2911
2913 #EL #BD 146 2817 2912
2914 #EL #BD 30 2816 2913
2915 #EL #BI 607 1912 2914
#DEF 578 2900 2915 79
611 #NS 578 eq_1
2916 #EA 515 2761
2917 #EC 578 8
2918 #EA 2917 79
2919 #EA 2918 18
2920 #EA 2919 20
2921 #EA 2920 9
2922 #EA 2921 6
2923 #EA 2922 908
2924 #EA 2916 2923
2925 #EA 2833 6
2926 #EA 2925 908
2927 #EA 2831 2926
2928 #EA 2837 6
2929 #EA 2928 908
2930 #EA 2927 2929
2931 #EA 2930 2764
2932 #EA 2931 2764
2933 #EA 2924 2932
2934 #EP #BD 33 0 2933
2935 #EP #BD 608 2819 2934
2936 #EP #BD 146 2817 2935
2937 #EP #BD 30 2816 2936
2938 #EP #BI 607 1912 2937
2939 #EA 1013 2761
2940 #EA 2939 2923
2941 #EL #BD 33 0 2940
2942 #EL #BD 608 2819 2941
2943 #EL #BD 146 2817 2942
2944 #EL #BD 30 2816 2943
2945 #EL #BI 607 1912 2944
#DEF 611 2938 2945 79
612 #NS 578 eq_2
2946 #EA 2917 169
2947 #EA 2946 79
2948 #EA 2947 18
2949 #EA 2948 20
2950 #EA 2949 9
2951 #EA 2950 258
2952 #EA 2916 2951
2953 #EA 2833 9
2954 #EA 2953 258
2955 #EA 2831 2954
2956 #EA 2837 9
2957 #EA 2956 258
2958 #EA 2955 2957
2959 #EA 2950 6
2960 #EA 2852 2959
2961 #EA 79 502
2962 #EA 516 2961
2963 #EA 2962 340
2964 #EA 2831 2963
2965 #EA 2690 2961
2966 #EA 2965 340
2967 #EA 2964 2966
2968 #EA 2768 9
2969 #EA 2967 2968
2970 #EA 2969 2764
2971 #EL #BD 142 396 2970
2972 #EA 2960 2971
2973 #EA 2866 2961
2974 #EA 18 502
2975 #EA 169 6
2976 #EA 2974 2975
2977 #EA 2973 2976
2978 #EA 516 2977
2979 #EA 2978 340
2980 #EA 2831 2979
2981 #EA 2690 2977
2982 #EA 2981 340
2983 #EA 2980 2982
2984 #EA 2983 2968
2985 #EA 2984 2769
2986 #EL #BD 50 0 2985
2987 #EA 2972 2986
2988 #EA 2958 2987
2989 #EA 2988 2764
2990 #EA 2952 2989
2991 #EP #BD 610 0 2990
2992 #EP #BD 33 0 2991
2993 #EP #BD 608 2819 2992
2994 #EP #BD 146 2817 2993
2995 #EP #BD 30 2816 2994
2996 #EP #BI 607 1912 2995
2997 #EA 2939 2951
2998 #EL #BD 610 0 2997
2999 #EL #BD 33 0 2998
3000 #EL #BD 608 2819 2999
3001 #EL #BD 146 2817 3000
3002 #EL #BD 30 2816 3001
3003 #EL #BI 607 1912 3002
#DEF 612 2996 3003 79
