line 9: Nat
Nat is predeclared
line 12: False
False is predeclared
line 24: Not
line 40: Decidable
line 57: DecidablePred
line 72: Exists
line 72: Exists.(field).h
line 72: Exists.(field).w
line 84: Subtype
line 84: Subtype.(field).property
line 84: Subtype.(field).val
line 96: Subtype.val
line 110: And
And is predeclared
line 123: LT
line 123: LT.(field).lt
line 133: LT.lt
line 153: Nat.le
Nat_le is predeclared
line 159: Nat.lt
line 167: instLTNat
line 167: LT_inst1.(field).lt0
line 190: Acc
Acc is predeclared (standard Acc wrapper)
line 205: WellFounded
WellFounded is predeclared (standard well_founded wrapper)
line 278: WellFounded.fixF
line 317: WellFounded.apply
WellFounded_apply is predeclared
line 352: WellFounded.fix
line 365: Eq
Eq is predeclared
line 369: outParam
line 399: HAdd
line 399: HAdd.(field).hAdd
line 415: HAdd.hAdd
line 425: Add
line 425: Add.(field).add
line 435: Add.add
line 469: instHAdd
line 473: PUnit
line 489: PProd
line 489: PProd.(field).snd
line 489: PProd.(field).fst
line 513: Nat.below
line 565: Nat.brecOn.go
line 577: Nat.brecOn
line 601: Nat.casesOn
line 661: Nat.add.match_1
line 696: Nat.add._f
line 707: Nat.add
Nat_add is predeclared
line 715: instAddNat
line 715: Add_inst1.(field).add0
line 731: OfNat
line 731: OfNat.(field).ofNat
line 742: OfNat.ofNat
line 753: instOfNatNat
line 753: OfNat_inst1.(field).ofNat0
line 761: LE
line 761: LE.(field).le
line 769: LE.le
line 776: instLENat
line 776: LE_inst1.(field).le0
line 823: _private.Mathlib.Data.Nat.Find0.Nat.lbp
line 823: HAdd_inst7.(field).hAdd0
line 859: Exists.casesOn
line 917: _private.Mathlib.Data.Nat.Find0.Nat.wf_lbp.match_3
line 931: Nat.recOn
line 965: And.casesOn
line 1002: Eq.casesOn
line 1015: HEq
line 1058: Eq.ndrec
line 1071: rfl
line 1114: Eq.symm
line 1143: cast
line 1238: eq_of_heq
line 1485: _private.Mathlib.Data.Nat.Find0.Nat.wf_lbp.match_1
Eq_inst1 is predeclared
line 1506: absurd
line 1540: Eq.mpr
line 1546: id
line 1595: congrArg
line 1689: _private.Init.Data.Nat.Basic0.Nat.add_assoc.match_1_1
line 1773: Nat.add_assoc._f
line 1773: PProd_inst1.(field).snd0
line 1773: PProd_inst1.(field).fst0
line 1791: Nat.add_assoc
line 1829: _private.Init.Data.Nat.Basic0.Nat.add_comm.match_1_1
line 1832: Unit
line 1836: Unit.unit
line 1866: _private.Init.Data.Nat.Basic0.Nat.zero_add.match_1_1
line 1907: Nat.zero_add._f
line 1914: Nat.zero_add
line 1917: _private.Init.Data.Nat.Basic0.Nat.succ_add.match_1_1
line 1999: Nat.succ_add._f
line 2013: Nat.succ_add
line 2106: Nat.add_comm._f
line 2118: Nat.add_comm
line 2194: Nat.add_right_comm
line 2197: _private.Init.Data.Nat.Basic0.Nat.le_add_right.match_1_1
line 2204: Nat.le_refl
line 2220: Nat.le_succ_of_le
line 2283: Nat.le_add_right._f
line 2294: Nat.le_add_right
line 2327: Nat.le_add_left
line 2493: _private.Mathlib.Data.Nat.Find0.Nat.wf_lbp
Failed with
(fun (p : Nat -> SProp) (H : Exists Nat (fun n : Nat => p n)) =>
 Lean_WellFounded_intro Nat (_private_Mathlib_Data_Nat_Find0_Nat_lbp p)
   (_private_Mathlib_Data_Nat_Find0_Nat_wf_lbp_match_3 p
      (fun _ : Exists Nat (fun n : Nat => p n) =>
       forall a : Nat,
       Lean_Acc Nat (_private_Mathlib_Data_Nat_Find0_Nat_lbp p) a)
      H
      (fun (n : Nat) (pn : p n) =>
       let this :
         forall m k : Nat,
         LE_le_inst1 Nat instLENat n
           (HAdd_hAdd_inst7 Nat Nat Nat (instHAdd_inst1 Nat instAddNat) k m) ->
         Lean_Acc Nat (_private_Mathlib_Data_Nat_Find0_Nat_lbp p) k :=
         fun m : Nat =>
         Nat_recOn_inst1
           (fun
              x____at___Mathlib_Data_Nat_Find2471714299__hygCtx__hyg74 : Nat =>
            forall k : Nat,
            LE_le_inst1 Nat instLENat n
              (HAdd_hAdd_inst7 Nat Nat Nat (instHAdd_inst1 Nat instAddNat) k
                 x____at___Mathlib_Data_Nat_Find2471714299__hygCtx__hyg74) ->
            Lean_Acc Nat (_private_Mathlib_Data_Nat_Find0_Nat_lbp p) k)
           m
           (fun
              (x____at___Mathlib_Data_Nat_Find2471714299__hygCtx__hyg91 : Nat)
              (kn : LE_le_inst1 Nat instLENat n
                      (HAdd_hAdd_inst7 Nat Nat Nat
                         (instHAdd_inst1 Nat instAddNat)
                         x____at___Mathlib_Data_Nat_Find2471714299__hygCtx__hyg91
                         0)) =>
            Lean_Acc_intro Nat (_private_Mathlib_Data_Nat_Find0_Nat_lbp p)
              x____at___Mathlib_Data_Nat_Find2471714299__hygCtx__hyg91
              (fun (y : Nat)
                 (r : _private_Mathlib_Data_Nat_Find0_Nat_lbp p y
                        x____at___Mathlib_Data_Nat_Find2471714299__hygCtx__hyg91) =>
               _private_Mathlib_Data_Nat_Find0_Nat_wf_lbp_match_1 p
                 x____at___Mathlib_Data_Nat_Find2471714299__hygCtx__hyg91
                 (fun
                    (y____at___Mathlib_Data_Nat_Find2471714299__hygCtx__hyg105 : Nat)
                    (_ : _private_Mathlib_Data_Nat_Find0_Nat_lbp p
                           y____at___Mathlib_Data_Nat_Find2471714299__hygCtx__hyg105
                           x____at___Mathlib_Data_Nat_Find2471714299__hygCtx__hyg91) =>
                  Lean_Acc Nat (_private_Mathlib_Data_Nat_Find0_Nat_lbp p)
                    y____at___Mathlib_Data_Nat_Find2471714299__hygCtx__hyg105)
                 y r
                 (fun
                    a : forall k : Nat,
                        LE_le_inst1 Nat instLENat k
                          x____at___Mathlib_Data_Nat_Find2471714299__hygCtx__hyg91 ->
                        Not (p k) =>
                  Lean_absurd_prop (p n)
                    (Lean_Acc Nat (_private_Mathlib_Data_Nat_Find0_Nat_lbp p)
                       (HAdd_hAdd_inst7 Nat Nat Nat
                          (instHAdd_inst1 Nat instAddNat)
                          x____at___Mathlib_Data_Nat_Find2471714299__hygCtx__hyg91
                          (OfNat_ofNat_inst1 Nat 1 (instOfNatNat 1))))
                    pn (a n kn))))
           (fun (m0 : Nat)
              (IH : forall k : Nat,
                    LE_le_inst1 Nat instLENat n
                      (HAdd_hAdd_inst7 Nat Nat Nat
                         (instHAdd_inst1 Nat instAddNat) k m0) ->
                    Lean_Acc Nat (_private_Mathlib_Data_Nat_Find0_Nat_lbp p)
                      k)
              (k : Nat)
              (kn : LE_le_inst1 Nat instLENat n
                      (HAdd_hAdd_inst7 Nat Nat Nat
                         (instHAdd_inst1 Nat instAddNat) k 
                         (Nat_succ m0))) =>
            Lean_Acc_intro Nat (_private_Mathlib_Data_Nat_Find0_Nat_lbp p) k
              (fun (y : Nat)
                 (r : _private_Mathlib_Data_Nat_Find0_Nat_lbp p y k) =>
               _private_Mathlib_Data_Nat_Find0_Nat_wf_lbp_match_1 p k
                 (fun
                    (y____at___Mathlib_Data_Nat_Find2471714299__hygCtx__hyg151 : Nat)
                    (_ : _private_Mathlib_Data_Nat_Find0_Nat_lbp p
                           y____at___Mathlib_Data_Nat_Find2471714299__hygCtx__hyg151
                           k) =>
                  Lean_Acc Nat (_private_Mathlib_Data_Nat_Find0_Nat_lbp p)
                    y____at___Mathlib_Data_Nat_Find2471714299__hygCtx__hyg151)
                 y r
                 (fun
                    _ : forall k0 : Nat,
                        LE_le_inst1 Nat instLENat k0 k -> Not (p k0) =>
                  IH
                    (HAdd_hAdd_inst7 Nat Nat Nat
                       (instHAdd_inst1 Nat instAddNat) k
                       (OfNat_ofNat_inst1 Nat 1 (instOfNatNat 1)))
                    (Eq_mpr_inst1
                       (LE_le_inst1 Nat instLENat n
                          (HAdd_hAdd_inst7 Nat Nat Nat
                             (instHAdd_inst1 Nat instAddNat)
                             (HAdd_hAdd_inst7 Nat Nat Nat
                                (instHAdd_inst1 Nat instAddNat) k
                                (OfNat_ofNat_inst1 Nat 1 (instOfNatNat 1)))
                             m0))
                       (LE_le_inst1 Nat instLENat n
                          (HAdd_hAdd_inst7 Nat Nat Nat
                             (instHAdd_inst1 Nat instAddNat)
                             (HAdd_hAdd_inst7 Nat Nat Nat
                                (instHAdd_inst1 Nat instAddNat) k m0)
                             (OfNat_ofNat_inst1 Nat 1 (instOfNatNat 1))))
                       (id_inst1
                          (eq
                             (LE_le_inst1 Nat instLENat n
                                (HAdd_hAdd_inst7 Nat Nat Nat
                                   (instHAdd_inst1 Nat instAddNat)
                                   (HAdd_hAdd_inst7 Nat Nat Nat
                                      (instHAdd_inst1 Nat instAddNat) k
                                      (OfNat_ofNat_inst1 Nat 1
                                         (instOfNatNat 1)))
                                   m0))
                             (LE_le_inst1 Nat instLENat n
                                (HAdd_hAdd_inst7 Nat Nat Nat
                                   (instHAdd_inst1 Nat instAddNat)
                                   (HAdd_hAdd_inst7 Nat Nat Nat
                                      (instHAdd_inst1 Nat instAddNat) k m0)
                                   (OfNat_ofNat_inst1 Nat 1 (instOfNatNat 1)))))
                          (congrArg Nat SProp
                             (HAdd_hAdd_inst7 Nat Nat Nat
                                (instHAdd_inst1 Nat instAddNat)
                                (HAdd_hAdd_inst7 Nat Nat Nat
                                   (instHAdd_inst1 Nat instAddNat) k
                                   (OfNat_ofNat_inst1 Nat 1 (instOfNatNat 1)))
                                m0)
                             (HAdd_hAdd_inst7 Nat Nat Nat
                                (instHAdd_inst1 Nat instAddNat)
                                (HAdd_hAdd_inst7 Nat Nat Nat
                                   (instHAdd_inst1 Nat instAddNat) k m0)
                                (OfNat_ofNat_inst1 Nat 1 (instOfNatNat 1)))
                             (fun _a : Nat => LE_le_inst1 Nat instLENat n _a)
                             (Nat_add_right_comm k
                                (OfNat_ofNat_inst1 Nat 1 (instOfNatNat 1)) m0)))
                       kn))))
         in
       fun x____at___Mathlib_Data_Nat_Find2471714299__hygCtx__hyg77 : Nat =>
       this n x____at___Mathlib_Data_Nat_Find2471714299__hygCtx__hyg77
         (Nat_le_add_left n
            x____at___Mathlib_Data_Nat_Find2471714299__hygCtx__hyg77))))
: (forall p : Nat -> SProp,
   Exists Nat (fun n : Nat => p n) ->
   Lean_WellFounded Nat (_private_Mathlib_Data_Nat_Find0_Nat_lbp p))


Done!
- 80 entries (147 possible instances).
- 18 universe expressions
- 518 names
- 1878 expression nodes
Max universe instance length 3.
0 inductives have non syntactically arity types.
File "./ImportedNatFind.v", line 3, characters 0-26:
Error:
Error at line 2493 (for _private.Mathlib.Data.Nat.Find0.Nat.wf_lbp): #DEF 179 1724 1877 
Illegal application: 
The term "_private_Mathlib_Data_Nat_Find0_Nat_wf_lbp_match_1" of type
 "forall (p : Nat -> SProp)
    (x____at___Mathlib_Data_Nat_Find2471714299__hygCtx__hyg91 : Nat)
    (motive : forall
                y____at___Mathlib_Data_Nat_Find2471714299__hygCtx__hyg105 : Nat,
              _private_Mathlib_Data_Nat_Find0_Nat_lbp p
                y____at___Mathlib_Data_Nat_Find2471714299__hygCtx__hyg105
                x____at___Mathlib_Data_Nat_Find2471714299__hygCtx__hyg91 ->
              SProp)
    (y____at___Mathlib_Data_Nat_Find2471714299__hygCtx__hyg105 : Nat)
    (r____at___Mathlib_Data_Nat_Find2471714299__hygCtx__hyg107 : 
     _private_Mathlib_Data_Nat_Find0_Nat_lbp p
       y____at___Mathlib_Data_Nat_Find2471714299__hygCtx__hyg105
       x____at___Mathlib_Data_Nat_Find2471714299__hygCtx__hyg91),
  (forall
     a : forall k : Nat,
         LE_le_inst1 Nat instLENat k
           x____at___Mathlib_Data_Nat_Find2471714299__hygCtx__hyg91 ->
         Not (p k),
   motive
     (HAdd_hAdd_inst7 Nat Nat Nat (instHAdd_inst1 Nat instAddNat)
        x____at___Mathlib_Data_Nat_Find2471714299__hygCtx__hyg91
        (OfNat_ofNat_inst1 Nat 1 (instOfNatNat 1)))
     {|
       left :=
         eq_refl
           (HAdd_hAdd_inst7 Nat Nat Nat (instHAdd_inst1 Nat instAddNat)
              x____at___Mathlib_Data_Nat_Find2471714299__hygCtx__hyg91
              (OfNat_ofNat_inst1 Nat 1 (instOfNatNat 1)));
       right := a
     |}) ->
  motive y____at___Mathlib_Data_Nat_Find2471714299__hygCtx__hyg105
    r____at___Mathlib_Data_Nat_Find2471714299__hygCtx__hyg107"
cannot be applied to the terms
 "p" : "Nat -> SProp"
 "x____at___Mathlib_Data_Nat_Find2471714299__hygCtx__hyg91" : "Nat"
 "fun (y____at___Mathlib_Data_Nat_Find2471714299__hygCtx__hyg105 : Nat)
    (_ : _private_Mathlib_Data_Nat_Find0_Nat_lbp p
           y____at___Mathlib_Data_Nat_Find2471714299__hygCtx__hyg105
           x____at___Mathlib_Data_Nat_Find2471714299__hygCtx__hyg91) =>
  Lean_Acc Nat (_private_Mathlib_Data_Nat_Find0_Nat_lbp p)
    y____at___Mathlib_Data_Nat_Find2471714299__hygCtx__hyg105"
   : "forall y____at___Mathlib_Data_Nat_Find2471714299__hygCtx__hyg105 : Nat,
      _private_Mathlib_Data_Nat_Find0_Nat_lbp p
        y____at___Mathlib_Data_Nat_Find2471714299__hygCtx__hyg105
        x____at___Mathlib_Data_Nat_Find2471714299__hygCtx__hyg91 ->
      Prop"
 "y" : "Nat"
 "r"
   : "_private_Mathlib_Data_Nat_Find0_Nat_lbp p y
        x____at___Mathlib_Data_Nat_Find2471714299__hygCtx__hyg91"
 "fun
    a : forall k : Nat,
        LE_le_inst1 Nat instLENat k
          x____at___Mathlib_Data_Nat_Find2471714299__hygCtx__hyg91 ->
        Not (p k) =>
  Lean_absurd_prop (p n)
    (Lean_Acc Nat (_private_Mathlib_Data_Nat_Find0_Nat_lbp p)
       (HAdd_hAdd_inst7 Nat Nat Nat (instHAdd_inst1 Nat instAddNat)
          x____at___Mathlib_Data_Nat_Find2471714299__hygCtx__hyg91
          (OfNat_ofNat_inst1 Nat 1 (instOfNatNat 1))))
    pn (a n kn)"
   : "(forall k : Nat,
       LE_le_inst1 Nat instLENat k
         x____at___Mathlib_Data_Nat_Find2471714299__hygCtx__hyg91 ->
       Not (p k)) ->
      Lean_Acc Nat (_private_Mathlib_Data_Nat_Find0_Nat_lbp p)
        (HAdd_hAdd_inst7 Nat Nat Nat (instHAdd_inst1 Nat instAddNat)
           x____at___Mathlib_Data_Nat_Find2471714299__hygCtx__hyg91
           (OfNat_ofNat_inst1 Nat 1 (instOfNatNat 1)))"
The 3rd term has type
 "forall y____at___Mathlib_Data_Nat_Find2471714299__hygCtx__hyg105 : Nat,
  _private_Mathlib_Data_Nat_Find0_Nat_lbp p
    y____at___Mathlib_Data_Nat_Find2471714299__hygCtx__hyg105
    x____at___Mathlib_Data_Nat_Find2471714299__hygCtx__hyg91 ->
  Prop"
which should be a subtype of
 "forall y____at___Mathlib_Data_Nat_Find2471714299__hygCtx__hyg105 : Nat,
  _private_Mathlib_Data_Nat_Find0_Nat_lbp p
    y____at___Mathlib_Data_Nat_Find2471714299__hygCtx__hyg105
    x____at___Mathlib_Data_Nat_Find2471714299__hygCtx__hyg91 ->
  SProp".

